01-23 17:56:41.261   684   684 V robin   : postComposition
01-23 17:56:41.304 23862 23936 D AVRecorderActivity: onPreviewFrame() called with: data = [[B@d8cc092], width = [640], height = [480]
01-23 17:56:41.304 23862 23936 D CameraRender: onPreviewFrame() called with: data = [[B@d8cc092], width = [640], height = [480]
01-23 17:56:41.304 23862 23936 E ByteFlow: MediaRecorderContext::GetContext
01-23 17:56:41.304 23862 23936 E ByteFlow: MediaRecorderContext::UpdateFrame format=4, width=640, height=480, pData=0x6d2257e040
01-23 17:56:41.304 23862 23936 E ByteFlow: GLCameraRender::RenderVideoFrame pImage=0x6d25d395e0
01-23 17:56:41.304 23862 23936 E ByteFlow: NativeImageUtil::CopyNativeImage src[w,h,format]=[640, 480, 4], dst[w,h,format]=[640, 480, 4]
01-23 17:56:41.304 23862 23936 E ByteFlow: NativeImageUtil::CopyNativeImage src[line0,line1,line2]=[640, 320, 320], dst[line0,line1,line2]=[640, 320, 320]
01-23 17:56:41.304 23862 23935 D CameraRender: onDrawFrame() called with: gl = [com.google.android.gles_jni.GLImpl@e9afb1]
01-23 17:56:41.305 23862 23935 E ByteFlow: MediaRecorderContext::GetContext
01-23 17:56:41.305 23862 23935 E ByteFlow: GLCameraRender::OnDrawFrame [w, h]=[640, 480], format=4
01-23 17:56:41.305 23862 23935 E ByteFlow: GLCameraRender::UpdateExtTexture
01-23 17:56:41.305 23862 23935 E ByteFlow: GLCameraRender::UpdateMVPMatrix rotate 90,4.71,0.00000,0.00000,1.00000,1.00000,
01-23 17:56:41.306 23862 23935 E ByteFlow: GLCameraRender::GetRenderFrameFromFBO m_RenderFrameCallback=0x6cc8deef04
01-23 17:56:41.307 23862 23935 E ByteFlow: MediaRecorderContext::OnGLRenderFrame ctx=0x6d949951f0, pImage=0x6d25e43a90
01-23 17:56:41.309   684   684 V robin   : handlePageFlip
01-23 17:56:41.309   684   684 V robin   : performSetActiveConfig
01-23 17:56:41.311   684   684 V robin   : postComposition
01-23 17:56:41.363 23862 23936 D AVRecorderActivity: onPreviewFrame() called with: data = [[B@a86aa63], width = [640], height = [480]
01-23 17:56:41.363 23862 23936 D CameraRender: onPreviewFrame() called with: data = [[B@a86aa63], width = [640], height = [480]
01-23 17:56:41.363 23862 23936 E ByteFlow: MediaRecorderContext::GetContext
01-23 17:56:41.363 23862 23936 E ByteFlow: MediaRecorderContext::UpdateFrame format=4, width=640, height=480, pData=0x6d2257e040
01-23 17:56:41.363 23862 23936 E ByteFlow: GLCameraRender::RenderVideoFrame pImage=0x6d25d395e0
01-23 17:56:41.363 23862 23936 E ByteFlow: NativeImageUtil::CopyNativeImage src[w,h,format]=[640, 480, 4], dst[w,h,format]=[640, 480, 4]
01-23 17:56:41.363 23862 23936 E ByteFlow: NativeImageUtil::CopyNativeImage src[line0,line1,line2]=[640, 320, 320], dst[line0,line1,line2]=[640, 320, 320]
01-23 17:56:41.363 23862 23935 D CameraRender: onDrawFrame() called with: gl = [com.google.android.gles_jni.GLImpl@e9afb1]
01-23 17:56:41.363 23862 23935 E ByteFlow: MediaRecorderContext::GetContext
01-23 17:56:41.364 23862 23935 E ByteFlow: GLCameraRender::OnDrawFrame [w, h]=[640, 480], format=4
01-23 17:56:41.364 23862 23935 E ByteFlow: GLCameraRender::UpdateExtTexture
01-23 17:56:41.364 23862 23935 E ByteFlow: GLCameraRender::UpdateMVPMatrix rotate 90,4.71,0.00000,0.00000,1.00000,1.00000,
01-23 17:56:41.364 23862 23935 E ByteFlow: GLCameraRender::GetRenderFrameFromFBO m_RenderFrameCallback=0x6cc8deef04
01-23 17:56:41.366 23862 23935 E ByteFlow: MediaRecorderContext::OnGLRenderFrame ctx=0x6d949951f0, pImage=0x6d25e43a90
01-23 17:56:41.375   684   684 V robin   : handlePageFlip
01-23 17:56:41.376   684   684 V robin   : performSetActiveConfig
01-23 17:56:41.377   684   684 V robin   : postComposition
01-23 17:56:41.421 23862 23936 D AVRecorderActivity: onPreviewFrame() called with: data = [[B@ed2e660], width = [640], height = [480]
01-23 17:56:41.421 23862 23936 D CameraRender: onPreviewFrame() called with: data = [[B@ed2e660], width = [640], height = [480]
01-23 17:56:41.421 23862 23936 E ByteFlow: MediaRecorderContext::GetContext
01-23 17:56:41.421 23862 23936 E ByteFlow: MediaRecorderContext::UpdateFrame format=4, width=640, height=480, pData=0x6d2257e040
01-23 17:56:41.421 23862 23936 E ByteFlow: GLCameraRender::RenderVideoFrame pImage=0x6d25d395e0
01-23 17:56:41.421 23862 23936 E ByteFlow: NativeImageUtil::CopyNativeImage src[w,h,format]=[640, 480, 4], dst[w,h,format]=[640, 480, 4]
01-23 17:56:41.421 23862 23936 E ByteFlow: NativeImageUtil::CopyNativeImage src[line0,line1,line2]=[640, 320, 320], dst[line0,line1,line2]=[640, 320, 320]
01-23 17:56:41.421 23862 23935 D CameraRender: onDrawFrame() called with: gl = [com.google.android.gles_jni.GLImpl@e9afb1]
01-23 17:56:41.421 23862 23935 E ByteFlow: MediaRecorderContext::GetContext
01-23 17:56:41.422 23862 23935 E ByteFlow: GLCameraRender::OnDrawFrame [w, h]=[640, 480], format=4
01-23 17:56:41.422 23862 23935 E ByteFlow: GLCameraRender::UpdateExtTexture
01-23 17:56:41.422 23862 23935 E ByteFlow: GLCameraRender::UpdateMVPMatrix rotate 90,4.71,0.00000,0.00000,1.00000,1.00000,
01-23 17:56:41.422 23862 23935 E ByteFlow: GLCameraRender::GetRenderFrameFromFBO m_RenderFrameCallback=0x6cc8deef04
01-23 17:56:41.424 23862 23935 E ByteFlow: MediaRecorderContext::OnGLRenderFrame ctx=0x6d949951f0, pImage=0x6d25e43a90
01-23 17:56:41.425   684   684 V robin   : handlePageFlip
01-23 17:56:41.426   684   684 V robin   : performSetActiveConfig
01-23 17:56:41.427   684   684 V robin   : postComposition
01-23 17:56:41.479 23862 23936 D AVRecorderActivity: onPreviewFrame() called with: data = [[B@3d8719], width = [640], height = [480]
01-23 17:56:41.479 23862 23936 D CameraRender: onPreviewFrame() called with: data = [[B@3d8719], width = [640], height = [480]
01-23 17:56:41.479 23862 23936 E ByteFlow: MediaRecorderContext::GetContext
01-23 17:56:41.479 23862 23936 E ByteFlow: MediaRecorderContext::UpdateFrame format=4, width=640, height=480, pData=0x6d2257e040
01-23 17:56:41.479 23862 23936 E ByteFlow: GLCameraRender::RenderVideoFrame pImage=0x6d25d395e0
01-23 17:56:41.479 23862 23936 E ByteFlow: NativeImageUtil::CopyNativeImage src[w,h,format]=[640, 480, 4], dst[w,h,format]=[640, 480, 4]
01-23 17:56:41.479 23862 23936 E ByteFlow: NativeImageUtil::CopyNativeImage src[line0,line1,line2]=[640, 320, 320], dst[line0,line1,line2]=[640, 320, 320]
01-23 17:56:41.479 23862 23935 D CameraRender: onDrawFrame() called with: gl = [com.google.android.gles_jni.GLImpl@e9afb1]
01-23 17:56:41.479 23862 23935 E ByteFlow: MediaRecorderContext::GetContext
01-23 17:56:41.479 23862 23935 E ByteFlow: GLCameraRender::OnDrawFrame [w, h]=[640, 480], format=4
01-23 17:56:41.479 23862 23935 E ByteFlow: GLCameraRender::UpdateExtTexture
01-23 17:56:41.480 23862 23935 E ByteFlow: GLCameraRender::UpdateMVPMatrix rotate 90,4.71,0.00000,0.00000,1.00000,1.00000,
01-23 17:56:41.480 23862 23935 E ByteFlow: GLCameraRender::GetRenderFrameFromFBO m_RenderFrameCallback=0x6cc8deef04
01-23 17:56:41.481 23862 23935 E ByteFlow: MediaRecorderContext::OnGLRenderFrame ctx=0x6d949951f0, pImage=0x6d25e43a90
01-23 17:56:41.492   684   684 V robin   : handlePageFlip
01-23 17:56:41.492   684   684 V robin   : performSetActiveConfig
01-23 17:56:41.494   684   684 V robin   : postComposition
01-23 17:56:41.117     0     0 I event_handler: reclaimed all bufs
01-23 17:56:41.120 23960 23960 I afe_close: port_id = 0x4003
01-23 17:56:41.538 23862 23936 D AVRecorderActivity: onPreviewFrame() called with: data = [[B@fb253de], width = [640], height = [480]
01-23 17:56:41.538 23862 23936 D CameraRender: onPreviewFrame() called with: data = [[B@fb253de], width = [640], height = [480]
01-23 17:56:41.538 23862 23936 E ByteFlow: MediaRecorderContext::GetContext
01-23 17:56:41.538 23862 23936 E ByteFlow: MediaRecorderContext::UpdateFrame format=4, width=640, height=480, pData=0x6d2257e040
01-23 17:56:41.538 23862 23936 E ByteFlow: GLCameraRender::RenderVideoFrame pImage=0x6d25d395e0
01-23 17:56:41.538 23862 23936 E ByteFlow: NativeImageUtil::CopyNativeImage src[w,h,format]=[640, 480, 4], dst[w,h,format]=[640, 480, 4]
01-23 17:56:41.538 23862 23936 E ByteFlow: NativeImageUtil::CopyNativeImage src[line0,line1,line2]=[640, 320, 320], dst[line0,line1,line2]=[640, 320, 320]
01-23 17:56:41.539 23862 23935 D CameraRender: onDrawFrame() called with: gl = [com.google.android.gles_jni.GLImpl@e9afb1]
01-23 17:56:41.539 23862 23935 E ByteFlow: MediaRecorderContext::GetContext
01-23 17:56:41.539 23862 23935 E ByteFlow: GLCameraRender::OnDrawFrame [w, h]=[640, 480], format=4
01-23 17:56:41.539 23862 23935 E ByteFlow: GLCameraRender::UpdateExtTexture
01-23 17:56:41.539 23862 23935 E ByteFlow: GLCameraRender::UpdateMVPMatrix rotate 90,4.71,0.00000,0.00000,1.00000,1.00000,
01-23 17:56:41.539 23862 23935 E ByteFlow: GLCameraRender::GetRenderFrameFromFBO m_RenderFrameCallback=0x6cc8deef04
01-23 17:56:41.541 23862 23935 E ByteFlow: MediaRecorderContext::OnGLRenderFrame ctx=0x6d949951f0, pImage=0x6d25e43a90
01-23 17:56:41.542   684   684 V robin   : handlePageFlip
01-23 17:56:41.542   684   684 V robin   : performSetActiveConfig
01-23 17:56:41.544   684   684 V robin   : postComposition
01-23 17:56:41.598 23862 23936 D AVRecorderActivity: onPreviewFrame() called with: data = [[B@2f89bf], width = [640], height = [480]
01-23 17:56:41.598 23862 23936 D CameraRender: onPreviewFrame() called with: data = [[B@2f89bf], width = [640], height = [480]
01-23 17:56:41.598 23862 23936 E ByteFlow: MediaRecorderContext::GetContext
01-23 17:56:41.598 23862 23936 E ByteFlow: MediaRecorderContext::UpdateFrame format=4, width=640, height=480, pData=0x6d2257e040
01-23 17:56:41.598 23862 23936 E ByteFlow: GLCameraRender::RenderVideoFrame pImage=0x6d25d395e0
01-23 17:56:41.598 23862 23936 E ByteFlow: NativeImageUtil::CopyNativeImage src[w,h,format]=[640, 480, 4], dst[w,h,format]=[640, 480, 4]
01-23 17:56:41.598 23862 23936 E ByteFlow: NativeImageUtil::CopyNativeImage src[line0,line1,line2]=[640, 320, 320], dst[line0,line1,line2]=[640, 320, 320]
01-23 17:56:41.599 23862 23935 D CameraRender: onDrawFrame() called with: gl = [com.google.android.gles_jni.GLImpl@e9afb1]
01-23 17:56:41.599 23862 23935 E ByteFlow: MediaRecorderContext::GetContext
01-23 17:56:41.599 23862 23935 E ByteFlow: GLCameraRender::OnDrawFrame [w, h]=[640, 480], format=4
01-23 17:56:41.599 23862 23935 E ByteFlow: GLCameraRender::UpdateExtTexture
01-23 17:56:41.599 23862 23935 E ByteFlow: GLCameraRender::UpdateMVPMatrix rotate 90,4.71,0.00000,0.00000,1.00000,1.00000,
01-23 17:56:41.600 23862 23935 E ByteFlow: GLCameraRender::GetRenderFrameFromFBO m_RenderFrameCallback=0x6cc8deef04
01-23 17:56:41.602 23862 23935 E ByteFlow: MediaRecorderContext::OnGLRenderFrame ctx=0x6d949951f0, pImage=0x6d25e43a90
01-23 17:56:41.609   684   684 V robin   : handlePageFlip
01-23 17:56:41.609   684   684 V robin   : performSetActiveConfig
01-23 17:56:41.611   684   684 V robin   : postComposition
01-23 17:56:41.659 23862 23936 D AVRecorderActivity: onPreviewFrame() called with: data = [[B@8f0088c], width = [640], height = [480]
01-23 17:56:41.659 23862 23936 D CameraRender: onPreviewFrame() called with: data = [[B@8f0088c], width = [640], height = [480]
01-23 17:56:41.659 23862 23936 E ByteFlow: MediaRecorderContext::GetContext
01-23 17:56:41.659 23862 23936 E ByteFlow: MediaRecorderContext::UpdateFrame format=4, width=640, height=480, pData=0x6d2257e040
01-23 17:56:41.659 23862 23936 E ByteFlow: GLCameraRender::RenderVideoFrame pImage=0x6d25d395e0
01-23 17:56:41.659 23862 23936 E ByteFlow: NativeImageUtil::CopyNativeImage src[w,h,format]=[640, 480, 4], dst[w,h,format]=[640, 480, 4]
01-23 17:56:41.659 23862 23936 E ByteFlow: NativeImageUtil::CopyNativeImage src[line0,line1,line2]=[640, 320, 320], dst[line0,line1,line2]=[640, 320, 320]
01-23 17:56:41.659 23862 23935 D CameraRender: onDrawFrame() called with: gl = [com.google.android.gles_jni.GLImpl@e9afb1]
01-23 17:56:41.659 23862 23935 E ByteFlow: MediaRecorderContext::GetContext
01-23 17:56:41.660 23862 23935 E ByteFlow: GLCameraRender::OnDrawFrame [w, h]=[640, 480], format=4
01-23 17:56:41.660 23862 23935 E ByteFlow: GLCameraRender::UpdateExtTexture
01-23 17:56:41.660 23862 23935 E ByteFlow: GLCameraRender::UpdateMVPMatrix rotate 90,4.71,0.00000,0.00000,1.00000,1.00000,
01-23 17:56:41.660 23862 23935 E ByteFlow: GLCameraRender::GetRenderFrameFromFBO m_RenderFrameCallback=0x6cc8deef04
01-23 17:56:41.662 23862 23935 E ByteFlow: MediaRecorderContext::OnGLRenderFrame ctx=0x6d949951f0, pImage=0x6d25e43a90
01-23 17:56:41.676   684   684 V robin   : handlePageFlip
01-23 17:56:41.676   684   684 V robin   : performSetActiveConfig
01-23 17:56:41.679   684   684 V robin   : postComposition
01-23 17:56:41.713 23862 23936 D AVRecorderActivity: onPreviewFrame() called with: data = [[B@9167bd5], width = [640], height = [480]
01-23 17:56:41.713 23862 23936 D CameraRender: onPreviewFrame() called with: data = [[B@9167bd5], width = [640], height = [480]
01-23 17:56:41.713 23862 23936 E ByteFlow: MediaRecorderContext::GetContext
01-23 17:56:41.714 23862 23936 E ByteFlow: MediaRecorderContext::UpdateFrame format=4, width=640, height=480, pData=0x6d2257e040
01-23 17:56:41.714 23862 23936 E ByteFlow: GLCameraRender::RenderVideoFrame pImage=0x6d25d395e0
01-23 17:56:41.714 23862 23936 E ByteFlow: NativeImageUtil::CopyNativeImage src[w,h,format]=[640, 480, 4], dst[w,h,format]=[640, 480, 4]
01-23 17:56:41.714 23862 23936 E ByteFlow: NativeImageUtil::CopyNativeImage src[line0,line1,line2]=[640, 320, 320], dst[line0,line1,line2]=[640, 320, 320]
01-23 17:56:41.714 23862 23935 D CameraRender: onDrawFrame() called with: gl = [com.google.android.gles_jni.GLImpl@e9afb1]
01-23 17:56:41.714 23862 23935 E ByteFlow: MediaRecorderContext::GetContext
01-23 17:56:41.714 23862 23935 E ByteFlow: GLCameraRender::OnDrawFrame [w, h]=[640, 480], format=4
01-23 17:56:41.714 23862 23935 E ByteFlow: GLCameraRender::UpdateExtTexture
01-23 17:56:41.715 23862 23935 E ByteFlow: GLCameraRender::UpdateMVPMatrix rotate 90,4.71,0.00000,0.00000,1.00000,1.00000,
01-23 17:56:41.715 23862 23935 E ByteFlow: GLCameraRender::GetRenderFrameFromFBO m_RenderFrameCallback=0x6cc8deef04
01-23 17:56:41.717 23862 23935 E ByteFlow: MediaRecorderContext::OnGLRenderFrame ctx=0x6d949951f0, pImage=0x6d25e43a90
01-23 17:56:41.725   684   684 V robin   : handlePageFlip
01-23 17:56:41.726   684   684 V robin   : performSetActiveConfig
01-23 17:56:41.728   684   684 V robin   : postComposition
01-23 17:56:41.773 23862 23936 D AVRecorderActivity: onPreviewFrame() called with: data = [[B@40bcfea], width = [640], height = [480]
01-23 17:56:41.773 23862 23936 D CameraRender: onPreviewFrame() called with: data = [[B@40bcfea], width = [640], height = [480]
01-23 17:56:41.773 23862 23936 E ByteFlow: MediaRecorderContext::GetContext
01-23 17:56:41.773 23862 23936 E ByteFlow: MediaRecorderContext::UpdateFrame format=4, width=640, height=480, pData=0x6d2257e040
01-23 17:56:41.773 23862 23936 E ByteFlow: GLCameraRender::RenderVideoFrame pImage=0x6d25d395e0
01-23 17:56:41.773 23862 23936 E ByteFlow: NativeImageUtil::CopyNativeImage src[w,h,format]=[640, 480, 4], dst[w,h,format]=[640, 480, 4]
01-23 17:56:41.773 23862 23936 E ByteFlow: NativeImageUtil::CopyNativeImage src[line0,line1,line2]=[640, 320, 320], dst[line0,line1,line2]=[640, 320, 320]
01-23 17:56:41.773 23862 23935 D CameraRender: onDrawFrame() called with: gl = [com.google.android.gles_jni.GLImpl@e9afb1]
01-23 17:56:41.773 23862 23935 E ByteFlow: MediaRecorderContext::GetContext
01-23 17:56:41.774 23862 23935 E ByteFlow: GLCameraRender::OnDrawFrame [w, h]=[640, 480], format=4
01-23 17:56:41.774 23862 23935 E ByteFlow: GLCameraRender::UpdateExtTexture
01-23 17:56:41.774 23862 23935 E ByteFlow: GLCameraRender::UpdateMVPMatrix rotate 90,4.71,0.00000,0.00000,1.00000,1.00000,
01-23 17:56:41.774 23862 23935 E ByteFlow: GLCameraRender::GetRenderFrameFromFBO m_RenderFrameCallback=0x6cc8deef04
01-23 17:56:41.776 23862 23935 E ByteFlow: MediaRecorderContext::OnGLRenderFrame ctx=0x6d949951f0, pImage=0x6d25e43a90
01-23 17:56:41.793   684   684 V robin   : handlePageFlip
01-23 17:56:41.793   684   684 V robin   : performSetActiveConfig
01-23 17:56:41.795   684   684 V robin   : postComposition
01-23 17:56:41.829 23862 23936 D AVRecorderActivity: onPreviewFrame() called with: data = [[B@b5d02db], width = [640], height = [480]
01-23 17:56:41.829 23862 23936 D CameraRender: onPreviewFrame() called with: data = [[B@b5d02db], width = [640], height = [480]
01-23 17:56:41.829 23862 23936 E ByteFlow: MediaRecorderContext::GetContext
01-23 17:56:41.829 23862 23936 E ByteFlow: MediaRecorderContext::UpdateFrame format=4, width=640, height=480, pData=0x6d2257e040
01-23 17:56:41.829 23862 23936 E ByteFlow: GLCameraRender::RenderVideoFrame pImage=0x6d25d395e0
01-23 17:56:41.829 23862 23936 E ByteFlow: NativeImageUtil::CopyNativeImage src[w,h,format]=[640, 480, 4], dst[w,h,format]=[640, 480, 4]
01-23 17:56:41.829 23862 23936 E ByteFlow: NativeImageUtil::CopyNativeImage src[line0,line1,line2]=[640, 320, 320], dst[line0,line1,line2]=[640, 320, 320]
01-23 17:56:41.830 23862 23935 D CameraRender: onDrawFrame() called with: gl = [com.google.android.gles_jni.GLImpl@e9afb1]
01-23 17:56:41.830 23862 23935 E ByteFlow: MediaRecorderContext::GetContext
01-23 17:56:41.830 23862 23935 E ByteFlow: GLCameraRender::OnDrawFrame [w, h]=[640, 480], format=4
01-23 17:56:41.830 23862 23935 E ByteFlow: GLCameraRender::UpdateExtTexture
01-23 17:56:41.830 23862 23935 E ByteFlow: GLCameraRender::UpdateMVPMatrix rotate 90,4.71,0.00000,0.00000,1.00000,1.00000,
01-23 17:56:41.831 23862 23935 E ByteFlow: GLCameraRender::GetRenderFrameFromFBO m_RenderFrameCallback=0x6cc8deef04
01-23 17:56:41.833 23862 23935 E ByteFlow: MediaRecorderContext::OnGLRenderFrame ctx=0x6d949951f0, pImage=0x6d25e43a90
01-23 17:56:41.842   684   684 V robin   : handlePageFlip
01-23 17:56:41.843   684   684 V robin   : performSetActiveConfig
01-23 17:56:41.844   684   684 V robin   : postComposition
01-23 17:56:41.476  1046  1046 I CPU4    : update max cpu_capacity 729
01-23 17:56:41.894 23862 23936 D AVRecorderActivity: onPreviewFrame() called with: data = [[B@ddb2178], width = [640], height = [480]
01-23 17:56:41.894 23862 23936 D CameraRender: onPreviewFrame() called with: data = [[B@ddb2178], width = [640], height = [480]
01-23 17:56:41.894 23862 23936 E ByteFlow: MediaRecorderContext::GetContext
01-23 17:56:41.894 23862 23936 E ByteFlow: MediaRecorderContext::UpdateFrame format=4, width=640, height=480, pData=0x6d2257e040
01-23 17:56:41.894 23862 23936 E ByteFlow: GLCameraRender::RenderVideoFrame pImage=0x6d25d395e0
01-23 17:56:41.894 23862 23936 E ByteFlow: NativeImageUtil::CopyNativeImage src[w,h,format]=[640, 480, 4], dst[w,h,format]=[640, 480, 4]
01-23 17:56:41.894 23862 23936 E ByteFlow: NativeImageUtil::CopyNativeImage src[line0,line1,line2]=[640, 320, 320], dst[line0,line1,line2]=[640, 320, 320]
01-23 17:56:41.895 23862 23935 D CameraRender: onDrawFrame() called with: gl = [com.google.android.gles_jni.GLImpl@e9afb1]
01-23 17:56:41.895 23862 23935 E ByteFlow: MediaRecorderContext::GetContext
01-23 17:56:41.896 23862 23935 E ByteFlow: GLCameraRender::OnDrawFrame [w, h]=[640, 480], format=4
01-23 17:56:41.896 23862 23935 E ByteFlow: GLCameraRender::UpdateExtTexture
01-23 17:56:41.896 23862 23935 E ByteFlow: GLCameraRender::UpdateMVPMatrix rotate 90,4.71,0.00000,0.00000,1.00000,1.00000,
01-23 17:56:41.897 23862 23935 E ByteFlow: GLCameraRender::GetRenderFrameFromFBO m_RenderFrameCallback=0x6cc8deef04
01-23 17:56:41.899 23862 23935 E ByteFlow: MediaRecorderContext::OnGLRenderFrame ctx=0x6d949951f0, pImage=0x6d25e43a90
01-23 17:56:41.909   684   684 V robin   : handlePageFlip
01-23 17:56:41.910   684   684 V robin   : performSetActiveConfig
01-23 17:56:41.913   684   684 V robin   : postComposition
01-23 17:56:41.951 23862 23936 D AVRecorderActivity: onPreviewFrame() called with: data = [[B@5500051], width = [640], height = [480]
01-23 17:56:41.951 23862 23936 D CameraRender: onPreviewFrame() called with: data = [[B@5500051], width = [640], height = [480]
01-23 17:56:41.952 23862 23936 E ByteFlow: MediaRecorderContext::GetContext
01-23 17:56:41.952 23862 23936 E ByteFlow: MediaRecorderContext::UpdateFrame format=4, width=640, height=480, pData=0x6d2257e040
01-23 17:56:41.952 23862 23936 E ByteFlow: GLCameraRender::RenderVideoFrame pImage=0x6d25d395e0
01-23 17:56:41.952 23862 23936 E ByteFlow: NativeImageUtil::CopyNativeImage src[w,h,format]=[640, 480, 4], dst[w,h,format]=[640, 480, 4]
01-23 17:56:41.952 23862 23936 E ByteFlow: NativeImageUtil::CopyNativeImage src[line0,line1,line2]=[640, 320, 320], dst[line0,line1,line2]=[640, 320, 320]
01-23 17:56:41.952 23862 23935 D CameraRender: onDrawFrame() called with: gl = [com.google.android.gles_jni.GLImpl@e9afb1]
01-23 17:56:41.952 23862 23935 E ByteFlow: MediaRecorderContext::GetContext
01-23 17:56:41.953 23862 23935 E ByteFlow: GLCameraRender::OnDrawFrame [w, h]=[640, 480], format=4
01-23 17:56:41.953 23862 23935 E ByteFlow: GLCameraRender::UpdateExtTexture
01-23 17:56:41.953 23862 23935 E ByteFlow: GLCameraRender::UpdateMVPMatrix rotate 90,4.71,0.00000,0.00000,1.00000,1.00000,
01-23 17:56:41.953 23862 23935 E ByteFlow: GLCameraRender::GetRenderFrameFromFBO m_RenderFrameCallback=0x6cc8deef04
01-23 17:56:41.955 23862 23935 E ByteFlow: MediaRecorderContext::OnGLRenderFrame ctx=0x6d949951f0, pImage=0x6d25e43a90
01-23 17:56:41.959   684   684 V robin   : handlePageFlip
01-23 17:56:41.959   684   684 V robin   : performSetActiveConfig
01-23 17:56:41.961   684   684 V robin   : postComposition
01-23 17:56:41.964  1146  1181 I EaselThermalMonitor: (Low) mnh_cpu: 28.53, mnh_ipu1: 29.72, mnh_ipu2: 25.71, mnh_lpddr: 27.20
01-23 17:56:41.964  1146  1181 I EaselThermalMonitor: Cooling Device: mnh cur_state 0 max_state 4
01-23 17:56:42.010 23862 23936 D AVRecorderActivity: onPreviewFrame() called with: data = [[B@2cf00b6], width = [640], height = [480]
01-23 17:56:42.010 23862 23936 D CameraRender: onPreviewFrame() called with: data = [[B@2cf00b6], width = [640], height = [480]
01-23 17:56:42.010 23862 23936 E ByteFlow: MediaRecorderContext::GetContext
01-23 17:56:42.010 23862 23936 E ByteFlow: MediaRecorderContext::UpdateFrame format=4, width=640, height=480, pData=0x6d2257e040
01-23 17:56:42.010 23862 23936 E ByteFlow: GLCameraRender::RenderVideoFrame pImage=0x6d25d395e0
01-23 17:56:42.010 23862 23936 E ByteFlow: NativeImageUtil::CopyNativeImage src[w,h,format]=[640, 480, 4], dst[w,h,format]=[640, 480, 4]
01-23 17:56:42.010 23862 23936 E ByteFlow: NativeImageUtil::CopyNativeImage src[line0,line1,line2]=[640, 320, 320], dst[line0,line1,line2]=[640, 320, 320]
01-23 17:56:42.011 23862 23935 D CameraRender: onDrawFrame() called with: gl = [com.google.android.gles_jni.GLImpl@e9afb1]
01-23 17:56:42.011 23862 23935 E ByteFlow: MediaRecorderContext::GetContext
01-23 17:56:42.012 23862 23935 E ByteFlow: GLCameraRender::OnDrawFrame [w, h]=[640, 480], format=4
01-23 17:56:42.012 23862 23935 E ByteFlow: GLCameraRender::UpdateExtTexture
01-23 17:56:42.012 23862 23935 E ByteFlow: GLCameraRender::UpdateMVPMatrix rotate 90,4.71,0.00000,0.00000,1.00000,1.00000,
01-23 17:56:42.013 23862 23935 E ByteFlow: GLCameraRender::GetRenderFrameFromFBO m_RenderFrameCallback=0x6cc8deef04
01-23 17:56:42.015 23862 23935 E ByteFlow: MediaRecorderContext::OnGLRenderFrame ctx=0x6d949951f0, pImage=0x6d25e43a90
01-23 17:56:42.026   684   684 V robin   : handlePageFlip
01-23 17:56:42.027   684   684 V robin   : performSetActiveConfig
01-23 17:56:42.029   684   684 V robin   : postComposition
01-23 17:56:42.067 23862 23936 D AVRecorderActivity: onPreviewFrame() called with: data = [[B@71ef1b7], width = [640], height = [480]
01-23 17:56:42.068 23862 23936 D CameraRender: onPreviewFrame() called with: data = [[B@71ef1b7], width = [640], height = [480]
01-23 17:56:42.068 23862 23936 E ByteFlow: MediaRecorderContext::GetContext
01-23 17:56:42.068 23862 23936 E ByteFlow: MediaRecorderContext::UpdateFrame format=4, width=640, height=480, pData=0x6d2257e040
01-23 17:56:42.068 23862 23936 E ByteFlow: GLCameraRender::RenderVideoFrame pImage=0x6d25d395e0
01-23 17:56:42.068 23862 23936 E ByteFlow: NativeImageUtil::CopyNativeImage src[w,h,format]=[640, 480, 4], dst[w,h,format]=[640, 480, 4]
01-23 17:56:42.068 23862 23936 E ByteFlow: NativeImageUtil::CopyNativeImage src[line0,line1,line2]=[640, 320, 320], dst[line0,line1,line2]=[640, 320, 320]
01-23 17:56:42.069 23862 23935 D CameraRender: onDrawFrame() called with: gl = [com.google.android.gles_jni.GLImpl@e9afb1]
01-23 17:56:42.069 23862 23935 E ByteFlow: MediaRecorderContext::GetContext
01-23 17:56:42.070 23862 23935 E ByteFlow: GLCameraRender::OnDrawFrame [w, h]=[640, 480], format=4
01-23 17:56:42.070 23862 23935 E ByteFlow: GLCameraRender::UpdateExtTexture
01-23 17:56:42.070 23862 23935 E ByteFlow: GLCameraRender::UpdateMVPMatrix rotate 90,4.71,0.00000,0.00000,1.00000,1.00000,
01-23 17:56:42.071 23862 23935 E ByteFlow: GLCameraRender::GetRenderFrameFromFBO m_RenderFrameCallback=0x6cc8deef04
01-23 17:56:42.074 23862 23935 E ByteFlow: MediaRecorderContext::OnGLRenderFrame ctx=0x6d949951f0, pImage=0x6d25e43a90
01-23 17:56:42.076   684   684 V robin   : handlePageFlip
01-23 17:56:42.077   684   684 V robin   : performSetActiveConfig
01-23 17:56:42.079   684   684 V robin   : postComposition
01-23 17:56:42.127 23862 23936 D AVRecorderActivity: onPreviewFrame() called with: data = [[B@5cdd24], width = [640], height = [480]
01-23 17:56:42.127 23862 23936 D CameraRender: onPreviewFrame() called with: data = [[B@5cdd24], width = [640], height = [480]
01-23 17:56:42.128 23862 23936 E ByteFlow: MediaRecorderContext::GetContext
01-23 17:56:42.128 23862 23936 E ByteFlow: MediaRecorderContext::UpdateFrame format=4, width=640, height=480, pData=0x6d2257e040
01-23 17:56:42.128 23862 23936 E ByteFlow: GLCameraRender::RenderVideoFrame pImage=0x6d25d395e0
01-23 17:56:42.128 23862 23936 E ByteFlow: NativeImageUtil::CopyNativeImage src[w,h,format]=[640, 480, 4], dst[w,h,format]=[640, 480, 4]
01-23 17:56:42.128 23862 23936 E ByteFlow: NativeImageUtil::CopyNativeImage src[line0,line1,line2]=[640, 320, 320], dst[line0,line1,line2]=[640, 320, 320]
01-23 17:56:42.128 23862 23935 D CameraRender: onDrawFrame() called with: gl = [com.google.android.gles_jni.GLImpl@e9afb1]
01-23 17:56:42.128 23862 23935 E ByteFlow: MediaRecorderContext::GetContext
01-23 17:56:42.129 23862 23935 E ByteFlow: GLCameraRender::OnDrawFrame [w, h]=[640, 480], format=4
01-23 17:56:42.129 23862 23935 E ByteFlow: GLCameraRender::UpdateExtTexture
01-23 17:56:42.129 23862 23935 E ByteFlow: GLCameraRender::UpdateMVPMatrix rotate 90,4.71,0.00000,0.00000,1.00000,1.00000,
01-23 17:56:42.130 23862 23935 E ByteFlow: GLCameraRender::GetRenderFrameFromFBO m_RenderFrameCallback=0x6cc8deef04
01-23 17:56:42.132 23862 23935 E ByteFlow: MediaRecorderContext::OnGLRenderFrame ctx=0x6d949951f0, pImage=0x6d25e43a90
01-23 17:56:42.143   684   684 V robin   : handlePageFlip
01-23 17:56:42.143   684   684 V robin   : performSetActiveConfig
01-23 17:56:42.145   684   684 V robin   : postComposition
01-23 17:56:42.182 23862 23936 D AVRecorderActivity: onPreviewFrame() called with: data = [[B@c3508d], width = [640], height = [480]
01-23 17:56:42.182 23862 23936 D CameraRender: onPreviewFrame() called with: data = [[B@c3508d], width = [640], height = [480]
01-23 17:56:42.182 23862 23936 E ByteFlow: MediaRecorderContext::GetContext
01-23 17:56:42.182 23862 23936 E ByteFlow: MediaRecorderContext::UpdateFrame format=4, width=640, height=480, pData=0x6d2257e040
01-23 17:56:42.182 23862 23936 E ByteFlow: GLCameraRender::RenderVideoFrame pImage=0x6d25d395e0
01-23 17:56:42.182 23862 23936 E ByteFlow: NativeImageUtil::CopyNativeImage src[w,h,format]=[640, 480, 4], dst[w,h,format]=[640, 480, 4]
01-23 17:56:42.182 23862 23936 E ByteFlow: NativeImageUtil::CopyNativeImage src[line0,line1,line2]=[640, 320, 320], dst[line0,line1,line2]=[640, 320, 320]
01-23 17:56:42.183 23862 23935 D CameraRender: onDrawFrame() called with: gl = [com.google.android.gles_jni.GLImpl@e9afb1]
01-23 17:56:42.183 23862 23935 E ByteFlow: MediaRecorderContext::GetContext
01-23 17:56:42.183 23862 23935 E ByteFlow: GLCameraRender::OnDrawFrame [w, h]=[640, 480], format=4
01-23 17:56:42.183 23862 23935 E ByteFlow: GLCameraRender::UpdateExtTexture
01-23 17:56:42.184 23862 23935 E ByteFlow: GLCameraRender::UpdateMVPMatrix rotate 90,4.71,0.00000,0.00000,1.00000,1.00000,
01-23 17:56:42.184 23862 23935 E ByteFlow: GLCameraRender::GetRenderFrameFromFBO m_RenderFrameCallback=0x6cc8deef04
01-23 17:56:42.186 23862 23935 E ByteFlow: MediaRecorderContext::OnGLRenderFrame ctx=0x6d949951f0, pImage=0x6d25e43a90
01-23 17:56:42.192   684   684 V robin   : handlePageFlip
01-23 17:56:42.193   684   684 V robin   : performSetActiveConfig
01-23 17:56:42.196   684   684 V robin   : postComposition
01-23 17:56:42.252 23862 23936 D AVRecorderActivity: onPreviewFrame() called with: data = [[B@fc27242], width = [640], height = [480]
01-23 17:56:42.252 23862 23936 D CameraRender: onPreviewFrame() called with: data = [[B@fc27242], width = [640], height = [480]
01-23 17:56:42.252 23862 23936 E ByteFlow: MediaRecorderContext::GetContext
01-23 17:56:42.252 23862 23936 E ByteFlow: MediaRecorderContext::UpdateFrame format=4, width=640, height=480, pData=0x6d2257e040
01-23 17:56:42.252 23862 23936 E ByteFlow: GLCameraRender::RenderVideoFrame pImage=0x6d25d395e0
01-23 17:56:42.252 23862 23936 E ByteFlow: NativeImageUtil::CopyNativeImage src[w,h,format]=[640, 480, 4], dst[w,h,format]=[640, 480, 4]
01-23 17:56:42.252 23862 23936 E ByteFlow: NativeImageUtil::CopyNativeImage src[line0,line1,line2]=[640, 320, 320], dst[line0,line1,line2]=[640, 320, 320]
01-23 17:56:42.253 23862 23935 D CameraRender: onDrawFrame() called with: gl = [com.google.android.gles_jni.GLImpl@e9afb1]
01-23 17:56:42.253 23862 23935 E ByteFlow: MediaRecorderContext::GetContext
01-23 17:56:42.254 23862 23935 E ByteFlow: GLCameraRender::OnDrawFrame [w, h]=[640, 480], format=4
01-23 17:56:42.254 23862 23935 E ByteFlow: GLCameraRender::UpdateExtTexture
01-23 17:56:42.254 23862 23935 E ByteFlow: GLCameraRender::UpdateMVPMatrix rotate 90,4.71,0.00000,0.00000,1.00000,1.00000,
01-23 17:56:42.255 23862 23935 E ByteFlow: GLCameraRender::GetRenderFrameFromFBO m_RenderFrameCallback=0x6cc8deef04
01-23 17:56:42.257 23862 23935 E ByteFlow: MediaRecorderContext::OnGLRenderFrame ctx=0x6d949951f0, pImage=0x6d25e43a90
01-23 17:56:42.260   684   684 V robin   : handlePageFlip
01-23 17:56:42.260   684   684 V robin   : performSetActiveConfig
01-23 17:56:42.263   684   684 V robin   : postComposition
01-23 17:56:42.303 23862 23936 D AVRecorderActivity: onPreviewFrame() called with: data = [[B@5a6f253], width = [640], height = [480]
01-23 17:56:42.303 23862 23936 D CameraRender: onPreviewFrame() called with: data = [[B@5a6f253], width = [640], height = [480]
01-23 17:56:42.303 23862 23936 E ByteFlow: MediaRecorderContext::GetContext
01-23 17:56:42.303 23862 23936 E ByteFlow: MediaRecorderContext::UpdateFrame format=4, width=640, height=480, pData=0x6d2257e040
01-23 17:56:42.303 23862 23936 E ByteFlow: GLCameraRender::RenderVideoFrame pImage=0x6d25d395e0
01-23 17:56:42.303 23862 23936 E ByteFlow: NativeImageUtil::CopyNativeImage src[w,h,format]=[640, 480, 4], dst[w,h,format]=[640, 480, 4]
01-23 17:56:42.303 23862 23936 E ByteFlow: NativeImageUtil::CopyNativeImage src[line0,line1,line2]=[640, 320, 320], dst[line0,line1,line2]=[640, 320, 320]
01-23 17:56:42.304 23862 23935 D CameraRender: onDrawFrame() called with: gl = [com.google.android.gles_jni.GLImpl@e9afb1]
01-23 17:56:42.304 23862 23935 E ByteFlow: MediaRecorderContext::GetContext
01-23 17:56:42.305 23862 23935 E ByteFlow: GLCameraRender::OnDrawFrame [w, h]=[640, 480], format=4
01-23 17:56:42.305 23862 23935 E ByteFlow: GLCameraRender::UpdateExtTexture
01-23 17:56:42.306 23862 23935 E ByteFlow: GLCameraRender::UpdateMVPMatrix rotate 90,4.71,0.00000,0.00000,1.00000,1.00000,
01-23 17:56:42.306 23862 23935 E ByteFlow: GLCameraRender::GetRenderFrameFromFBO m_RenderFrameCallback=0x6cc8deef04
01-23 17:56:42.309 23862 23935 E ByteFlow: MediaRecorderContext::OnGLRenderFrame ctx=0x6d949951f0, pImage=0x6d25e43a90
01-23 17:56:42.326   684   684 V robin   : handlePageFlip
01-23 17:56:42.327   684   684 V robin   : performSetActiveConfig
01-23 17:56:42.330   684   684 V robin   : postComposition
01-23 17:56:42.365 23862 23936 D AVRecorderActivity: onPreviewFrame() called with: data = [[B@51ca790], width = [640], height = [480]
01-23 17:56:42.365 23862 23936 D CameraRender: onPreviewFrame() called with: data = [[B@51ca790], width = [640], height = [480]
01-23 17:56:42.365 23862 23936 E ByteFlow: MediaRecorderContext::GetContext
01-23 17:56:42.365 23862 23936 E ByteFlow: MediaRecorderContext::UpdateFrame format=4, width=640, height=480, pData=0x6d2257e040
01-23 17:56:42.365 23862 23936 E ByteFlow: GLCameraRender::RenderVideoFrame pImage=0x6d25d395e0
01-23 17:56:42.365 23862 23936 E ByteFlow: NativeImageUtil::CopyNativeImage src[w,h,format]=[640, 480, 4], dst[w,h,format]=[640, 480, 4]
01-23 17:56:42.365 23862 23936 E ByteFlow: NativeImageUtil::CopyNativeImage src[line0,line1,line2]=[640, 320, 320], dst[line0,line1,line2]=[640, 320, 320]
01-23 17:56:42.365 23862 23935 D CameraRender: onDrawFrame() called with: gl = [com.google.android.gles_jni.GLImpl@e9afb1]
01-23 17:56:42.366 23862 23935 E ByteFlow: MediaRecorderContext::GetContext
01-23 17:56:42.366 23862 23935 E ByteFlow: GLCameraRender::OnDrawFrame [w, h]=[640, 480], format=4
01-23 17:56:42.366 23862 23935 E ByteFlow: GLCameraRender::UpdateExtTexture
01-23 17:56:42.367 23862 23935 E ByteFlow: GLCameraRender::UpdateMVPMatrix rotate 90,4.71,0.00000,0.00000,1.00000,1.00000,
01-23 17:56:42.367 23862 23935 E ByteFlow: GLCameraRender::GetRenderFrameFromFBO m_RenderFrameCallback=0x6cc8deef04
01-23 17:56:42.370 23862 23935 E ByteFlow: MediaRecorderContext::OnGLRenderFrame ctx=0x6d949951f0, pImage=0x6d25e43a90
01-23 17:56:42.376   684   684 V robin   : handlePageFlip
01-23 17:56:42.377   684   684 V robin   : performSetActiveConfig
01-23 17:56:42.379   684   684 V robin   : postComposition
01-23 17:56:42.422 23862 23936 D AVRecorderActivity: onPreviewFrame() called with: data = [[B@1a16889], width = [640], height = [480]
01-23 17:56:42.422 23862 23936 D CameraRender: onPreviewFrame() called with: data = [[B@1a16889], width = [640], height = [480]
01-23 17:56:42.422 23862 23936 E ByteFlow: MediaRecorderContext::GetContext
01-23 17:56:42.422 23862 23936 E ByteFlow: MediaRecorderContext::UpdateFrame format=4, width=640, height=480, pData=0x6d2257e040
01-23 17:56:42.422 23862 23936 E ByteFlow: GLCameraRender::RenderVideoFrame pImage=0x6d25d395e0
01-23 17:56:42.422 23862 23936 E ByteFlow: NativeImageUtil::CopyNativeImage src[w,h,format]=[640, 480, 4], dst[w,h,format]=[640, 480, 4]
01-23 17:56:42.422 23862 23936 E ByteFlow: NativeImageUtil::CopyNativeImage src[line0,line1,line2]=[640, 320, 320], dst[line0,line1,line2]=[640, 320, 320]
01-23 17:56:42.423 23862 23935 D CameraRender: onDrawFrame() called with: gl = [com.google.android.gles_jni.GLImpl@e9afb1]
01-23 17:56:42.423 23862 23935 E ByteFlow: MediaRecorderContext::GetContext
01-23 17:56:42.424 23862 23935 E ByteFlow: GLCameraRender::OnDrawFrame [w, h]=[640, 480], format=4
01-23 17:56:42.424 23862 23935 E ByteFlow: GLCameraRender::UpdateExtTexture
01-23 17:56:42.425 23862 23935 E ByteFlow: GLCameraRender::UpdateMVPMatrix rotate 90,4.71,0.00000,0.00000,1.00000,1.00000,
01-23 17:56:42.425 23862 23935 E ByteFlow: GLCameraRender::GetRenderFrameFromFBO m_RenderFrameCallback=0x6cc8deef04
01-23 17:56:42.428 23862 23935 E ByteFlow: MediaRecorderContext::OnGLRenderFrame ctx=0x6d949951f0, pImage=0x6d25e43a90
01-23 17:56:42.443   684   684 V robin   : handlePageFlip
01-23 17:56:42.444   684   684 V robin   : performSetActiveConfig
01-23 17:56:42.447   684   684 V robin   : postComposition
01-23 17:56:42.482 23862 23936 D AVRecorderActivity: onPreviewFrame() called with: data = [[B@289708e], width = [640], height = [480]
01-23 17:56:42.483 23862 23936 D CameraRender: onPreviewFrame() called with: data = [[B@289708e], width = [640], height = [480]
01-23 17:56:42.483 23862 23936 E ByteFlow: MediaRecorderContext::GetContext
01-23 17:56:42.483 23862 23936 E ByteFlow: MediaRecorderContext::UpdateFrame format=4, width=640, height=480, pData=0x6d2257e040
01-23 17:56:42.483 23862 23936 E ByteFlow: GLCameraRender::RenderVideoFrame pImage=0x6d25d395e0
01-23 17:56:42.483 23862 23936 E ByteFlow: NativeImageUtil::CopyNativeImage src[w,h,format]=[640, 480, 4], dst[w,h,format]=[640, 480, 4]
01-23 17:56:42.483 23862 23936 E ByteFlow: NativeImageUtil::CopyNativeImage src[line0,line1,line2]=[640, 320, 320], dst[line0,line1,line2]=[640, 320, 320]
01-23 17:56:42.484 23862 23935 D CameraRender: onDrawFrame() called with: gl = [com.google.android.gles_jni.GLImpl@e9afb1]
01-23 17:56:42.484 23862 23935 E ByteFlow: MediaRecorderContext::GetContext
01-23 17:56:42.484 23862 23935 E ByteFlow: GLCameraRender::OnDrawFrame [w, h]=[640, 480], format=4
01-23 17:56:42.484 23862 23935 E ByteFlow: GLCameraRender::UpdateExtTexture
01-23 17:56:42.485 23862 23935 E ByteFlow: GLCameraRender::UpdateMVPMatrix rotate 90,4.71,0.00000,0.00000,1.00000,1.00000,
01-23 17:56:42.485 23862 23935 E ByteFlow: GLCameraRender::GetRenderFrameFromFBO m_RenderFrameCallback=0x6cc8deef04
01-23 17:56:42.488 23862 23935 E ByteFlow: MediaRecorderContext::OnGLRenderFrame ctx=0x6d949951f0, pImage=0x6d25e43a90
01-23 17:56:42.493   684   684 V robin   : handlePageFlip
01-23 17:56:42.494   684   684 V robin   : performSetActiveConfig
01-23 17:56:42.497   684   684 V robin   : postComposition
01-23 17:56:42.536 23862 23936 D AVRecorderActivity: onPreviewFrame() called with: data = [[B@a460af], width = [640], height = [480]
01-23 17:56:42.536 23862 23936 D CameraRender: onPreviewFrame() called with: data = [[B@a460af], width = [640], height = [480]
01-23 17:56:42.536 23862 23936 E ByteFlow: MediaRecorderContext::GetContext
01-23 17:56:42.536 23862 23936 E ByteFlow: MediaRecorderContext::UpdateFrame format=4, width=640, height=480, pData=0x6d2257e040
01-23 17:56:42.536 23862 23936 E ByteFlow: GLCameraRender::RenderVideoFrame pImage=0x6d25d395e0
01-23 17:56:42.536 23862 23936 E ByteFlow: NativeImageUtil::CopyNativeImage src[w,h,format]=[640, 480, 4], dst[w,h,format]=[640, 480, 4]
01-23 17:56:42.536 23862 23936 E ByteFlow: NativeImageUtil::CopyNativeImage src[line0,line1,line2]=[640, 320, 320], dst[line0,line1,line2]=[640, 320, 320]
01-23 17:56:42.537 23862 23935 D CameraRender: onDrawFrame() called with: gl = [com.google.android.gles_jni.GLImpl@e9afb1]
01-23 17:56:42.537 23862 23935 E ByteFlow: MediaRecorderContext::GetContext
01-23 17:56:42.537 23862 23935 E ByteFlow: GLCameraRender::OnDrawFrame [w, h]=[640, 480], format=4
01-23 17:56:42.537 23862 23935 E ByteFlow: GLCameraRender::UpdateExtTexture
01-23 17:56:42.538 23862 23935 E ByteFlow: GLCameraRender::UpdateMVPMatrix rotate 90,4.71,0.00000,0.00000,1.00000,1.00000,
01-23 17:56:42.538 23862 23935 E ByteFlow: GLCameraRender::GetRenderFrameFromFBO m_RenderFrameCallback=0x6cc8deef04
01-23 17:56:42.541 23862 23935 E ByteFlow: MediaRecorderContext::OnGLRenderFrame ctx=0x6d949951f0, pImage=0x6d25e43a90
01-23 17:56:42.543   684   684 V robin   : handlePageFlip
01-23 17:56:42.544   684   684 V robin   : performSetActiveConfig
01-23 17:56:42.546   684   684 V robin   : postComposition
01-23 17:56:42.594 23862 23936 D AVRecorderActivity: onPreviewFrame() called with: data = [[B@1ccacbc], width = [640], height = [480]
01-23 17:56:42.594 23862 23936 D CameraRender: onPreviewFrame() called with: data = [[B@1ccacbc], width = [640], height = [480]
01-23 17:56:42.594 23862 23936 E ByteFlow: MediaRecorderContext::GetContext
01-23 17:56:42.594 23862 23936 E ByteFlow: MediaRecorderContext::UpdateFrame format=4, width=640, height=480, pData=0x6d2257e040
01-23 17:56:42.595 23862 23936 E ByteFlow: GLCameraRender::RenderVideoFrame pImage=0x6d25d395e0
01-23 17:56:42.595 23862 23936 E ByteFlow: NativeImageUtil::CopyNativeImage src[w,h,format]=[640, 480, 4], dst[w,h,format]=[640, 480, 4]
01-23 17:56:42.595 23862 23936 E ByteFlow: NativeImageUtil::CopyNativeImage src[line0,line1,line2]=[640, 320, 320], dst[line0,line1,line2]=[640, 320, 320]
01-23 17:56:42.595 23862 23935 D CameraRender: onDrawFrame() called with: gl = [com.google.android.gles_jni.GLImpl@e9afb1]
01-23 17:56:42.595 23862 23935 E ByteFlow: MediaRecorderContext::GetContext
01-23 17:56:42.596 23862 23935 E ByteFlow: GLCameraRender::OnDrawFrame [w, h]=[640, 480], format=4
01-23 17:56:42.596 23862 23935 E ByteFlow: GLCameraRender::UpdateExtTexture
01-23 17:56:42.596 23862 23935 E ByteFlow: GLCameraRender::UpdateMVPMatrix rotate 90,4.71,0.00000,0.00000,1.00000,1.00000,
01-23 17:56:42.596 23862 23935 E ByteFlow: GLCameraRender::GetRenderFrameFromFBO m_RenderFrameCallback=0x6cc8deef04
01-23 17:56:42.599 23862 23935 E ByteFlow: MediaRecorderContext::OnGLRenderFrame ctx=0x6d949951f0, pImage=0x6d25e43a90
01-23 17:56:42.610   684   684 V robin   : handlePageFlip
01-23 17:56:42.611   684   684 V robin   : performSetActiveConfig
01-23 17:56:42.613   684   684 V robin   : postComposition
01-23 17:56:42.654 23862 23936 D AVRecorderActivity: onPreviewFrame() called with: data = [[B@62f0445], width = [640], height = [480]
01-23 17:56:42.654 23862 23936 D CameraRender: onPreviewFrame() called with: data = [[B@62f0445], width = [640], height = [480]
01-23 17:56:42.654 23862 23936 E ByteFlow: MediaRecorderContext::GetContext
01-23 17:56:42.655 23862 23936 E ByteFlow: MediaRecorderContext::UpdateFrame format=4, width=640, height=480, pData=0x6d2257e040
01-23 17:56:42.655 23862 23936 E ByteFlow: GLCameraRender::RenderVideoFrame pImage=0x6d25d395e0
01-23 17:56:42.655 23862 23936 E ByteFlow: NativeImageUtil::CopyNativeImage src[w,h,format]=[640, 480, 4], dst[w,h,format]=[640, 480, 4]
01-23 17:56:42.655 23862 23936 E ByteFlow: NativeImageUtil::CopyNativeImage src[line0,line1,line2]=[640, 320, 320], dst[line0,line1,line2]=[640, 320, 320]
01-23 17:56:42.655 23862 23935 D CameraRender: onDrawFrame() called with: gl = [com.google.android.gles_jni.GLImpl@e9afb1]
01-23 17:56:42.655 23862 23935 E ByteFlow: MediaRecorderContext::GetContext
01-23 17:56:42.656 23862 23935 E ByteFlow: GLCameraRender::OnDrawFrame [w, h]=[640, 480], format=4
01-23 17:56:42.656 23862 23935 E ByteFlow: GLCameraRender::UpdateExtTexture
01-23 17:56:42.656 23862 23935 E ByteFlow: GLCameraRender::UpdateMVPMatrix rotate 90,4.71,0.00000,0.00000,1.00000,1.00000,
01-23 17:56:42.657 23862 23935 E ByteFlow: GLCameraRender::GetRenderFrameFromFBO m_RenderFrameCallback=0x6cc8deef04
01-23 17:56:42.659 23862 23935 E ByteFlow: MediaRecorderContext::OnGLRenderFrame ctx=0x6d949951f0, pImage=0x6d25e43a90
01-23 17:56:42.677   684   684 V robin   : handlePageFlip
01-23 17:56:42.677   684   684 V robin   : performSetActiveConfig
01-23 17:56:42.680   684   684 V robin   : postComposition
01-23 17:56:42.712 23862 23936 D AVRecorderActivity: onPreviewFrame() called with: data = [[B@7b0079a], width = [640], height = [480]
01-23 17:56:42.712 23862 23936 D CameraRender: onPreviewFrame() called with: data = [[B@7b0079a], width = [640], height = [480]
01-23 17:56:42.712 23862 23936 E ByteFlow: MediaRecorderContext::GetContext
01-23 17:56:42.713 23862 23936 E ByteFlow: MediaRecorderContext::UpdateFrame format=4, width=640, height=480, pData=0x6d2257e040
01-23 17:56:42.713 23862 23936 E ByteFlow: GLCameraRender::RenderVideoFrame pImage=0x6d25d395e0
01-23 17:56:42.713 23862 23936 E ByteFlow: NativeImageUtil::CopyNativeImage src[w,h,format]=[640, 480, 4], dst[w,h,format]=[640, 480, 4]
01-23 17:56:42.713 23862 23936 E ByteFlow: NativeImageUtil::CopyNativeImage src[line0,line1,line2]=[640, 320, 320], dst[line0,line1,line2]=[640, 320, 320]
01-23 17:56:42.713 23862 23935 D CameraRender: onDrawFrame() called with: gl = [com.google.android.gles_jni.GLImpl@e9afb1]
01-23 17:56:42.713 23862 23935 E ByteFlow: MediaRecorderContext::GetContext
01-23 17:56:42.714 23862 23935 E ByteFlow: GLCameraRender::OnDrawFrame [w, h]=[640, 480], format=4
01-23 17:56:42.714 23862 23935 E ByteFlow: GLCameraRender::UpdateExtTexture
01-23 17:56:42.714 23862 23935 E ByteFlow: GLCameraRender::UpdateMVPMatrix rotate 90,4.71,0.00000,0.00000,1.00000,1.00000,
01-23 17:56:42.715 23862 23935 E ByteFlow: GLCameraRender::GetRenderFrameFromFBO m_RenderFrameCallback=0x6cc8deef04
01-23 17:56:42.717 23862 23935 E ByteFlow: MediaRecorderContext::OnGLRenderFrame ctx=0x6d949951f0, pImage=0x6d25e43a90
01-23 17:56:42.726   684   684 V robin   : handlePageFlip
01-23 17:56:42.727   684   684 V robin   : performSetActiveConfig
01-23 17:56:42.729   684   684 V robin   : postComposition
01-23 17:56:42.757   925   925 I android.hardware.health@2.0-service.crosshatch: Entry state_: 0 charger_status: Charging batteryLevel: 100
01-23 17:56:42.757   925   925 I android.hardware.health@2.0-service.crosshatch: Exit state_: 0 batteryLevel: 100
01-23 17:56:42.381   925   925 W healthd : battery l=100 v=4388 t=20.3 h=2 st=2 c=-285625 fc=3034000 cc=91 chg=a
01-23 17:56:42.769 23862 23936 D AVRecorderActivity: onPreviewFrame() called with: data = [[B@36058cb], width = [640], height = [480]
01-23 17:56:42.769 23862 23936 D CameraRender: onPreviewFrame() called with: data = [[B@36058cb], width = [640], height = [480]
01-23 17:56:42.770 23862 23936 E ByteFlow: MediaRecorderContext::GetContext
01-23 17:56:42.770 23862 23936 E ByteFlow: MediaRecorderContext::UpdateFrame format=4, width=640, height=480, pData=0x6d2257e040
01-23 17:56:42.770 23862 23936 E ByteFlow: GLCameraRender::RenderVideoFrame pImage=0x6d25d395e0
01-23 17:56:42.770 23862 23936 E ByteFlow: NativeImageUtil::CopyNativeImage src[w,h,format]=[640, 480, 4], dst[w,h,format]=[640, 480, 4]
01-23 17:56:42.770 23862 23936 E ByteFlow: NativeImageUtil::CopyNativeImage src[line0,line1,line2]=[640, 320, 320], dst[line0,line1,line2]=[640, 320, 320]
01-23 17:56:42.770 23862 23935 D CameraRender: onDrawFrame() called with: gl = [com.google.android.gles_jni.GLImpl@e9afb1]
01-23 17:56:42.770 23862 23935 E ByteFlow: MediaRecorderContext::GetContext
01-23 17:56:42.771 23862 23935 E ByteFlow: GLCameraRender::OnDrawFrame [w, h]=[640, 480], format=4
01-23 17:56:42.771 23862 23935 E ByteFlow: GLCameraRender::UpdateExtTexture
01-23 17:56:42.772 23862 23935 E ByteFlow: GLCameraRender::UpdateMVPMatrix rotate 90,4.71,0.00000,0.00000,1.00000,1.00000,
01-23 17:56:42.772 23862 23935 E ByteFlow: GLCameraRender::GetRenderFrameFromFBO m_RenderFrameCallback=0x6cc8deef04
01-23 17:56:42.774 23862 23935 E ByteFlow: MediaRecorderContext::OnGLRenderFrame ctx=0x6d949951f0, pImage=0x6d25e43a90
01-23 17:56:42.777   684   684 V robin   : handlePageFlip
01-23 17:56:42.777   684   684 V robin   : performSetActiveConfig
01-23 17:56:42.779   684   684 V robin   : postComposition
01-23 17:56:42.793   684   684 V robin   : handlePageFlip
01-23 17:56:42.794   684   684 V robin   : performSetActiveConfig
01-23 17:56:42.795   684   684 V robin   : postComposition
01-23 17:56:42.834 23862 23936 D AVRecorderActivity: onPreviewFrame() called with: data = [[B@315d8a8], width = [640], height = [480]
01-23 17:56:42.834 23862 23936 D CameraRender: onPreviewFrame() called with: data = [[B@315d8a8], width = [640], height = [480]
01-23 17:56:42.834 23862 23936 E ByteFlow: MediaRecorderContext::GetContext
01-23 17:56:42.834 23862 23936 E ByteFlow: MediaRecorderContext::UpdateFrame format=4, width=640, height=480, pData=0x6d2257e040
01-23 17:56:42.835 23862 23936 E ByteFlow: GLCameraRender::RenderVideoFrame pImage=0x6d25d395e0
01-23 17:56:42.835 23862 23936 E ByteFlow: NativeImageUtil::CopyNativeImage src[w,h,format]=[640, 480, 4], dst[w,h,format]=[640, 480, 4]
01-23 17:56:42.835 23862 23936 E ByteFlow: NativeImageUtil::CopyNativeImage src[line0,line1,line2]=[640, 320, 320], dst[line0,line1,line2]=[640, 320, 320]
01-23 17:56:42.835 23862 23935 D CameraRender: onDrawFrame() called with: gl = [com.google.android.gles_jni.GLImpl@e9afb1]
01-23 17:56:42.835 23862 23935 E ByteFlow: MediaRecorderContext::GetContext
01-23 17:56:42.836 23862 23935 E ByteFlow: GLCameraRender::OnDrawFrame [w, h]=[640, 480], format=4
01-23 17:56:42.836 23862 23935 E ByteFlow: GLCameraRender::UpdateExtTexture
01-23 17:56:42.836 23862 23935 E ByteFlow: GLCameraRender::UpdateMVPMatrix rotate 90,4.71,0.00000,0.00000,1.00000,1.00000,
01-23 17:56:42.836 23862 23935 E ByteFlow: GLCameraRender::GetRenderFrameFromFBO m_RenderFrameCallback=0x6cc8deef04
01-23 17:56:42.839 23862 23935 E ByteFlow: MediaRecorderContext::OnGLRenderFrame ctx=0x6d949951f0, pImage=0x6d25e43a90
01-23 17:56:42.843   684   684 V robin   : handlePageFlip
01-23 17:56:42.843   684   684 V robin   : performSetActiveConfig
01-23 17:56:42.845   684   684 V robin   : postComposition
01-23 17:56:42.884 23862 23936 D AVRecorderActivity: onPreviewFrame() called with: data = [[B@2409fc1], width = [640], height = [480]
01-23 17:56:42.885 23862 23936 D CameraRender: onPreviewFrame() called with: data = [[B@2409fc1], width = [640], height = [480]
01-23 17:56:42.885 23862 23936 E ByteFlow: MediaRecorderContext::GetContext
01-23 17:56:42.885 23862 23936 E ByteFlow: MediaRecorderContext::UpdateFrame format=4, width=640, height=480, pData=0x6d2257e040
01-23 17:56:42.885 23862 23936 E ByteFlow: GLCameraRender::RenderVideoFrame pImage=0x6d25d395e0
01-23 17:56:42.885 23862 23936 E ByteFlow: NativeImageUtil::CopyNativeImage src[w,h,format]=[640, 480, 4], dst[w,h,format]=[640, 480, 4]
01-23 17:56:42.885 23862 23936 E ByteFlow: NativeImageUtil::CopyNativeImage src[line0,line1,line2]=[640, 320, 320], dst[line0,line1,line2]=[640, 320, 320]
01-23 17:56:42.885 23862 23935 D CameraRender: onDrawFrame() called with: gl = [com.google.android.gles_jni.GLImpl@e9afb1]
01-23 17:56:42.885 23862 23935 E ByteFlow: MediaRecorderContext::GetContext
01-23 17:56:42.886 23862 23935 E ByteFlow: GLCameraRender::OnDrawFrame [w, h]=[640, 480], format=4
