01-23 17:56:36.819 23862 23862 D Camera2Wrapper: initCamera2Wrapper() called mSupportPreviewSize 2688x1512
01-23 17:56:36.819 23862 23862 D Camera2Wrapper: initCamera2Wrapper() called mSupportPreviewSize sameRatioSize == size2688x1512
01-23 17:56:36.819 23862 23862 D Camera2Wrapper: initCamera2Wrapper() called mSupportPreviewSize 2592x1944
01-23 17:56:36.819 23862 23862 D Camera2Wrapper: initCamera2Wrapper() called mSupportPreviewSize 2560x1280
01-23 17:56:36.819 23862 23862 D Camera2Wrapper: initCamera2Wrapper() called mSupportPreviewSize 2048x1536
01-23 17:56:36.819 23862 23862 D Camera2Wrapper: initCamera2Wrapper() called mSupportPreviewSize 1920x1440
01-23 17:56:36.819 23862 23862 D Camera2Wrapper: initCamera2Wrapper() called mSupportPreviewSize 1920x1080
01-23 17:56:36.819 23862 23862 D Camera2Wrapper: initCamera2Wrapper() called mSupportPreviewSize sameRatioSize == size1920x1080
01-23 17:56:36.819 23862 23862 D Camera2Wrapper: initCamera2Wrapper() called mSupportPreviewSize 1600x1200
01-23 17:56:36.819 23862 23862 D Camera2Wrapper: initCamera2Wrapper() called mSupportPreviewSize 1920x960
01-23 17:56:36.819 23862 23862 D Camera2Wrapper: initCamera2Wrapper() called mSupportPreviewSize 1280x960
01-23 17:56:36.819 23862 23862 D Camera2Wrapper: initCamera2Wrapper() called mSupportPreviewSize 1280x768
01-23 17:56:36.819 23862 23862 D Camera2Wrapper: initCamera2Wrapper() called mSupportPreviewSize 1280x720
01-23 17:56:36.819 23862 23862 D Camera2Wrapper: initCamera2Wrapper() called mSupportPreviewSize sameRatioSize == size1280x720
01-23 17:56:36.819 23862 23862 D Camera2Wrapper: initCamera2Wrapper() called supportDefaultSize 
01-23 17:56:36.820 23862 23862 D Camera2Wrapper: initCamera2Wrapper() called mSupportPictureSize 4032x3024
01-23 17:56:36.820 23862 23862 D Camera2Wrapper: initCamera2Wrapper() called mSupportPictureSize 4000x3000
01-23 17:56:36.820 23862 23862 D Camera2Wrapper: initCamera2Wrapper() called mSupportPictureSize 3840x2160
01-23 17:56:36.820 23862 23862 D Camera2Wrapper: initCamera2Wrapper() called mSupportPictureSize 4000x2000
01-23 17:56:36.820 23862 23862 D Camera2Wrapper: initCamera2Wrapper() called mSupportPictureSize 3264x2448
01-23 17:56:36.820 23862 23862 D Camera2Wrapper: initCamera2Wrapper() called mSupportPictureSize 3200x2400
01-23 17:56:36.820 23862 23862 D Camera2Wrapper: initCamera2Wrapper() called mSupportPictureSize 2688x1512
01-23 17:56:36.820 23862 23862 D Camera2Wrapper: initCamera2Wrapper() called mSupportPictureSize 2592x1944
01-23 17:56:36.820 23862 23862 D Camera2Wrapper: initCamera2Wrapper() called mSupportPictureSize 2560x1280
01-23 17:56:36.820 23862 23862 D Camera2Wrapper: initCamera2Wrapper() called mSupportPictureSize 2048x1536
01-23 17:56:36.820 23862 23862 D Camera2Wrapper: initCamera2Wrapper() called mSupportPictureSize 1920x1440
01-23 17:56:36.820 23862 23862 D Camera2Wrapper: initCamera2Wrapper() called mSupportPictureSize 1920x1080
01-23 17:56:36.820 23862 23862 D Camera2Wrapper: initCamera2Wrapper() called mSupportPictureSize 1600x1200
01-23 17:56:36.820 23862 23862 D Camera2Wrapper: initCamera2Wrapper() called mSupportPictureSize 1920x960
01-23 17:56:36.820 23862 23862 D Camera2Wrapper: initCamera2Wrapper() called mSupportPictureSize 1280x960
01-23 17:56:36.820 23862 23862 D Camera2Wrapper: initCamera2Wrapper() called mSupportPictureSize 1280x768
01-23 17:56:36.820 23862 23862 D Camera2Wrapper: initCamera2Wrapper() called mSupportPictureSize 1280x720
01-23 17:56:36.820 23862 23862 D Camera2Wrapper: initCamera2Wrapper() called mSensorOrientation = 90
01-23 17:56:36.821   684   684 V robin   : handlePageFlip
01-23 17:56:36.821   684  2535 E GraphicBuffer: [GraphicBuffer:75] robin 
01-23 17:56:36.821   684   684 V robin   : performSetActiveConfig
01-23 17:56:36.823   684   684 V robin   : postComposition
01-23 17:56:36.826 23862 23862 D Camera2Wrapper: initCamera2Wrapper() called mSupportPreviewSize 4032x3024
01-23 17:56:36.826 23862 23862 D Camera2Wrapper: initCamera2Wrapper() called mSupportPreviewSize sameRatioSize == size4032x3024
01-23 17:56:36.826 23862 23862 D Camera2Wrapper: initCamera2Wrapper() called mSupportPreviewSize 4000x3000
01-23 17:56:36.826 23862 23862 D Camera2Wrapper: initCamera2Wrapper() called mSupportPreviewSize sameRatioSize == size4000x3000
01-23 17:56:36.826 23862 23862 D Camera2Wrapper: initCamera2Wrapper() called mSupportPreviewSize 3840x2160
01-23 17:56:36.826 23862 23862 D Camera2Wrapper: initCamera2Wrapper() called mSupportPreviewSize 4000x2000
01-23 17:56:36.826 23862 23862 D Camera2Wrapper: initCamera2Wrapper() called mSupportPreviewSize 3264x2448
01-23 17:56:36.826 23862 23862 D Camera2Wrapper: initCamera2Wrapper() called mSupportPreviewSize sameRatioSize == size3264x2448
01-23 17:56:36.826 23862 23862 D Camera2Wrapper: initCamera2Wrapper() called mSupportPreviewSize 3200x2400
01-23 17:56:36.826 23862 23862 D Camera2Wrapper: initCamera2Wrapper() called mSupportPreviewSize sameRatioSize == size3200x2400
01-23 17:56:36.826 23862 23862 D Camera2Wrapper: initCamera2Wrapper() called mSupportPreviewSize 2688x1512
01-23 17:56:36.826 23862 23862 D Camera2Wrapper: initCamera2Wrapper() called mSupportPreviewSize 2592x1944
01-23 17:56:36.826 23862 23862 D Camera2Wrapper: initCamera2Wrapper() called mSupportPreviewSize sameRatioSize == size2592x1944
01-23 17:56:36.826 23862 23862 D Camera2Wrapper: initCamera2Wrapper() called mSupportPreviewSize 2560x1280
01-23 17:56:36.826 23862 23862 D Camera2Wrapper: initCamera2Wrapper() called mSupportPreviewSize 2048x1536
01-23 17:56:36.826 23862 23862 D Camera2Wrapper: initCamera2Wrapper() called mSupportPreviewSize sameRatioSize == size2048x1536
01-23 17:56:36.826 23862 23862 D Camera2Wrapper: initCamera2Wrapper() called mSupportPreviewSize 1920x1440
01-23 17:56:36.826 23862 23862 D Camera2Wrapper: initCamera2Wrapper() called mSupportPreviewSize sameRatioSize == size1920x1440
01-23 17:56:36.826 23862 23862 D Camera2Wrapper: initCamera2Wrapper() called mSupportPreviewSize 1920x1080
01-23 17:56:36.826 23862 23862 D Camera2Wrapper: initCamera2Wrapper() called mSupportPreviewSize 1600x1200
01-23 17:56:36.826 23862 23862 D Camera2Wrapper: initCamera2Wrapper() called mSupportPreviewSize sameRatioSize == size1600x1200
01-23 17:56:36.826 23862 23862 D Camera2Wrapper: initCamera2Wrapper() called mSupportPreviewSize 1920x960
01-23 17:56:36.826 23862 23862 D Camera2Wrapper: initCamera2Wrapper() called mSupportPreviewSize 1280x960
01-23 17:56:36.826 23862 23862 D Camera2Wrapper: initCamera2Wrapper() called mSupportPreviewSize sameRatioSize == size1280x960
01-23 17:56:36.826 23862 23862 D Camera2Wrapper: initCamera2Wrapper() called mSupportPreviewSize 1280x768
01-23 17:56:36.826 23862 23862 D Camera2Wrapper: initCamera2Wrapper() called mSupportPreviewSize 1280x720
01-23 17:56:36.827 23862 23862 D Camera2Wrapper: initCamera2Wrapper() called mSupportPreviewSize 1024x768
01-23 17:56:36.827 23862 23862 D Camera2Wrapper: initCamera2Wrapper() called mSupportPreviewSize sameRatioSize == size1024x768
01-23 17:56:36.827 23862 23862 D Camera2Wrapper: initCamera2Wrapper() called mSupportPreviewSize 800x400
01-23 17:56:36.827 23862 23862 D Camera2Wrapper: initCamera2Wrapper() called mSupportPreviewSize 800x600
01-23 17:56:36.827 23862 23862 D Camera2Wrapper: initCamera2Wrapper() called mSupportPreviewSize sameRatioSize == size800x600
01-23 17:56:36.827 23862 23862 D Camera2Wrapper: initCamera2Wrapper() called mSupportPreviewSize 800x480
01-23 17:56:36.827 23862 23862 D Camera2Wrapper: initCamera2Wrapper() called mSupportPreviewSize 720x480
01-23 17:56:36.827 23862 23862 D Camera2Wrapper: initCamera2Wrapper() called mSupportPreviewSize 640x400
01-23 17:56:36.827 23862 23862 D Camera2Wrapper: initCamera2Wrapper() called mSupportPreviewSize 640x480
01-23 17:56:36.827 23862 23862 D Camera2Wrapper: initCamera2Wrapper() called mSupportPreviewSize sameRatioSize == size640x480
01-23 17:56:36.827 23862 23862 D Camera2Wrapper: initCamera2Wrapper() called supportDefaultSize 
01-23 17:56:36.827 23862 23862 D Camera2Wrapper: initCamera2Wrapper() called mSupportPictureSize 4032x3024
01-23 17:56:36.827 23862 23862 D Camera2Wrapper: initCamera2Wrapper() called mSupportPictureSize 4000x3000
01-23 17:56:36.827 23862 23862 D Camera2Wrapper: initCamera2Wrapper() called mSupportPictureSize 3840x2160
01-23 17:56:36.827 23862 23862 D Camera2Wrapper: initCamera2Wrapper() called mSupportPictureSize 4000x2000
01-23 17:56:36.827 23862 23862 D Camera2Wrapper: initCamera2Wrapper() called mSupportPictureSize 3264x2448
01-23 17:56:36.828 23862 23862 D Camera2Wrapper: initCamera2Wrapper() called mSupportPictureSize 3200x2400
01-23 17:56:36.828 23862 23862 D Camera2Wrapper: initCamera2Wrapper() called mSupportPictureSize 2688x1512
01-23 17:56:36.828 23862 23862 D Camera2Wrapper: initCamera2Wrapper() called mSupportPictureSize 2592x1944
01-23 17:56:36.828 23862 23862 D Camera2Wrapper: initCamera2Wrapper() called mSupportPictureSize 2560x1280
01-23 17:56:36.828 23862 23862 D Camera2Wrapper: initCamera2Wrapper() called mSupportPictureSize 2048x1536
01-23 17:56:36.828 23862 23862 D Camera2Wrapper: initCamera2Wrapper() called mSupportPictureSize 1920x1440
01-23 17:56:36.828 23862 23862 D Camera2Wrapper: initCamera2Wrapper() called mSupportPictureSize 1920x1080
01-23 17:56:36.828 23862 23862 D Camera2Wrapper: initCamera2Wrapper() called mSupportPictureSize 1600x1200
01-23 17:56:36.828 23862 23862 D Camera2Wrapper: initCamera2Wrapper() called mSupportPictureSize 1920x960
01-23 17:56:36.828 23862 23862 D Camera2Wrapper: initCamera2Wrapper() called mSupportPictureSize 1280x960
01-23 17:56:36.828 23862 23862 D Camera2Wrapper: initCamera2Wrapper() called mSupportPictureSize 1280x768
01-23 17:56:36.828 23862 23862 D Camera2Wrapper: initCamera2Wrapper() called mSupportPictureSize 1280x720
01-23 17:56:36.828 23862 23862 D Camera2Wrapper: initCamera2Wrapper() called mSensorOrientation = 90
01-23 17:56:36.832 23862 23862 D CompatibilityChangeReporter: Compat change id reported: 147798919; UID 10044; state: ENABLED
01-23 17:56:36.837 23862 23862 D Camera2Wrapper: openCamera() called
01-23 17:56:36.837   684   684 V robin   : handlePageFlip
01-23 17:56:36.837   684   713 E GraphicBuffer: [GraphicBuffer:75] robin 
01-23 17:56:36.837   684   684 V robin   : performSetActiveConfig
01-23 17:56:36.837   684  2535 E GraphicBuffer: [GraphicBuffer:75] robin 
01-23 17:56:36.837   684  2535 E GraphicBuffer: [GraphicBuffer:75] robin 
01-23 17:56:36.839  1125  5561 I CameraService: CameraService::connect call (PID -1 "com.byteflow.learnffmpeg", camera ID 0) for HAL version default and Camera API version 2
01-23 17:56:36.839  1125  5561 I Camera2ClientBase: Camera 0: Opened. Client: com.byteflow.learnffmpeg (PID 23862, UID 10044)
01-23 17:56:36.839  1125  5561 I CameraDeviceClient: CameraDeviceClient 0: Opened
01-23 17:56:36.840   684   684 V robin   : postComposition
01-23 17:56:36.840  1125  5561 I CameraService: onTorchStatusChangedLocked: Torch status changed for cameraId=0, newStatus=0
01-23 17:56:36.840  1125  5561 I CameraProviderManager: Camera device device@3.5/legacy/0 torch status is now NOT_AVAILABLE
01-23 17:56:36.840  1125  5561 I CameraService: onTorchStatusChangedLocked: Torch status changed for cameraId=0, newStatus=0
01-23 17:56:36.840   916 32069 D CameraThermalHAL: Starting Thermal HAL polling thread
01-23 17:56:36.841   916 32069 D CameraThermalHAL: Started thermal polling thread successfully
01-23 17:56:36.842   916 32069 E FMQ     : grantorIdx must be less than 3
01-23 17:56:36.842   916 32069 E FMQ     : grantorIdx must be less than 3
01-23 17:56:36.842  1125  5561 E FMQ     : grantorIdx must be less than 3
01-23 17:56:36.843  1125  5561 E FMQ     : grantorIdx must be less than 3
01-23 17:56:36.844 23862 23862 D CameraRender: setTransformMatrix() called with: degree = [90], mirror = [0]
01-23 17:56:36.844 23862 23862 E ByteFlow: MediaRecorderContext::GetContext
01-23 17:56:36.844 23862 23862 E ByteFlow: GLCameraRender::UpdateMVPMatrix rotate 90,4.71,0.00000,0.00000,1.00000,1.00000,
01-23 17:56:36.848  1125  5561 D Camera3-Device: Set real time priority for request queue thread (tid 23939)
01-23 17:56:36.851   684  2535 E GraphicBuffer: [GraphicBuffer:75] robin 
01-23 17:56:36.851   684  2535 E GraphicBuffer: [GraphicBuffer:75] robin 
01-23 17:56:36.852  1146  1146 I EaselThermalMonitor: Cooling Device: mnh cur_state 0 max_state 4
01-23 17:56:36.852   916 32069 I CHIUSECASE: Google usecase selected
01-23 17:56:36.853   916 32069 I CHIUSECASE: LogClassifiedStream: Camera 0 yuv stream type = 0 format = 35 width = 640 height = 480
01-23 17:56:36.853   916 32069 I CHIUSECASE: LogClassifiedStream: Camera 0 yuv stream type = 0 format = 35 width = 1280 height = 720
01-23 17:56:36.853   916 32069 I CHIUSECASE: Use yuv aspect ratio as dummy stream
01-23 17:56:36.853   916 32069 W CHIUSECASE: Got different aspect ratio yuv streams,last aspectRatio: 1.333333 current aspectRatio: 1.777778
01-23 17:56:36.853  1146  1146 I EaselThermalMonitor: Cooling Device: mnh cur_state 0 max_state 4
01-23 17:56:36.853   916 32069 I CHIUSECASE: CreatePipelines: Creating pipelines for CHI usecase: UsecaseGooglePhoto1
01-23 17:56:36.853   916 32069 I CHIUSECASE: GoogleUsecasePipeline: ANDROID_INFO_SUPPORTED_BUFFER_MANAGEMENT_VERSION = 0
01-23 17:56:36.853   916 32069 D CHIUSECASE: Initialize: RDI resolution: 4032x3024
01-23 17:56:36.853   916 32069 D CHIUSECASE: [Offline HDR+ Pipeline] CreateChiPipeline: Creating the CHI pipeline.
01-23 17:56:36.854   684  2535 E GraphicBuffer: [GraphicBuffer:75] robin 
01-23 17:56:36.854   684   684 V robin   : handlePageFlip
01-23 17:56:36.854   684   684 V robin   : performSetActiveConfig
01-23 17:56:36.854   684  2535 E GraphicBuffer: [GraphicBuffer:75] robin 
01-23 17:56:36.854   684  2535 I chatty  : uid=1000(system) Binder:684_5 identical 9 lines
01-23 17:56:36.854   684  2535 E GraphicBuffer: [GraphicBuffer:75] robin 
01-23 17:56:36.855   916 32069 E GOOGLE_CHINODE_HDRPLUS: CHINODECAPSINFO is smaller than expected
01-23 17:56:36.855   916 32069 I CHIUSECASE: CameraID: 0, SelectedMode W=4032, H=3024, FPS:30, NumBatchedFrames:1, modeIndex:0
01-23 17:56:36.855   916 32069 I CHIUSECASE: Initialize: mGcamMinPayloadFrames: 2
01-23 17:56:36.856   916 23941 E CameraMetadataUtils: InitializeLensGcamGeometricCalibration: 335: distortion is NULL.
01-23 17:56:36.856   916 23941 W CameraMetadataUtils: Create: Initializing GCAM geometric calibration metadata failed: No such file or directory (-2)
01-23 17:56:36.856   916 32069 I CHIUSECASE: Create: Created a GoogleUsecaseOfflineHdrplusPipeline for camera 0
01-23 17:56:36.856   916 32069 I CHIUSECASE: GoogleUsecasePipeline: ANDROID_INFO_SUPPORTED_BUFFER_MANAGEMENT_VERSION = 0
01-23 17:56:36.856   916 32069 D CHIUSECASE: Initialize: RDI resolution: 4032x3024
01-23 17:56:36.856   916 32069 D CHIUSECASE: [Realtime ZSL Pipeline] CreateChiPipeline: Creating the CHI pipeline.
01-23 17:56:36.856   916 23941 I native  : gcam.cc:365 Writing AP timing log to /data/camera/ap_3pa.timing
01-23 17:56:36.856   916 23941 I native  : gcam.cc:371 Creating IpuServiceReferenceThirdPartyIdle
01-23 17:56:36.856   916 23941 I native  : easel_service_control.cc:275 SuspendReferenceCountIncrement suspend_reference_count_=2
01-23 17:56:36.856   916 23941 I native  : ipu_wake_lock.cc:69 IpuWakeLock::Request:0x7aa4b763d8:1
01-23 17:56:36.856   916 23941 I native  : easel_service_control.cc:326 RunReferenceCountIncrement run_reference_count_=1
01-23 17:56:36.856   916 23941 I native  : easel_service_control.cc:705 COMMAND_PROCESSOR_3PA: ResumeAsync
01-23 17:56:36.856   916 23941 I native  : ipu_wake_lock.cc:69 IpuWakeLock::Request:0x7a0ac04118:9
01-23 17:56:36.856   916 23941 I native  : easel_service_control.cc:485 COMMAND_PROCESSOR_3PA: WaitUntilRunning
01-23 17:56:36.856   916 23942 I native  : easel_service_control.cc:710 COMMAND_PROCESSOR_3PA: EaselManager::Resume
01-23 17:56:36.856  1146  1146 I EaselThermalMonitor: Cooling Device: mnh cur_state 0 max_state 4
01-23 17:56:36.857   684   684 V robin   : postComposition
01-23 17:56:36.857   916 32069 I goog_warping: Create
01-23 17:56:36.857   916 32069 D goog_warping: persist.camera.warping.debug is set to 0
01-23 17:56:36.857   916 32069 D goog_warping: persist.camera.warping.enable is set to 1
01-23 17:56:36.857   916 32069 D goog_warping: persist.camera.warping.vcmdelay is set to 0
01-23 17:56:36.857   916 32069 D goog_warping: persist.camera.warping.usegyrodirect is set to 0
01-23 17:56:36.857   916 32069 D goog_warping: persist.camera.warping.usegyropoll is set to 1
01-23 17:56:36.857   916 32069 D goog_warping: persist.camera.warping.fdinfo is set to 1
01-23 17:56:36.857   916 32069 D goog_warping: persist.camera.warping.ftmethod is set to 1
01-23 17:56:36.857   916 32069 I goog_warping: Warping node in photo mode. No crop is used.
01-23 17:56:36.478   541   541 I misc mnh_sm: mnh_sm_set_state: request state 1
01-23 17:56:36.478   541   541 I misc mnh_sm: mnh_sm_set_state_locked: staging firmware
01-23 17:56:36.858   684  2535 E GraphicBuffer: [GraphicBuffer:75] robin 
01-23 17:56:36.858   684  2535 I chatty  : uid=1000(system) Binder:684_5 identical 1 line
01-23 17:56:36.858   684  2535 E GraphicBuffer: [GraphicBuffer:75] robin 
01-23 17:56:36.859   916 32069 I GoogleFDNode: Initialize: GoogleFDNode created ensemble detector successfully.
01-23 17:56:36.859   916 32069 I GoogleFDNode: Initialize: GoogleFDNode uses dedicated thread for Ensemble.
01-23 17:56:36.860   916 32069 I GoogleFDNode: QueryBufferInfo: [FD] Google FD Node publishing com.google.nexus.experimental2018 | faceSkipFrame to 804f000e
01-23 17:56:36.860   916 32069 I GoogleFDNode: QueryBufferInfo: [FD] Google FD Node publishing com.google.nexus.experimental2018 | faceLandmark.count to 804f000f
01-23 17:56:36.860   916 32069 I GoogleFDNode: QueryBufferInfo: [FD] Google FD Node publishing com.google.nexus.experimental2018 | faceLandmark.ids to 804f0010
01-23 17:56:36.860   916 32069 I GoogleFDNode: QueryBufferInfo: [FD] Google FD Node publishing com.google.nexus.experimental2018 | faceLandmark.xy to 804f0011
01-23 17:56:36.860   916 32069 I GoogleFDNode: QueryBufferInfo: [FD] Google FD Node publishing com.google.nexus.experimental2018 | faceLandmark.depth to 804f0012
01-23 17:56:36.860   916 32069 I GoogleFDNode: QueryBufferInfo: [FD] Google FD Node publishing com.google.nexus.experimental2018 | faceOrientation to 804f0014
01-23 17:56:36.860   916 32069 E CamX    : [ERROR][PPROC  ] camxipenode.cpp:2293 ProcessingNodeFinalizeInputRequirement() NonConformant AspectRatio:1.333333 Change Width 852 using AR:1.777778
01-23 17:56:36.860   916 32069 D CamX    : [DEBUG][PPROC  ] camxipenode.cpp:2360 ProcessingNodeFinalizeInputRequirement() IPE video dimension: 0 x 0
01-23 17:56:36.860   916 32069 I chatty  : uid=1047(cameraserver) HwBinder:916_4 identical 1 line
01-23 17:56:36.860   916 32069 D CamX    : [DEBUG][PPROC  ] camxipenode.cpp:2360 ProcessingNodeFinalizeInputRequirement() IPE video dimension: 0 x 0
01-23 17:56:36.860   916 32069 I CHIUSECASE: CameraID: 0, SelectedMode W=4032, H=3024, FPS:30, NumBatchedFrames:1, modeIndex:0
01-23 17:56:36.860   916 32069 I CHIUSECASE: Create: Created a GoogleUsecaseRealtimeZslPipeline for camera 0
01-23 17:56:36.860   916 32069 I CHIUSECASE: Build: building a session with pipeline for camera id 0
01-23 17:56:36.860   684  2535 E GraphicBuffer: [GraphicBuffer:75] robin 
01-23 17:56:36.480   541   541 I msm_pcie_enable: PCIe: Assert the reset of endpoint of RC1.
01-23 17:56:36.863   684  2535 I chatty  : uid=1000(system) Binder:684_5 identical 9 lines
01-23 17:56:36.863   684  2535 E GraphicBuffer: [GraphicBuffer:75] robin 
01-23 17:56:36.864   684   713 E GraphicBuffer: [GraphicBuffer:75] robin 
01-23 17:56:36.864   684   713 E GraphicBuffer: [GraphicBuffer:89] robin 
01-23 17:56:36.864   684   713 E GraphicBuffer: [get:44] robin 
01-23 17:56:36.864   684   713 E GraphicBuffer: [initWithSize:191] robin 
01-23 17:56:36.864   684   713 E GraphicBufferMapper: [getTransportSize:115] robin 
01-23 17:56:36.864   684   713 E Gralloc2: [getTransportSize:206] robin 
01-23 17:56:36.864   684   713 E GraphicBuffer: [GraphicBuffer:75] robin 
01-23 17:56:36.864   684   713 E GraphicBuffer: [GraphicBuffer:89] robin 
01-23 17:56:36.864   684   713 E GraphicBuffer: [get:44] robin 
01-23 17:56:36.865   684   713 E GraphicBuffer: [initWithSize:191] robin 
01-23 17:56:36.865   684   713 E GraphicBufferMapper: [getTransportSize:115] robin 
01-23 17:56:36.865   684   713 E Gralloc2: [getTransportSize:206] robin 
01-23 17:56:36.865   684   713 E GraphicBuffer: [GraphicBuffer:75] robin 
01-23 17:56:36.865   684   713 E GraphicBuffer: [GraphicBuffer:89] robin 
01-23 17:56:36.865   684   713 E GraphicBuffer: [get:44] robin 
01-23 17:56:36.865   684   713 E GraphicBuffer: [initWithSize:191] robin 
01-23 17:56:36.865   684   713 E GraphicBufferMapper: [getTransportSize:115] robin 
01-23 17:56:36.865   684   713 E Gralloc2: [getTransportSize:206] robin 
01-23 17:56:36.865   684  2535 E GraphicBuffer: [GraphicBuffer:75] robin 
01-23 17:56:36.867   684  2535 V robin   : duplicate layer name: changing Surface(name=3f64e4b NavigationBar0)/@0xddfa3b1 - animation-leash to Surface(name=3f64e4b NavigationBar0)/@0xddfa3b1 - animation-leash#1
01-23 17:56:36.486   541   541 I msm_pcie_enable: PCIe RC1 PHY is ready!
01-23 17:56:36.487   541   541 I msm_pcie_enable: PCIe: Release the reset of endpoint of RC1.
01-23 17:56:36.487   544   544 I misc mnh_sm: mnh_sm_ready_irq_handler: mnh device is ready to boot
01-23 17:56:36.870  2047  2468 E GraphicBuffer: [GraphicBuffer:75] robin 
01-23 17:56:36.870  2047  2468 E GraphicBufferMapper: [getTransportSize:115] robin 
01-23 17:56:36.870  2047  2468 E Gralloc2: [getTransportSize:206] robin 
01-23 17:56:36.871   684  2535 E GraphicBuffer: [GraphicBuffer:75] robin 
01-23 17:56:36.871   684   684 V robin   : handlePageFlip
01-23 17:56:36.871   684   684 V robin   : performSetActiveConfig
01-23 17:56:36.872   916 32069 I android.hardware.camera.provider@2.4-service_64: [GOOG_STATS] PDLibData already assigned
01-23 17:56:36.872   916 32069 I android.hardware.camera.provider@2.4-service_64: [GOOG_STATS] Calling CreatePDLib in QC library
01-23 17:56:36.872   684  2535 E GraphicBuffer: [GraphicBuffer:75] robin 
01-23 17:56:36.873   684  2535 I chatty  : uid=1000(system) Binder:684_5 identical 20 lines
01-23 17:56:36.873   684  2535 E GraphicBuffer: [GraphicBuffer:75] robin 
01-23 17:56:36.874   684   684 V robin   : postComposition
01-23 17:56:36.877   684  1447 E GraphicBuffer: [GraphicBuffer:75] robin 
01-23 17:56:36.881   684  1447 I chatty  : uid=1000(system) Binder:684_3 identical 14 lines
01-23 17:56:36.881   684  1447 E GraphicBuffer: [GraphicBuffer:75] robin 
01-23 17:56:36.883 23862 23935 D CameraRender: onSurfaceCreated() called with: gl = [com.google.android.gles_jni.GLImpl@e9afb1], config = [com.google.android.gles_jni.EGLConfigImpl@aedec96]
01-23 17:56:36.883 23862 23935 E ByteFlow: MediaRecorderContext::GetContext
01-23 17:56:36.883 23862 23935 E ByteFlow: GLCameraRender::OnSurfaceCreated
01-23 17:56:36.883 23862 23935 E ByteFlow: /Users/renbinjiang/workspace/project/LearnFFmpeg/app/src/main/cpp/util/GLUtils.cpp:GLUtils::CreateProgram func start
01-23 17:56:36.883 23862 23935 E ByteFlow: /Users/renbinjiang/workspace/project/LearnFFmpeg/app/src/main/cpp/util/GLUtils.cpp:GLUtils::LoadShader func start
01-23 17:56:36.884 23862 23935 E ByteFlow: /Users/renbinjiang/workspace/project/LearnFFmpeg/app/src/main/cpp/util/GLUtils.cpp:GLUtils::LoadShader func cost time 1ms
01-23 17:56:36.884 23862 23935 E ByteFlow: /Users/renbinjiang/workspace/project/LearnFFmpeg/app/src/main/cpp/util/GLUtils.cpp:GLUtils::LoadShader func start
01-23 17:56:36.884 23862 23935 E ByteFlow: /Users/renbinjiang/workspace/project/LearnFFmpeg/app/src/main/cpp/util/GLUtils.cpp:GLUtils::LoadShader func cost time 0ms
01-23 17:56:36.885   684  2535 E GraphicBuffer: [GraphicBuffer:75] robin 
01-23 17:56:36.885   684  2535 E GraphicBuffer: [GraphicBuffer:89] robin 
01-23 17:56:36.885   684  2535 E GraphicBuffer: [get:44] robin 
01-23 17:56:36.885 23862 23935 E ByteFlow: /Users/renbinjiang/workspace/project/LearnFFmpeg/app/src/main/cpp/util/GLUtils.cpp:GLUtils::CreateProgram func cost time 2ms
01-23 17:56:36.885 23862 23935 E ByteFlow: GLUtils::CreateProgram program = 3
01-23 17:56:36.885 23862 23935 E ByteFlow: /Users/renbinjiang/workspace/project/LearnFFmpeg/app/src/main/cpp/util/GLUtils.cpp:GLUtils::CreateProgram func start
01-23 17:56:36.885 23862 23935 E ByteFlow: /Users/renbinjiang/workspace/project/LearnFFmpeg/app/src/main/cpp/util/GLUtils.cpp:GLUtils::LoadShader func start
01-23 17:56:36.885   684  1447 E GraphicBuffer: [GraphicBuffer:75] robin 
01-23 17:56:36.885 23862 23935 E ByteFlow: /Users/renbinjiang/workspace/project/LearnFFmpeg/app/src/main/cpp/util/GLUtils.cpp:GLUtils::LoadShader func cost time 0ms
01-23 17:56:36.885 23862 23935 E ByteFlow: /Users/renbinjiang/workspace/project/LearnFFmpeg/app/src/main/cpp/util/GLUtils.cpp:GLUtils::LoadShader func start
01-23 17:56:36.885 23862 23935 E ByteFlow: /Users/renbinjiang/workspace/project/LearnFFmpeg/app/src/main/cpp/util/GLUtils.cpp:GLUtils::LoadShader func cost time 0ms
01-23 17:56:36.885   684  2535 E GraphicBuffer: [initWithSize:191] robin 
01-23 17:56:36.885   684  2535 E GraphicBufferMapper: [getTransportSize:115] robin 
01-23 17:56:36.885   684  2535 E Gralloc2: [getTransportSize:206] robin 
01-23 17:56:36.885 23862 23935 E ByteFlow: /Users/renbinjiang/workspace/project/LearnFFmpeg/app/src/main/cpp/util/GLUtils.cpp:GLUtils::CreateProgram func cost time 0ms
01-23 17:56:36.885 23862 23935 E ByteFlow: GLUtils::CreateProgram program = 6
01-23 17:56:36.885 23862 23884 E GraphicBuffer: [GraphicBuffer:75] robin 
01-23 17:56:36.886 23862 23884 E GraphicBufferMapper: [getTransportSize:115] robin 
01-23 17:56:36.886 23862 23884 E Gralloc2: [getTransportSize:206] robin 
01-23 17:56:36.886 23862 23935 D CameraRender: onSurfaceChanged() called with: gl = [com.google.android.gles_jni.GLImpl@e9afb1], width = [1440], height = [1920]
01-23 17:56:36.886 23862 23935 E ByteFlow: MediaRecorderContext::GetContext
01-23 17:56:36.886 23862 23935 E ByteFlow: GLCameraRender::OnSurfaceChanged [w, h]=[1440, 1920]
01-23 17:56:36.886 23862 23935 D CameraRender: onDrawFrame() called with: gl = [com.google.android.gles_jni.GLImpl@e9afb1]
01-23 17:56:36.886 23862 23935 E ByteFlow: MediaRecorderContext::GetContext
01-23 17:56:36.886   684  1447 E GraphicBuffer: [GraphicBuffer:75] robin 
01-23 17:56:36.886   684  1447 E GraphicBuffer: [GraphicBuffer:89] robin 
01-23 17:56:36.886   684  1447 E GraphicBuffer: [get:44] robin 
01-23 17:56:36.886   684  1447 E GraphicBuffer: [initWithSize:191] robin 
01-23 17:56:36.886   684  1447 E GraphicBufferMapper: [getTransportSize:115] robin 
01-23 17:56:36.886   684  1447 E Gralloc2: [getTransportSize:206] robin 
01-23 17:56:36.886 23862 23935 E GraphicBuffer: [GraphicBuffer:75] robin 
01-23 17:56:36.886 23862 23935 E GraphicBufferMapper: [getTransportSize:115] robin 
01-23 17:56:36.886 23862 23935 E Gralloc2: [getTransportSize:206] robin 
01-23 17:56:36.509 32069 32069 E CAM_ERR : CAM-CCI: cam_cci_read: 1019 read_words = 0, exp words = 1
01-23 17:56:36.509 32069 32069 E CAM_ERR : CAM-CCI: cam_cci_read_bytes: 1233 failed rc -22
01-23 17:56:36.509 32069 32069 E CAM_ERR : CAM-SENSOR: cam_cci_i2c_read: 41 rc = -22
01-23 17:56:36.509 32069 32069 I read_rainbow_sensor_id failed(non-fatal): -22
01-23 17:56:36.509 32069 32069 I CAM_INFO: CAM-SENSOR: cam_sensor_driver_cmd: 870 CAM_ACQUIRE_DEV Success, sensor_id:0x0,sensor_slave_addr:0x34
01-23 17:56:36.888   684  1447 E GraphicBuffer: [GraphicBuffer:75] robin 
01-23 17:56:36.888   684  2535 E GraphicBuffer: [GraphicBuffer:75] robin 
01-23 17:56:36.888 23862 23935 D CameraRender: onDrawFrame() called with: gl = [com.google.android.gles_jni.GLImpl@e9afb1]
01-23 17:56:36.888   684  1447 E GraphicBuffer: [GraphicBuffer:75] robin 
01-23 17:56:36.888   684  2535 E GraphicBuffer: [GraphicBuffer:75] robin 
01-23 17:56:36.888   684  1447 E GraphicBuffer: [GraphicBuffer:75] robin 
01-23 17:56:36.888 23862 23935 E ByteFlow: MediaRecorderContext::GetContext
01-23 17:56:36.888   684  1447 E GraphicBuffer: [GraphicBuffer:75] robin 
01-23 17:56:36.888   684  1447 I chatty  : uid=1000(system) Binder:684_3 identical 3 lines
01-23 17:56:36.888   684  1447 E GraphicBuffer: [GraphicBuffer:75] robin 
01-23 17:56:36.888   684   684 V robin   : handlePageFlip
01-23 17:56:36.888   684  1447 E GraphicBuffer: [GraphicBuffer:75] robin 
01-23 17:56:36.888   684  1447 I chatty  : uid=1000(system) Binder:684_3 identical 1 line
01-23 17:56:36.888   684  1447 E GraphicBuffer: [GraphicBuffer:75] robin 
01-23 17:56:36.888   684   713 E GraphicBuffer: [GraphicBuffer:75] robin 
01-23 17:56:36.888   684   713 E GraphicBuffer: [GraphicBuffer:89] robin 
01-23 17:56:36.888   684   713 E GraphicBuffer: [get:44] robin 
01-23 17:56:36.888   684   684 V robin   : performSetActiveConfig
01-23 17:56:36.889   684   713 E GraphicBuffer: [initWithSize:191] robin 
01-23 17:56:36.889   684   713 E GraphicBufferMapper: [getTransportSize:115] robin 
01-23 17:56:36.889   684   713 E Gralloc2: [getTransportSize:206] robin 
01-23 17:56:36.889 23862 23935 E GraphicBuffer: [GraphicBuffer:75] robin 
01-23 17:56:36.889 23862 23935 E GraphicBufferMapper: [getTransportSize:115] robin 
01-23 17:56:36.889 23862 23935 E Gralloc2: [getTransportSize:206] robin 
01-23 17:56:36.890   684  2535 E GraphicBuffer: [GraphicBuffer:75] robin 
01-23 17:56:36.890   684  2535 E GraphicBuffer: [GraphicBuffer:75] robin 
01-23 17:56:36.891   684   684 V robin   : postComposition
01-23 17:56:36.891   933   933 I sensors-hal: batch_physical_sensor:285, android.sensor.gyroscope/41, period=5000000, max_latency=0
01-23 17:56:36.891   933   933 I sensors-hal: batch_physical_sensor:296, android.sensor.gyroscope/41, period=5000000, max_latency=0 request completed
01-23 17:56:36.892   933   933 I sensors-hal: activate_physical_sensor:220, android.sensor.gyroscope/41 en=1
01-23 17:56:36.892   933   933 I sensors-hal: get_qmi_debug_flag:233, support_qmi_debug : false
01-23 17:56:36.893   933   933 I sensors-hal: get_qmi_debug_flag:233, support_qmi_debug : false
01-23 17:56:36.893   933   933 I sensors-hal: activate_physical_sensor:233, android.sensor.gyroscope/41 en=1 completed
01-23 17:56:36.894   684   713 E GraphicBuffer: [GraphicBuffer:75] robin 
01-23 17:56:36.896   916 32069 E CamX    : [ERROR][STATS_AEC] aec_set.cpp:1586: aec_set_init_chromatix_sensor aec_set_init_chromatix_sensor is called before LoadTuning
01-23 17:56:36.896   916 32069 E CamX    : [ERROR][STATS_AEC] aec_get.cpp:575: aec_get_param Wrong sequence! Get exposure before AE init idx=-1
01-23 17:56:36.896   916 32069 E CamX    : [ERROR][STATS_AEC] camxae.cpp:1801: AecGetStartExposure aec get parameter failed
01-23 17:56:36.896   916 32069 E CamX    : [ERROR][STATS_AEC] camxcaecstatsprocessor.cpp:1757 PopulatePropPoolFrameControl() Invalid exposure parameters: gain: 0.000000, exposureTime: 0
01-23 17:56:36.897   684   713 E GraphicBuffer: [GraphicBuffer:75] robin 
01-23 17:56:36.519   541   541 I msm_pcie_enable: PCIe RC1 link initialized
01-23 17:56:36.899   684   713 I chatty  : uid=1000(system) Binder:684_1 identical 10 lines
01-23 17:56:36.899   684   713 E GraphicBuffer: [GraphicBuffer:75] robin 
01-23 17:56:36.899   933 23952 I sensors-hal: handle_indication_realtime:451,  SCHED_FIFO(10) for qmi_cbk
01-23 17:56:36.899   933 23956 I sensors-hal: handle_indication_realtime:451,  SCHED_FIFO(10) for qmi_cbk
01-23 17:56:36.902  1516  1702 I ActivityTaskManager: Displayed com.byteflow.learnffmpeg/.AVRecorderActivity: +158ms
01-23 17:56:36.903   684  2535 E GraphicBuffer: [GraphicBuffer:75] robin 
01-23 17:56:36.904   684  2535 I chatty  : uid=1000(system) Binder:684_5 identical 17 lines
01-23 17:56:36.904   684  2535 E GraphicBuffer: [GraphicBuffer:75] robin 
01-23 17:56:36.904   684   713 E GraphicBuffer: [GraphicBuffer:75] robin 
01-23 17:56:36.904   684  2535 E GraphicBuffer: [GraphicBuffer:75] robin 
01-23 17:56:36.904   684  2535 I chatty  : uid=1000(system) Binder:684_5 identical 1 line
01-23 17:56:36.904   684  2535 E GraphicBuffer: [GraphicBuffer:75] robin 
01-23 17:56:36.904   684   713 E GraphicBuffer: [GraphicBuffer:75] robin 
01-23 17:56:36.905   684  2535 E GraphicBuffer: [GraphicBuffer:75] robin 
01-23 17:56:36.905   684   713 E GraphicBuffer: [GraphicBuffer:75] robin 
01-23 17:56:36.905   684   684 V robin   : handlePageFlip
01-23 17:56:36.905   684  1447 E GraphicBuffer: [GraphicBuffer:75] robin 
01-23 17:56:36.905   684   713 E GraphicBuffer: [GraphicBuffer:75] robin 
01-23 17:56:36.905   684   713 E GraphicBuffer: [GraphicBuffer:75] robin 
01-23 17:56:36.905   684   684 V robin   : performSetActiveConfig
01-23 17:56:36.527  1545  1545 I CAM_INFO: CAM-SENSOR: cam_sensor_util_request_gpio_table: 754 No GPIO data
01-23 17:56:36.527  1545  1545 I CAM_INFO: CAM-SENSOR: msm_cam_sensor_handle_reg_gpio: 1392 Input Parameters are not proper
01-23 17:56:36.906   916 32069 D CamX    : [DEBUG][STATS_AWB] camxcawbstatsprocessor.cpp:749 SetOperationModetoAlgo() Mode set to Algo: 1
01-23 17:56:36.907   684   713 E GraphicBuffer: [GraphicBuffer:75] robin 
01-23 17:56:36.908   684   713 E GraphicBuffer: [GraphicBuffer:75] robin 
01-23 17:56:36.908   684   713 E GraphicBuffer: [GraphicBuffer:89] robin 
01-23 17:56:36.908   684   713 E GraphicBuffer: [get:44] robin 
01-23 17:56:36.908   684   684 V robin   : postComposition
01-23 17:56:36.908   684   713 E GraphicBuffer: [initWithSize:191] robin 
01-23 17:56:36.908   684   713 E GraphicBufferMapper: [getTransportSize:115] robin 
01-23 17:56:36.908   684   713 E Gralloc2: [getTransportSize:206] robin 
01-23 17:56:36.908 23862 23884 E GraphicBuffer: [GraphicBuffer:75] robin 
01-23 17:56:36.908 23862 23884 E GraphicBufferMapper: [getTransportSize:115] robin 
01-23 17:56:36.909 23862 23884 E Gralloc2: [getTransportSize:206] robin 
01-23 17:56:36.909   933   933 I sensors-hal: flush_physical_sensor:328, android.sensor.gyroscope/41
01-23 17:56:36.909   933   933 I sensors-hal: flush_physical_sensor:336, android.sensor.gyroscope/41 completed
01-23 17:56:36.913   933  1024 I VSC     : @ 497621.381: {Fusion} configure fusion 9 19230us 0us.
01-23 17:56:36.913   933  1024 D VSC     : @ 497621.381: [Gravity Sensor] Request accel, interval 19.2 ms, latency 0.0 ms
01-23 17:56:36.913   684  2535 V robin   : duplicate layer name: changing Surface(name=dd52d47 InputMethod)/@0x7a84f12 - animation-leash to Surface(name=dd52d47 InputMethod)/@0x7a84f12 - animation-leash#1
01-23 17:56:36.915   933  1024 D VSC     : @ 497621.382: [Gravity Sensor] Request gyro, interval 5.0 ms, latency 0.0 ms
01-23 17:56:36.537  1545  1545 E CAM_ERR : CAM-CCI: cam_cci_read: 1019 read_words = 0, exp words = 1
01-23 17:56:36.537  1545  1545 E CAM_ERR : CAM-CCI: cam_cci_read_bytes: 1233 failed rc -22
01-23 17:56:36.537  1545  1545 E CAM_ERR : CAM-SENSOR: cam_cci_i2c_read: 41 rc = -22
01-23 17:56:36.537  1545  1545 I read_rainbow_sensor_id failed(non-fatal): -22
01-23 17:56:36.537  1545  1545 I CAM_INFO: CAM-ACTUATOR: check_act_ltc_disable: 306 [LTC] LTC is enable
01-23 17:56:36.537  1545  1545 I CAM_INFO: CAM-SENSOR: checkRearVCMLTC: 660 [LTC] isRearVCMInitDownload=0
01-23 17:56:36.537  1545  1545 I CAM_INFO: CAM-SENSOR: checkRearVCMLTC: 678 [LTC] check communication success
01-23 17:56:36.539  1545  1545 I CAM_INFO: CAM-SENSOR: checkRearVCMLTC: 698 [LTC] init_temp = 0xef
01-23 17:56:36.921   933  1024 D ASH     : @ 497621.388: SensorType 1 resampler quality 3
01-23 17:56:36.921   933  1024 D ASH     : @ 497621.388: SensorType 195 resampler quality 2
01-23 17:56:36.921   684  2535 E GraphicBuffer: [GraphicBuffer:75] robin 
01-23 17:56:36.921   684  2535 E GraphicBuffer: [GraphicBuffer:75] robin 
01-23 17:56:36.921   684   713 E GraphicBuffer: [GraphicBuffer:75] robin 
01-23 17:56:36.921   684  2535 E GraphicBuffer: [GraphicBuffer:75] robin 
01-23 17:56:36.921   684   713 E GraphicBuffer: [GraphicBuffer:75] robin 
01-23 17:56:36.921   684  2535 E GraphicBuffer: [GraphicBuffer:75] robin 
01-23 17:56:36.921   684   713 E GraphicBuffer: [GraphicBuffer:75] robin 
01-23 17:56:36.921   684  2535 E GraphicBuffer: [GraphicBuffer:75] robin 
01-23 17:56:36.921   684   713 E GraphicBuffer: [GraphicBuffer:75] robin 
01-23 17:56:36.921   684   713 I chatty  : uid=1000(system) Binder:684_1 identical 2 lines
01-23 17:56:36.921   684   713 E GraphicBuffer: [GraphicBuffer:75] robin 
01-23 17:56:36.921   684   684 V robin   : handlePageFlip
01-23 17:56:36.921   684   713 E GraphicBuffer: [GraphicBuffer:75] robin 
01-23 17:56:36.921   684   713 I chatty  : uid=1000(system) Binder:684_1 identical 4 lines
01-23 17:56:36.921   684   713 E GraphicBuffer: [GraphicBuffer:75] robin 
01-23 17:56:36.921   684  2535 E GraphicBuffer: [GraphicBuffer:75] robin 
01-23 17:56:36.922   684   684 V robin   : performSetActiveConfig
01-23 17:56:36.923   684  2535 E GraphicBuffer: [GraphicBuffer:75] robin 
01-23 17:56:36.925   684   684 V robin   : postComposition
01-23 17:56:36.938   684   713 E GraphicBuffer: [GraphicBuffer:75] robin 
01-23 17:56:36.938   684  2535 E GraphicBuffer: [GraphicBuffer:75] robin 
01-23 17:56:36.938   684  2535 E GraphicBuffer: [GraphicBuffer:75] robin 
01-23 17:56:36.938   684  1447 E GraphicBuffer: [GraphicBuffer:75] robin 
01-23 17:56:36.938   684  2535 E GraphicBuffer: [GraphicBuffer:75] robin 
01-23 17:56:36.938   684   684 V robin   : handlePageFlip
01-23 17:56:36.938   684  2535 E GraphicBuffer: [GraphicBuffer:75] robin 
01-23 17:56:36.938   684  2535 E GraphicBuffer: [GraphicBuffer:75] robin 
01-23 17:56:36.938   684   684 V robin   : performSetActiveConfig
01-23 17:56:36.939   684  2535 E GraphicBuffer: [GraphicBuffer:75] robin 
01-23 17:56:36.559  1545  1545 I CAM_INFO: CAM-SENSOR: checkRearVCMLTC: 742 [LTC] Enable LTC Function
01-23 17:56:36.560  1545  1545 I CAM_INFO: CAM-ACTUATOR: check_act_ltc_disable: 306 [LTC] LTC is enable
01-23 17:56:36.560  1545  1545 I CAM_INFO: CAM-SENSOR: checkRearVCMLTC: 660 [LTC] isRearVCMInitDownload=1
01-23 17:56:36.560  1545  1545 I CAM_INFO: CAM-SENSOR: cam_sensor_util_request_gpio_table: 754 No GPIO data
01-23 17:56:36.560  1545  1545 I CAM_INFO: CAM-SENSOR: msm_cam_sensor_handle_reg_gpio: 1392 Input Parameters are not proper
01-23 17:56:36.560  1545  1545 E CAM_ERR : CAM-CCI: cam_cci_read: 1019 read_words = 0, exp words = 1
01-23 17:56:36.560  1545  1545 E CAM_ERR : CAM-CCI: cam_cci_read_bytes: 1233 failed rc -22
01-23 17:56:36.560  1545  1545 E CAM_ERR : CAM-SENSOR: cam_cci_i2c_read: 41 rc = -22
01-23 17:56:36.560  1545  1545 I read_rainbow_sensor_id failed(non-fatal): -22
01-23 17:56:36.562  1545  1545 E CAM_ERR : CAM-SENSOR: cam_cci_i2c_poll: 222 poll failed rc=1(non-fatal)
01-23 17:56:36.939   684  2535 I chatty  : uid=1000(system) Binder:684_5 identical 5 lines
01-23 17:56:36.939   684  2535 E GraphicBuffer: [GraphicBuffer:75] robin 
01-23 17:56:36.941   916  1545 I android.hardware.camera.provider@2.4-service_64: [GOOG_STATS] PDAF wrapper is successfully initialized
01-23 17:56:36.941   916  1545 I android.hardware.camera.provider@2.4-service_64: [GOOG_STATS] PDAF infinity DAC = -232, macro DAC = 492, image bits = 8
01-23 17:56:36.941   916  1545 I android.hardware.camera.provider@2.4-service_64: [GOOG_STATS] doDefaultPDProcess = 0
01-23 17:56:36.941   916  1545 I android.hardware.camera.provider@2.4-service_64: [GOOG_STATS] Calling QC PDLibInitialize: run on sparse PD = 0
01-23 17:56:36.942   684   684 V robin   : postComposition
01-23 17:56:36.943   916 32069 I GoogSensorSync: GoogSensorSync 67 Sensor sync camera ID: 0
01-23 17:56:36.944   916 32069 I GoogSensorSync: GetSensorHandle 109 handle for 0 is found.
01-23 17:56:36.564 23960 23960 E CAM_ERR : CAM-CCI: cam_cci_read: 1019 read_words = 0, exp words = 1
01-23 17:56:36.564 23960 23960 E CAM_ERR : CAM-CCI: cam_cci_read_bytes: 1233 failed rc -22
01-23 17:56:36.564 23960 23960 E CAM_ERR : CAM-SENSOR: cam_cci_i2c_read: 41 rc = -22
01-23 17:56:36.564 23960 23960 I read_rainbow_sensor_id failed(non-fatal): -22
01-23 17:56:36.564   541   541 I misc mnh_sm: mnh_sm_set_state: finished state 1
01-23 17:56:36.945   933   933 I sensors-hal: batch_physical_sensor:285, com.google.sensor.camera_vsync/11051, period=5000000, max_latency=0
01-23 17:56:36.945   933   933 I sensors-hal: batch_physical_sensor:296, com.google.sensor.camera_vsync/11051, period=5000000, max_latency=0 request completed
01-23 17:56:36.945   933   933 I sensors-hal: activate_physical_sensor:220, com.google.sensor.camera_vsync/11051 en=1
01-23 17:56:36.945   933   933 I sensors-hal: get_qmi_debug_flag:233, support_qmi_debug : false
01-23 17:56:36.946   933   933 I sensors-hal: activate_physical_sensor:233, com.google.sensor.camera_vsync/11051 en=1 completed
01-23 17:56:36.946   916 32069 I CHIUSECASE: Build: building a session with pipeline for camera id 0
01-23 17:56:36.947   916 23960 I native  : flicker_wrapper.cc:82 FlickerCreate
01-23 17:56:36.947   916 23960 I native  : flicker_wrapper.cc:87 Using default flicker parameters.
01-23 17:56:36.950  1146  1146 I EaselPowerBlue: [TIME_LOGGER] resume took 93 ms
01-23 17:56:36.953   916 32069 I GoogSensorSync: GoogSensorSync 67 Sensor sync camera ID: 0
01-23 17:56:36.954   916 23942 I native  : easel_manager_callback.cc:34 COMMAND_PROCESSOR_3PA on easel started
01-23 17:56:36.954   916 23941 I native  : session.cc:71 SetEaselPortId:13
01-23 17:56:36.954   684  2535 E GraphicBuffer: [GraphicBuffer:75] robin 
01-23 17:56:36.954   684  1447 E GraphicBuffer: [GraphicBuffer:75] robin 
01-23 17:56:36.954   684  2535 E GraphicBuffer: [GraphicBuffer:75] robin 
01-23 17:56:36.954   684  2535 I chatty  : uid=1000(system) Binder:684_5 identical 1 line
01-23 17:56:36.954   684  2535 E GraphicBuffer: [GraphicBuffer:75] robin 
01-23 17:56:36.954   684   714 E GraphicBuffer: [GraphicBuffer:75] robin 
01-23 17:56:36.954   684   714 I chatty  : uid=1000(system) Binder:684_2 identical 1 line
01-23 17:56:36.954   684   714 E GraphicBuffer: [GraphicBuffer:75] robin 
01-23 17:56:36.954   684   684 E GraphicBuffer: [get:44] robin 
01-23 17:56:36.954   684   714 E GraphicBuffer: [GraphicBuffer:75] robin 
01-23 17:56:36.955   684   714 I chatty  : uid=1000(system) Binder:684_2 identical 8 lines
01-23 17:56:36.955   684   714 E GraphicBuffer: [GraphicBuffer:75] robin 
01-23 17:56:36.955   916 23941 I native  : ipu_wake_lock.cc:95 IpuWakeLock::WaitAcquire:0x7a0ac04118:0
01-23 17:56:36.955   916 23941 I native  : easel_service_control.cc:326 RunReferenceCountIncrement run_reference_count_=2
01-23 17:56:36.955   916 23941 I native  : ipu_wake_lock.cc:69 IpuWakeLock::Request:0x7ad4b6ac28:2
01-23 17:56:36.955   916 23941 I native  : session.cc:71 SetEaselPortId:13
01-23 17:56:36.955   916 23941 I native  : ipu_wake_lock.cc:95 IpuWakeLock::WaitAcquire:0x7ad4b6ac28:0
01-23 17:56:36.955   916 23941 I native  : ipu_wake_lock.cc:75 IpuWakeLock::Release:0x7a0ac04118
01-23 17:56:36.955   916 23941 I native  : easel_service_control.cc:345 RunReferenceCountDecrement run_reference_count_=1
01-23 17:56:36.955   916 32108 I native  : ipu_keepalive.cc:85 IpuKeepAliveThread: PING (sync)
01-23 17:56:36.955   916 23941 I native  : gcam.cc:402 Gcam thread id = 23941
01-23 17:56:36.955   916 23941 I libgcam : [gcam.cc:441]: Initializing camera 0: device crosshatch, device code d339b9dde7e299d2e826208175a079b3, sensor ID 0.
01-23 17:56:36.955   684   684 V robin   : handlePageFlip
01-23 17:56:36.955   916 23941 I native  : gcam.cc:462 halide_ipu_set_timeout=2s
01-23 17:56:36.955   916 32069 I GoogSensorSync: GetSensorHandle 109 handle for 0 is found.
01-23 17:56:36.955   916 23941 I native  : easel_service_control.cc:326 RunReferenceCountIncrement run_reference_count_=2
01-23 17:56:36.955   916 23941 I native  : ipu_wake_lock.cc:69 IpuWakeLock::Request:0x7a0ac04278:9
01-23 17:56:36.955   916 23941 I native  : session.cc:71 SetEaselPortId:13
01-23 17:56:36.955   916 23941 I native  : ipu_wake_lock.cc:95 IpuWakeLock::WaitAcquire:0x7a0ac04278:0
01-23 17:56:36.955   916 23941 I native  : imx_fine_grain_client.cc:47 Acquire ImxSession Reference. reference_count_=2
01-23 17:56:36.955   916 23941 I native  : ipu_wake_lock.cc:75 IpuWakeLock::Release:0x7a0ac04278
01-23 17:56:36.955   916 23941 I native  : easel_service_control.cc:345 RunReferenceCountDecrement run_reference_count_=1
01-23 17:56:36.955   684   684 V robin   : performSetActiveConfig
01-23 17:56:36.956   916 32069 I CHIUSECASE: UpdateBufferManagementSupportVersion: ANDROID_INFO_SUPPORTED_BUFFER_MANAGEMENT_VERSION = 0
01-23 17:56:36.956   916 32069 I CHIUSECASE: InitializeStreamBufferCacheManager: Creating stream buffer cache manager for stream 0x7b14b65618.
01-23 17:56:36.956   916 32069 I CHIUSECASE: StreamBufferCache: reserved buffer will be allocated during signaled stream configured. 
01-23 17:56:36.956  1146  1181 I EaselThermalMonitor: (Low) mnh_cpu: 25.17, mnh_ipu1: 25.46, mnh_ipu2: 22.58, mnh_lpddr: 23.62
01-23 17:56:36.956  1146  1181 I EaselThermalMonitor: Cooling Device: mnh cur_state 0 max_state 4
01-23 17:56:36.957  1146  1181 I EaselManagerServer: Old thermal condition: 4, new thermal condition: 0
01-23 17:56:36.957  1146  1181 I EaselPowerBlue: [TIME_LOGGER] setClockMode took 0 ms
01-23 17:56:36.957   916 23941 I libgcam : [gcam.cc:557]: Gcam initialized.
01-23 17:56:36.957   916 23941 I HdrplusProcessing: InitializeGcam: Initialized GCAM.
01-23 17:56:36.957   916 32069 I CHIUSECASE: StreamBufferCache: StreamBufferCache successfully created for stream 0x7b14b65618 capacity 1
01-23 17:56:36.958   916 32069 I CHIUSECASE: InitializeStreamBufferCacheManager: Creating stream buffer cache manager for stream 0x7b14b7f6b8.
01-23 17:56:36.958   916 32069 I CHIUSECASE: StreamBufferCache: reserved buffer will be allocated during signaled stream configured. 
01-23 17:56:36.958  1146  1146 I EaselThermalMonitor: Cooling Device: mnh cur_state 0 max_state 4
01-23 17:56:36.958   916 32069 I CHIUSECASE: StreamBufferCache: StreamBufferCache successfully created for stream 0x7b14b7f6b8 capacity 1
01-23 17:56:36.958   916 32069 D CHIUSECASE: Create: Initialized Google use case successfully.
01-23 17:56:36.958   684   684 V robin   : postComposition
01-23 17:56:36.960  1125 23939 D Camera3-Device: Set real time priority for request queue thread (tid 23939)
01-23 17:56:36.960   916   916 I CHIUSECASE: UpdateBufferManagementSupportVersion: ANDROID_INFO_SUPPORTED_BUFFER_MANAGEMENT_VERSION = 0
01-23 17:56:36.960   916   916 I CHIUSECASE: SignalStreamConfigured: StreamBufferCacheManager allocated reserved buffer for stream 0x7b14b65618.
01-23 17:56:36.960   916   916 I CHIUSECASE: ExecuteCaptureRequest: stream 0x7b14b65618 first request arrived. Signal for stream configuration complete.
01-23 17:56:36.960   916   916 I CHIUSECASE: SubmitRequest: ActivatePipeline camera id 0
01-23 17:56:36.960 23862 23948 E GraphicBuffer: [GraphicBuffer:75] robin 
01-23 17:56:36.960 23862 23948 E GraphicBuffer: [GraphicBuffer:89] robin 
01-23 17:56:36.960 23862 23948 E GraphicBuffer: [get:44] robin 
01-23 17:56:36.961   640   640 I hwservicemanager: getTransport: Cannot find entry android.hardware.graphics.allocator@4.0::IAllocator/default in either framework or device manifest.
01-23 17:56:36.961 23862 23948 W Gralloc4: allocator 3.x is not supported
01-23 17:56:36.961   640   640 I hwservicemanager: getTransport: Cannot find entry android.hardware.graphics.allocator@3.0::IAllocator/default in either framework or device manifest.
01-23 17:56:36.961 23862 23948 W Gralloc3: allocator 3.x is not supported
01-23 17:56:36.962 23862 23948 E GraphicBuffer: [initWithSize:191] robin 
01-23 17:56:36.962 23862 23948 E GraphicBufferMapper: [getTransportSize:115] robin 
01-23 17:56:36.962 23862 23948 E Gralloc2: [getTransportSize:206] robin 
01-23 17:56:36.962  1125 32084 E GraphicBuffer: [GraphicBuffer:75] robin 
01-23 17:56:36.962  1125 32084 E GraphicBufferMapper: [getTransportSize:115] robin 
01-23 17:56:36.962  1125 32084 E Gralloc2: [getTransportSize:206] robin 
01-23 17:56:36.593   916   916 I CAM_INFO: CAM-SENSOR: cam_sensor_driver_cmd: 956 CAM_START_DEV Success, sensor_id:0x0,sensor_slave_addr:0x34
01-23 17:56:36.971   684  2535 E GraphicBuffer: [GraphicBuffer:75] robin 
01-23 17:56:36.971   684   714 E GraphicBuffer: [GraphicBuffer:75] robin 
01-23 17:56:36.971   684   714 E GraphicBuffer: [GraphicBuffer:75] robin 
01-23 17:56:36.971   684  2535 E GraphicBuffer: [GraphicBuffer:75] robin 
01-23 17:56:36.971   684   714 E GraphicBuffer: [GraphicBuffer:75] robin 
01-23 17:56:36.971   684   684 V robin   : handlePageFlip
01-23 17:56:36.971   684  2535 E GraphicBuffer: [GraphicBuffer:75] robin 
01-23 17:56:36.971   684   714 E GraphicBuffer: [GraphicBuffer:75] robin 
01-23 17:56:36.971   684  2535 E GraphicBuffer: [GraphicBuffer:75] robin 
01-23 17:56:36.971   684  2535 I chatty  : uid=1000(system) Binder:684_5 identical 4 lines
01-23 17:56:36.971   684  2535 E GraphicBuffer: [GraphicBuffer:75] robin 
01-23 17:56:36.971   684  1447 E GraphicBuffer: [GraphicBuffer:75] robin 
01-23 17:56:36.971   684   684 V robin   : performSetActiveConfig
01-23 17:56:36.973   916   916 D CHIUSECASE: ModifyPipelineRequest: First request with preview intent. ZSL starts.
01-23 17:56:36.974   933 23963 I sensors-hal: handle_indication_realtime:451,  SCHED_FIFO(10) for qmi_cbk
01-23 17:56:36.974   916  1546 D CamX    : [DEBUG][STATS  ] camxae.cpp:2297 AECLoadTuning() load tuning(cameraID,SensorMode,Usecase)=(0,0,0),opMode=2, name:IMX363 Full
01-23 17:56:36.977   684   684 V robin   : postComposition
01-23 17:56:36.597  1547  1547 I CAM_INFO: CAM-OIS: cam_ois_start_shift_reader: 660 Successfully started OIS shift reader.
