01-23 17:56:44.056   916 32069 D CamX    : [DEBUG][CORE   ] camxsession.cpp:88 ~Session() Session::~Session 0x7a0dde7040
01-23 17:56:44.058   933   933 I sensors-hal: activate_physical_sensor:220, com.google.sensor.camera_vsync/11051 en=0
01-23 17:56:44.059   933   933 I sensors-hal: activate_physical_sensor:233, com.google.sensor.camera_vsync/11051 en=0 completed
01-23 17:56:44.059   916 32069 I GoogSensorSync: ~GoogSensorSync 72 Total failure/sync for camera 0: 0/0
01-23 17:56:44.062   916 32069 I native  : easel_service_control.cc:326 RunReferenceCountIncrement run_reference_count_=2
01-23 17:56:44.062   916 32069 I native  : ipu_wake_lock.cc:69 IpuWakeLock::Request:0x79e6c98438:9
01-23 17:56:44.062   916 32069 I native  : session.cc:71 SetEaselPortId:13
01-23 17:56:44.062   916 32069 I native  : ipu_wake_lock.cc:95 IpuWakeLock::WaitAcquire:0x79e6c98438:0
01-23 17:56:44.062   916 32069 I native  : imx_fine_grain_client.cc:68 Release ImxSession Reference. reference_count_=1
01-23 17:56:44.062   916 32069 I native  : ipu_wake_lock.cc:75 IpuWakeLock::Release:0x7aa4b763d8
01-23 17:56:44.062   916 32069 I native  : easel_service_control.cc:291 SuspendReferenceCountDecrement suspend_reference_count_=1
01-23 17:56:44.062   916 32069 I native  : ipu_wake_lock.cc:75 IpuWakeLock::Release:0x79e6c98438
01-23 17:56:44.062   916 32108 I native  : ipu_keepalive.cc:75 IpuKeepAliveThread: Releasing run reference since no Gcam objects are left.
01-23 17:56:44.062   916 32069 I native  : easel_service_control.cc:345 RunReferenceCountDecrement run_reference_count_=1
01-23 17:56:44.062   916 32108 I native  : ipu_wake_lock.cc:75 IpuWakeLock::Release:0x7ad4b6ac28
01-23 17:56:44.062   916 32108 I native  : easel_service_control.cc:345 RunReferenceCountDecrement run_reference_count_=0
01-23 17:56:44.062   916 32108 I native  : easel_service_control.cc:352 EaselServiceControl Suspend
01-23 17:56:44.062   916 32108 I native  : easel_service_control.cc:652 COMMAND_PROCESSOR_3PA: SuspendInternal
01-23 17:56:43.685   541   541 I misc mnh_sm: mnh_sm_set_state: request state 2
01-23 17:56:44.064   916 23970 I CHIUSECASE: DumpState: ==== Dumping StreamBufferCacheManager Begin ====
01-23 17:56:44.064   916 23970 I CHIUSECASE: DumpState: == SBC[stream: 0x7b14b7f6b8] reserved: 0x0 cache size: 0
01-23 17:56:44.064   916 23970 I CHIUSECASE: DumpState: == SBC[stream: 0x7b14b65618] reserved: 0x7b44b674f0 cache size: 0
01-23 17:56:44.064   916 23970 I CHIUSECASE: DumpState: ==== Dumping StreamBufferCacheManager End ====
01-23 17:56:44.064   916 23970 I CHIUSECASE: RefillReturnThreadLoop: RefillReturnThreadLoop exits.
01-23 17:56:44.065   916 32069 I CHIUSECASE: DumpQueueState: ===== Dumping PendingResultDispatcher State Begin =====
01-23 17:56:44.065   916 32069 I CHIUSECASE: DumpQueueState: shutter frameNum queue len = 0 | result queue len = 0.
01-23 17:56:44.065   916 32069 I CHIUSECASE: DumpQueueState: metadata frameNum queue len = 0 | result queue len = 0.
01-23 17:56:44.065   916 32069 I CHIUSECASE: DumpQueueState: outputStream frameNum queue len = 0 | result queue len = 0.
01-23 17:56:44.065   916 32069 I CHIUSECASE: DumpQueueState: outputStream frameNum queue len = 0 | result queue len = 0.
01-23 17:56:44.065   916 32069 I CHIUSECASE: DumpQueueState: inputstream frameNum queue len = 0 | result queue len = 0.
01-23 17:56:44.065   916 32069 I CHIUSECASE: DumpQueueState: ===== Dumping PendingResultDispatcher State End =====
01-23 17:56:44.065   916 32069 D CHIUSECASE: ExtensionModule::TeardownOverrideSession Exit
01-23 17:56:44.065  1125  1913 I CameraProviderManager: Camera device device@3.5/legacy/0 torch status is now AVAILABLE_OFF
01-23 17:56:44.065  1125  1913 I CameraService: onTorchStatusChangedLocked: Torch status changed for cameraId=0, newStatus=1
01-23 17:56:43.687  1913  1913 I binder  : 1125:1913 transaction failed 29189/-22, size 96-0 line 3165
01-23 17:56:44.065  1125  1913 W Camera3-OutputStream: disconnectLocked: While disconnecting stream 0 from native window, the native window died from under us
01-23 17:56:44.066  1125  1913 I CameraLatencyHistogram: Stream 0 dequeueBuffer latency histogram (117) samples:
01-23 17:56:44.066  1125  1913 I CameraLatencyHistogram:         5     10     15     20     25     30     35     40     45    inf (max ms)
01-23 17:56:44.066  1125  1913 I CameraLatencyHistogram:      100.00   0.00   0.00   0.00   0.00   0.00   0.00   0.00   0.00   0.00 (%)
01-23 17:56:44.066  1125  1913 W Camera3-OutputStream: disconnectLocked: While disconnecting stream 1 from native window, the native window died from under us
01-23 17:56:44.066  1125  1913 I Camera3-Device: disconnectImpl: X
01-23 17:56:44.066  1125  1913 I CameraService: disconnect: Disconnected client for camera 0 for PID 0
01-23 17:56:44.067  1125  5561 I Camera3-Device: disconnectImpl: E
01-23 17:56:44.067  1125  5561 I Camera3-Device: disconnectImpl: E
01-23 17:56:44.067  1125  5561 I Camera2ClientBase: Closed Camera 0. Client was: com.byteflow.learnffmpeg (PID 23862, UID 10044)
01-23 17:56:44.067  1125  5561 I Camera3-Device: disconnectImpl: E
01-23 17:56:44.067  1125  5561 E CameraService: binderDied: Java client's binder died, removing it from the list of active clients
01-23 17:56:43.711   544   544 I misc mnh_sm: mnh_sm_ready_irq_handler: mnh device is ready to suspend
01-23 17:56:44.119  1146  1146 I EaselPowerBlue: [TIME_LOGGER] suspend took 56 ms
01-23 17:56:44.120   916 32108 I native  : easel_service_control.cc:655 COMMAND_PROCESSOR_3PA: SuspendInternal complete
01-23 17:56:44.120   916 32108 I native  : easel_service_control.cc:644 COMMAND_PROCESSOR_3PA: Suspend complete
01-23 17:56:43.739   541   541 I msm_pcie_disable: PCIe: Assert the reset of endpoint of RC1.
01-23 17:56:43.741   541   541 I misc mnh_sm: mnh_sm_set_state: finished state 2
01-23 17:56:45.116     1     1 I init    : starting service 'mediaextractor'...
01-23 17:56:45.130     1     1 I init    : starting service 'media.swcodec'...
01-23 17:56:45.574 24115 24115 I mediaswcodec: media swcodec service starting
01-23 17:56:45.575 24115 24115 W mediaswcodec: Could not read additional policy file '/vendor/etc/seccomp_policy/mediaswcodec.policy'
01-23 17:56:45.575 24115 24115 W mediaswcodec: libminijail[24115]: failed to get path of fd 5: No such file or directory
01-23 17:56:45.575 24115 24115 W mediaswcodec: libminijail[24115]: allowing syscall: connect
01-23 17:56:45.575 24115 24115 W mediaswcodec: libminijail[24115]: allowing syscall: fcntl
01-23 17:56:45.575 24115 24115 W mediaswcodec: libminijail[24115]: allowing syscall: sendto
01-23 17:56:45.575 24115 24115 W mediaswcodec: libminijail[24115]: allowing syscall: socket
01-23 17:56:45.575 24115 24115 W mediaswcodec: libminijail[24115]: allowing syscall: writev
01-23 17:56:45.575 24115 24115 W mediaswcodec: libminijail[24115]: trailing garbage after constant: 'PROT_EXEC'
01-23 17:56:45.575 24115 24115 W mediaswcodec: libminijail[24115]: compile_atom: <fd>(22): invalid constant '~PROT_EXEC'
01-23 17:56:45.575 24115 24115 W mediaswcodec: libminijail[24115]: could not allocate filter block
01-23 17:56:45.575 24115 24115 W mediaswcodec: libminijail[24115]: compile_filter: compile_file() failed
01-23 17:56:45.575 24115 24115 E mediaswcodec: libminijail[24115]: failed to compile seccomp filter BPF program from fd 5
01-23 17:56:45.575 24115 24115 F libc    : Fatal signal 6 (SIGABRT), code -1 (SI_QUEUE) in tid 24115 (mediaswcodec), pid 24115 (mediaswcodec)
01-23 17:56:45.589 24114 24114 V MediaUtils: physMem: 3753230336
01-23 17:56:45.589 24114 24114 V MediaUtils: requested limit: 750646060
01-23 17:56:45.589 24114 24114 I libc    : malloc_limit: Allocation limit enabled, max size 750646060 bytes
01-23 17:56:45.595 24114 24114 W mediaextractor: Could not read additional policy file '/vendor/etc/seccomp_policy/mediaextractor.policy'
01-23 17:56:45.595 24114 24114 W mediaextractor: libminijail[24114]: failed to get path of fd 5: No such file or directory
01-23 17:56:45.595 24114 24114 W mediaextractor: libminijail[24114]: allowing syscall: connect
01-23 17:56:45.595 24114 24114 W mediaextractor: libminijail[24114]: allowing syscall: fcntl
01-23 17:56:45.595 24114 24114 W mediaextractor: libminijail[24114]: allowing syscall: sendto
01-23 17:56:45.595 24114 24114 W mediaextractor: libminijail[24114]: allowing syscall: socket
01-23 17:56:45.595 24114 24114 W mediaextractor: libminijail[24114]: allowing syscall: writev
01-23 17:56:45.595 24114 24114 W mediaextractor: libminijail[24114]: trailing garbage after constant: 'PR_GET_NO_NEW_PRIVS'
01-23 17:56:45.595 24114 24114 W mediaextractor: libminijail[24114]: compile_atom: /apex/com.android.media/etc/seccomp_policy/crash_dump.arm64.policy(26): invalid constant 'PR_GET_NO_NEW_PRIVS'
01-23 17:56:45.595 24114 24114 W mediaextractor: libminijail[24114]: could not allocate filter block
01-23 17:56:45.595 24114 24114 W mediaextractor: libminijail[24114]: compile_file: <fd>(49): '@include /apex/com.android.media/etc/seccomp_policy/crash_dump.arm64.policy' failed
01-23 17:56:45.595 24114 24114 W mediaextractor: libminijail[24114]: compile_filter: compile_file() failed
01-23 17:56:45.595 24114 24114 E mediaextractor: libminijail[24114]: failed to compile seccomp filter BPF program from fd 5
01-23 17:56:45.595 24114 24114 F libc    : Fatal signal 6 (SIGABRT), code -1 (SI_QUEUE) in tid 24114 (mediaextractor), pid 24114 (mediaextractor)
01-23 17:56:45.614 24120 24120 I crash_dump64: obtaining output fd from tombstoned, type: kDebuggerdTombstone
01-23 17:56:45.615   889   889 I tombstoned: received crash request for pid 24115
01-23 17:56:45.616 24120 24120 I crash_dump64: performing dump of process 24115 (target tid = 24115)
01-23 17:56:45.619 24120 24120 F DEBUG   : *** *** *** *** *** *** *** *** *** *** *** *** *** *** *** ***
01-23 17:56:45.619 24120 24120 F DEBUG   : Build fingerprint: 'Android/aosp_crosshatch/crosshatch:11/RQ2A.210405.006/eng.renbin.20211221.000804:userdebug/test-keys'
01-23 17:56:45.619 24120 24120 F DEBUG   : Revision: 'MP1.0'
01-23 17:56:45.619 24120 24120 F DEBUG   : ABI: 'arm64'
01-23 17:56:45.620 24120 24120 F DEBUG   : Timestamp: 2022-01-23 17:56:45+0800
01-23 17:56:45.620 24120 24120 F DEBUG   : pid: 24115, tid: 24115, name: mediaswcodec  >>> /apex/com.android.media.swcodec/bin/mediaswcodec <<<
01-23 17:56:45.620 24120 24120 F DEBUG   : uid: 1046
01-23 17:56:45.620 24120 24120 F DEBUG   : signal 6 (SIGABRT), code -1 (SI_QUEUE), fault addr --------
01-23 17:56:45.620 24120 24120 F DEBUG   :     x0  0000000000000000  x1  0000000000005e33  x2  0000000000000006  x3  0000007fe6c42b50
01-23 17:56:45.620 24120 24120 F DEBUG   :     x4  0000000000000035  x5  0000000000000035  x6  0000000000000035  x7  0000000000000035
01-23 17:56:45.620 24120 24120 F DEBUG   :     x8  00000000000000f0  x9  f974d9209e2b76e2  x10 0000000000000000  x11 ffffffc0ffffffdf
01-23 17:56:45.620 24120 24120 F DEBUG   :     x12 0000000000000001  x13 206466206d6f7266  x14 0000007a0e948d22  x15 0022208556bea269
01-23 17:56:45.620 24120 24120 F DEBUG   :     x16 0000007a0e945c80  x17 0000007a0e927870  x18 0000007a0feac000  x19 0000000000005e33
01-23 17:56:45.620 24120 24120 F DEBUG   :     x20 0000000000005e33  x21 00000000ffffffff  x22 0000000000000000  x23 0000007a0f32f000
01-23 17:56:45.620 24120 24120 F DEBUG   :     x24 0000007a0f32f000  x25 000000779d20d3e8  x26 0000000000000002  x27 0000000000000000
01-23 17:56:45.620 24120 24120 F DEBUG   :     x28 0000000000000000  x29 0000007fe6c42bd0
01-23 17:56:45.620 24120 24120 F DEBUG   :     lr  0000007a0e8db2a0  sp  0000007fe6c42b30  pc  0000007a0e8db2cc  pst 0000000000000000
01-23 17:56:45.622 24120 24120 F DEBUG   : backtrace:
01-23 17:56:45.622 24120 24120 F DEBUG   :       #00 pc 000000000004e2cc  /apex/com.android.runtime/lib64/bionic/libc.so (abort+164) (BuildId: 10027cbedf24c7a6441776dd51d9e2f6)
01-23 17:56:45.622 24120 24120 F DEBUG   :       #01 pc 0000000000012138  /apex/com.android.media.swcodec/lib64/libminijail.so (do_fatal_log+288) (BuildId: eb61f3c84fb675c403d3fa7d91443d33)
01-23 17:56:45.622 24120 24120 F DEBUG   :       #02 pc 000000000000b958  /apex/com.android.media.swcodec/lib64/libminijail.so (minijail_parse_seccomp_filters_from_fd+276) (BuildId: eb61f3c84fb675c403d3fa7d91443d33)
01-23 17:56:45.622 24120 24120 F DEBUG   :       #03 pc 0000000000002984  /apex/com.android.media.swcodec/lib64/libavservices_minijail.so (android::SetUpMinijailList(std::__1::basic_string<char, std::__1::char_traits<char>, std::__1::allocator<char> > const&, std::__1::vector<std::__1::basic_string<char, std::__1::char_traits<char>, std::__1::allocator<char> >, std::__1::allocator<std::__1::basic_string<char, std::__1::char_traits<char>, std::__1::allocator<char> > > > const&) (.cfi)+616) (BuildId: 3e3ad7fe43592c450bb035e31af320af)
01-23 17:56:45.622 24120 24120 F DEBUG   :       #04 pc 00000000000026c4  /apex/com.android.media.swcodec/lib64/libavservices_minijail.so (android::SetUpMinijail(std::__1::basic_string<char, std::__1::char_traits<char>, std::__1::allocator<char> > const&, std::__1::basic_string<char, std::__1::char_traits<char>, std::__1::allocator<char> > const&) (.cfi)+88) (BuildId: 3e3ad7fe43592c450bb035e31af320af)
01-23 17:56:45.622 24120 24120 F DEBUG   :       #05 pc 0000000000001124  /apex/com.android.media.swcodec/bin/mediaswcodec (main.cfi+184) (BuildId: fc067a28ca82c43b7b6b35a00baa4824)
01-23 17:56:45.622 24120 24120 F DEBUG   :       #06 pc 000000000004988c  /apex/com.android.runtime/lib64/bionic/libc.so (__libc_init+108) (BuildId: 10027cbedf24c7a6441776dd51d9e2f6)
01-23 17:56:45.622 24123 24123 I crash_dump64: obtaining output fd from tombstoned, type: kDebuggerdTombstone
01-23 17:56:45.623   889   889 I tombstoned: received crash request for pid 24114
01-23 17:56:45.623   889   889 I tombstoned: enqueueing crash request for pid 24114
01-23 17:56:45.297   649   649 D logd    : logdr: UID=1046 GID=1006 PID=24120 n tail=50 logMask=8 pid=24115 start=0ns timeout=0ns
01-23 17:56:45.312   649   649 D logd    : logdr: UID=1046 GID=1006 PID=24120 n tail=50 logMask=1 pid=24115 start=0ns timeout=0ns
01-23 17:56:45.323   649   649 D logd    : logdr: UID=1046 GID=1006 PID=24120 n tail=0 logMask=8 pid=24115 start=0ns timeout=0ns
01-23 17:56:45.332   649   649 D logd    : logdr: UID=1046 GID=1006 PID=24120 n tail=0 logMask=1 pid=24115 start=0ns timeout=0ns
01-23 17:56:45.722  1516  2077 W NativeCrashListener: Couldn't find ProcessRecord for pid 24115
01-23 17:56:45.722 24120 24120 E crash_dump64: AM data write failed: Broken pipe
01-23 17:56:45.724   889   889 E tombstoned: Tombstone written to: /data/tombstones/tombstone_29
01-23 17:56:45.356     1     1 I init    : Service 'media.swcodec' (pid 24115) received signal 6
01-23 17:56:45.728 24123 24123 I crash_dump64: performing dump of process 24114 (target tid = 24114)
01-23 17:56:45.356     1     1 I init    : Sending signal 9 to service 'media.swcodec' (pid 24115) process group...
01-23 17:56:45.357     1     1 I libprocessgroup: Successfully killed process cgroup uid 1046 pid 24115 in 0ms
01-23 17:56:45.357     1     1 E init    : updatable process 'media.swcodec' exited 4 times in 4 minutes
01-23 17:56:45.362     1     1 I init    : Untracked pid 24120 exited with status 0
01-23 17:56:45.362     1     1 I init    : Untracked pid 24122 exited with status 0
01-23 17:56:45.363     1     1 I init    : processing action (sys.init.updatable_crashing=1) from (/system/etc/init/flags_health_check.rc:10)
01-23 17:56:45.364     1     1 I init    : starting service 'exec 5879 (/system/bin/flags_health_check UPDATABLE_CRASHING)'...
01-23 17:56:45.746 24123 24123 F DEBUG   : *** *** *** *** *** *** *** *** *** *** *** *** *** *** *** ***
01-23 17:56:45.747 24123 24123 F DEBUG   : Build fingerprint: 'Android/aosp_crosshatch/crosshatch:11/RQ2A.210405.006/eng.renbin.20211221.000804:userdebug/test-keys'
01-23 17:56:45.747 24123 24123 F DEBUG   : Revision: 'MP1.0'
01-23 17:56:45.747 24123 24123 F DEBUG   : ABI: 'arm64'
01-23 17:56:45.748 24123 24123 F DEBUG   : Timestamp: 2022-01-23 17:56:45+0800
01-23 17:56:45.748 24123 24123 F DEBUG   : pid: 24114, tid: 24114, name: mediaextractor  >>> /system/bin/mediaextractor <<<
01-23 17:56:45.748 24123 24123 F DEBUG   : uid: 1040
01-23 17:56:45.748 24123 24123 F DEBUG   : signal 6 (SIGABRT), code -1 (SI_QUEUE), fault addr --------
01-23 17:56:45.748 24123 24123 F DEBUG   :     x0  0000000000000000  x1  0000000000005e32  x2  0000000000000006  x3  0000007ff08cfef0
01-23 17:56:45.748 24123 24123 F DEBUG   :     x4  0000000000000035  x5  0000000000000035  x6  0000000000000035  x7  0000000000000035
01-23 17:56:45.748 24123 24123 F DEBUG   :     x8  00000000000000f0  x9  dc6f8ef1e11703bc  x10 0000000000000000  x11 ffffffc0ffffffdf
01-23 17:56:45.749 24123 24123 F DEBUG   :     x12 0000000000000001  x13 206466206d6f7266  x14 00000078c63dbd22  x15 002351b258bc66c9
01-23 17:56:45.749 24123 24123 F DEBUG   :     x16 00000078c63d8c80  x17 00000078c63ba870  x18 00000078c85d4000  x19 0000000000005e32
01-23 17:56:45.749 24123 24123 F DEBUG   :     x20 0000000000005e32  x21 00000000ffffffff  x22 0000000000000000  x23 00000078c83e5000
01-23 17:56:45.749 24123 24123 F DEBUG   :     x24 00000078c83e5000  x25 0000007654f2b0b8  x26 0000000000000002  x27 0000000000000000
01-23 17:56:45.749 24123 24123 F DEBUG   :     x28 0000000000000000  x29 0000007ff08cff70
01-23 17:56:45.749 24123 24123 F DEBUG   :     lr  00000078c636e2a0  sp  0000007ff08cfed0  pc  00000078c636e2cc  pst 0000000000000000
01-23 17:56:45.370     1     1 I init    : SVC_EXEC service 'exec 5879 (/system/bin/flags_health_check UPDATABLE_CRASHING)' pid 24130 (uid 1000 gid 1000+0 context default) started; waiting...
01-23 17:56:45.751  1516  1739 I BootReceiver: Copying /data/tombstones/tombstone_29 to DropBox (SYSTEM_TOMBSTONE)
01-23 17:56:45.755  1516  1739 I DropBoxManagerService: add tag=SYSTEM_TOMBSTONE isTagEnabled=true flags=0x2
01-23 17:56:45.760 24123 24123 F DEBUG   : backtrace:
01-23 17:56:45.760 24123 24123 F DEBUG   :       #00 pc 000000000004e2cc  /apex/com.android.runtime/lib64/bionic/libc.so (abort+164) (BuildId: 10027cbedf24c7a6441776dd51d9e2f6)
01-23 17:56:45.760 24123 24123 F DEBUG   :       #01 pc 0000000000012138  /system/lib64/libminijail.so (do_fatal_log+288) (BuildId: 262d6272b90ed40f6f57bf638ffb3801)
01-23 17:56:45.761 24123 24123 F DEBUG   :       #02 pc 000000000000b958  /system/lib64/libminijail.so (minijail_parse_seccomp_filters_from_fd+276) (BuildId: 262d6272b90ed40f6f57bf638ffb3801)
01-23 17:56:45.761 24123 24123 F DEBUG   :       #03 pc 0000000000002984  /system/lib64/libavservices_minijail.so (android::SetUpMinijailList(std::__1::basic_string<char, std::__1::char_traits<char>, std::__1::allocator<char> > const&, std::__1::vector<std::__1::basic_string<char, std::__1::char_traits<char>, std::__1::allocator<char> >, std::__1::allocator<std::__1::basic_string<char, std::__1::char_traits<char>, std::__1::allocator<char> > > > const&) (.cfi)+616) (BuildId: c9bd647f61b3f85dbd127a7b549a8770)
01-23 17:56:45.761 24123 24123 F DEBUG   :       #04 pc 00000000000026c4  /system/lib64/libavservices_minijail.so (android::SetUpMinijail(std::__1::basic_string<char, std::__1::char_traits<char>, std::__1::allocator<char> > const&, std::__1::basic_string<char, std::__1::char_traits<char>, std::__1::allocator<char> > const&) (.cfi)+88) (BuildId: c9bd647f61b3f85dbd127a7b549a8770)
01-23 17:56:45.761 24123 24123 F DEBUG   :       #05 pc 000000000000112c  /system/bin/mediaextractor (main.cfi+192) (BuildId: ae7e3035dea5db4fffb4e470ef5b1bdf)
01-23 17:56:45.761 24123 24123 F DEBUG   :       #06 pc 000000000004988c  /apex/com.android.runtime/lib64/bionic/libc.so (__libc_init+108) (BuildId: 10027cbedf24c7a6441776dd51d9e2f6)
01-23 17:56:45.769 24130 24130 I flags_health_ch: type=1400 audit(0.0:191352): avc: denied { open } for path="/dev/__properties__/u:object_r:adbd_prop:s0" dev="tmpfs" ino=24882 scontext=u:r:flags_health_check:s0 tcontext=u:object_r:adbd_prop:s0 tclass=file permissive=1
01-23 17:56:45.769 24130 24130 I flags_health_ch: type=1400 audit(0.0:191353): avc: denied { getattr } for path="/dev/__properties__/u:object_r:adbd_prop:s0" dev="tmpfs" ino=24882 scontext=u:r:flags_health_check:s0 tcontext=u:object_r:adbd_prop:s0 tclass=file permissive=1
01-23 17:56:45.769 24130 24130 I flags_health_ch: type=1400 audit(0.0:191354): avc: denied { open } for path="/dev/__properties__/u:object_r:apk_verity_prop:s0" dev="tmpfs" ino=24884 scontext=u:r:flags_health_check:s0 tcontext=u:object_r:apk_verity_prop:s0 tclass=file permissive=1
01-23 17:56:45.769 24130 24130 I flags_health_ch: type=1400 audit(0.0:191355): avc: denied { getattr } for path="/dev/__properties__/u:object_r:apk_verity_prop:s0" dev="tmpfs" ino=24884 scontext=u:r:flags_health_check:s0 tcontext=u:object_r:apk_verity_prop:s0 tclass=file permissive=1
01-23 17:56:45.769 24130 24130 I flags_health_ch: type=1400 audit(0.0:191356): avc: denied { open } for path="/dev/__properties__/u:object_r:bluetooth_a2dp_offload_prop:s0" dev="tmpfs" ino=24889 scontext=u:r:flags_health_check:s0 tcontext=u:object_r:bluetooth_a2dp_offload_prop:s0 tclass=file permissive=1
01-23 17:56:45.771 24130 24130 I flags_health_check: ServerConfigurableFlagsReset reset_mode value: 1
01-23 17:56:45.771 24130 24130 I flags_health_check: ServerConfigurableFlagsReset updatable crashing detected, resetting flags.
01-23 17:56:45.394 24130 24130 W audit   : audit_lost=176574 audit_rate_limit=5 audit_backlog_limit=64
01-23 17:56:45.394 24130 24130 E audit   : rate limit exceeded
01-23 17:56:45.408     1     1 I init    : Service 'exec 5879 (/system/bin/flags_health_check UPDATABLE_CRASHING)' (pid 24130) exited with status 0 waiting took 0.038000 seconds
01-23 17:56:45.408     1     1 I init    : Sending signal 9 to service 'exec 5879 (/system/bin/flags_health_check UPDATABLE_CRASHING)' (pid 24130) process group...
01-23 17:56:45.409     1     1 I libprocessgroup: Successfully killed process cgroup uid 1000 pid 24130 in 0ms
01-23 17:56:45.444   649   649 D logd    : logdr: UID=1040 GID=1026 PID=24123 n tail=50 logMask=8 pid=24114 start=0ns timeout=0ns
01-23 17:56:45.458   649   649 D logd    : logdr: UID=1040 GID=1026 PID=24123 n tail=50 logMask=1 pid=24114 start=0ns timeout=0ns
01-23 17:56:45.471   649   649 D logd    : logdr: UID=1040 GID=1026 PID=24123 n tail=0 logMask=8 pid=24114 start=0ns timeout=0ns
01-23 17:56:45.480   649   649 D logd    : logdr: UID=1040 GID=1026 PID=24123 n tail=0 logMask=1 pid=24114 start=0ns timeout=0ns
01-23 17:56:45.870  1516  2077 W NativeCrashListener: Couldn't find ProcessRecord for pid 24114
01-23 17:56:45.871 24123 24123 E crash_dump64: AM data write failed: Broken pipe
01-23 17:56:45.873   889   889 E tombstoned: Tombstone written to: /data/tombstones/tombstone_30
01-23 17:56:45.503     1     1 I init    : Service 'mediaextractor' (pid 24114) received signal 6
01-23 17:56:45.503     1     1 I init    : Sending signal 9 to service 'mediaextractor' (pid 24114) process group...
01-23 17:56:45.885  1516  1739 I BootReceiver: Copying /data/tombstones/tombstone_30 to DropBox (SYSTEM_TOMBSTONE)
01-23 17:56:45.889  1516  1739 I DropBoxManagerService: add tag=SYSTEM_TOMBSTONE isTagEnabled=true flags=0x2
01-23 17:56:45.515     1     1 I libprocessgroup: Successfully killed process cgroup uid 1040 pid 24114 in 11ms
01-23 17:56:45.515     1     1 E init    : updatable process 'mediaextractor' exited 4 times in 4 minutes
01-23 17:56:45.521     1     1 I init    : Untracked pid 24123 exited with status 0
01-23 17:56:45.521     1     1 I init    : Untracked pid 24125 exited with status 0
01-23 17:56:45.522     1     1 I init    : processing action (sys.init.updatable_crashing=1) from (/system/etc/init/flags_health_check.rc:10)
01-23 17:56:45.525     1     1 I init    : starting service 'exec 5880 (/system/bin/flags_health_check UPDATABLE_CRASHING)'...
01-23 17:56:45.530     1     1 I init    : SVC_EXEC service 'exec 5880 (/system/bin/flags_health_check UPDATABLE_CRASHING)' pid 24135 (uid 1000 gid 1000+0 context default) started; waiting...
01-23 17:56:45.928 24135 24135 I flags_health_check: ServerConfigurableFlagsReset reset_mode value: 1
01-23 17:56:45.929 24135 24135 I flags_health_check: ServerConfigurableFlagsReset updatable crashing detected, resetting flags.
01-23 17:56:45.561     1     1 I init    : Service 'exec 5880 (/system/bin/flags_health_check UPDATABLE_CRASHING)' (pid 24135) exited with status 0 waiting took 0.032000 seconds
01-23 17:56:45.561     1     1 I init    : Sending signal 9 to service 'exec 5880 (/system/bin/flags_health_check UPDATABLE_CRASHING)' (pid 24135) process group...
01-23 17:56:45.561     1     1 I libprocessgroup: Successfully killed process cgroup uid 1000 pid 24135 in 0ms
