01-23 17:56:42.886 23862 23935 E ByteFlow: GLCameraRender::UpdateExtTexture
01-23 17:56:42.886 23862 23935 E ByteFlow: GLCameraRender::UpdateMVPMatrix rotate 90,4.71,0.00000,0.00000,1.00000,1.00000,
01-23 17:56:42.886 23862 23935 E ByteFlow: GLCameraRender::GetRenderFrameFromFBO m_RenderFrameCallback=0x6cc8deef04
01-23 17:56:42.888 23862 23935 E ByteFlow: MediaRecorderContext::OnGLRenderFrame ctx=0x6d949951f0, pImage=0x6d25e43a90
01-23 17:56:42.893   684   684 V robin   : handlePageFlip
01-23 17:56:42.894   684   684 V robin   : performSetActiveConfig
01-23 17:56:42.896   684   684 V robin   : postComposition
01-23 17:56:42.950 23862 23936 D AVRecorderActivity: onPreviewFrame() called with: data = [[B@6770366], width = [640], height = [480]
01-23 17:56:42.951 23862 23936 D CameraRender: onPreviewFrame() called with: data = [[B@6770366], width = [640], height = [480]
01-23 17:56:42.951 23862 23936 E ByteFlow: MediaRecorderContext::GetContext
01-23 17:56:42.951 23862 23936 E ByteFlow: MediaRecorderContext::UpdateFrame format=4, width=640, height=480, pData=0x6d2257e040
01-23 17:56:42.951 23862 23936 E ByteFlow: GLCameraRender::RenderVideoFrame pImage=0x6d25d395e0
01-23 17:56:42.951 23862 23936 E ByteFlow: NativeImageUtil::CopyNativeImage src[w,h,format]=[640, 480, 4], dst[w,h,format]=[640, 480, 4]
01-23 17:56:42.951 23862 23936 E ByteFlow: NativeImageUtil::CopyNativeImage src[line0,line1,line2]=[640, 320, 320], dst[line0,line1,line2]=[640, 320, 320]
01-23 17:56:42.951 23862 23935 D CameraRender: onDrawFrame() called with: gl = [com.google.android.gles_jni.GLImpl@e9afb1]
01-23 17:56:42.951 23862 23935 E ByteFlow: MediaRecorderContext::GetContext
01-23 17:56:42.952 23862 23935 E ByteFlow: GLCameraRender::OnDrawFrame [w, h]=[640, 480], format=4
01-23 17:56:42.952 23862 23935 E ByteFlow: GLCameraRender::UpdateExtTexture
01-23 17:56:42.952 23862 23935 E ByteFlow: GLCameraRender::UpdateMVPMatrix rotate 90,4.71,0.00000,0.00000,1.00000,1.00000,
01-23 17:56:42.953 23862 23935 E ByteFlow: GLCameraRender::GetRenderFrameFromFBO m_RenderFrameCallback=0x6cc8deef04
01-23 17:56:42.955 23862 23935 E ByteFlow: MediaRecorderContext::OnGLRenderFrame ctx=0x6d949951f0, pImage=0x6d25e43a90
01-23 17:56:42.959  1146  1146 I EaselThermalMonitor: Cooling Device: mnh cur_state 0 max_state 4
01-23 17:56:42.960   684   684 V robin   : handlePageFlip
01-23 17:56:42.960   684   684 V robin   : performSetActiveConfig
01-23 17:56:42.962   684   684 V robin   : postComposition
01-23 17:56:43.006 23862 23936 D AVRecorderActivity: onPreviewFrame() called with: data = [[B@a99b6a7], width = [640], height = [480]
01-23 17:56:43.006 23862 23936 D CameraRender: onPreviewFrame() called with: data = [[B@a99b6a7], width = [640], height = [480]
01-23 17:56:43.006 23862 23936 E ByteFlow: MediaRecorderContext::GetContext
01-23 17:56:43.006 23862 23936 E ByteFlow: MediaRecorderContext::UpdateFrame format=4, width=640, height=480, pData=0x6d2257e040
01-23 17:56:43.006 23862 23936 E ByteFlow: GLCameraRender::RenderVideoFrame pImage=0x6d25d395e0
01-23 17:56:43.006 23862 23936 E ByteFlow: NativeImageUtil::CopyNativeImage src[w,h,format]=[640, 480, 4], dst[w,h,format]=[640, 480, 4]
01-23 17:56:43.006 23862 23936 E ByteFlow: NativeImageUtil::CopyNativeImage src[line0,line1,line2]=[640, 320, 320], dst[line0,line1,line2]=[640, 320, 320]
01-23 17:56:43.007 23862 23935 D CameraRender: onDrawFrame() called with: gl = [com.google.android.gles_jni.GLImpl@e9afb1]
01-23 17:56:43.007 23862 23935 E ByteFlow: MediaRecorderContext::GetContext
01-23 17:56:43.008 23862 23935 E ByteFlow: GLCameraRender::OnDrawFrame [w, h]=[640, 480], format=4
01-23 17:56:43.008 23862 23935 E ByteFlow: GLCameraRender::UpdateExtTexture
01-23 17:56:43.008 23862 23935 E ByteFlow: GLCameraRender::UpdateMVPMatrix rotate 90,4.71,0.00000,0.00000,1.00000,1.00000,
01-23 17:56:43.009 23862 23935 E ByteFlow: GLCameraRender::GetRenderFrameFromFBO m_RenderFrameCallback=0x6cc8deef04
01-23 17:56:43.011 23862 23935 E ByteFlow: MediaRecorderContext::OnGLRenderFrame ctx=0x6d949951f0, pImage=0x6d25e43a90
01-23 17:56:43.027   684   684 V robin   : handlePageFlip
01-23 17:56:43.028   684   684 V robin   : performSetActiveConfig
01-23 17:56:43.031   684   684 V robin   : postComposition
01-23 17:56:43.060 23862 23936 D AVRecorderActivity: onPreviewFrame() called with: data = [[B@543d754], width = [640], height = [480]
01-23 17:56:43.061 23862 23936 D CameraRender: onPreviewFrame() called with: data = [[B@543d754], width = [640], height = [480]
01-23 17:56:43.061 23862 23936 E ByteFlow: MediaRecorderContext::GetContext
01-23 17:56:43.061 23862 23936 E ByteFlow: MediaRecorderContext::UpdateFrame format=4, width=640, height=480, pData=0x6d2257e040
01-23 17:56:43.061 23862 23936 E ByteFlow: GLCameraRender::RenderVideoFrame pImage=0x6d25d395e0
01-23 17:56:43.061 23862 23936 E ByteFlow: NativeImageUtil::CopyNativeImage src[w,h,format]=[640, 480, 4], dst[w,h,format]=[640, 480, 4]
01-23 17:56:43.061 23862 23936 E ByteFlow: NativeImageUtil::CopyNativeImage src[line0,line1,line2]=[640, 320, 320], dst[line0,line1,line2]=[640, 320, 320]
01-23 17:56:43.062 23862 23935 D CameraRender: onDrawFrame() called with: gl = [com.google.android.gles_jni.GLImpl@e9afb1]
01-23 17:56:43.062 23862 23935 E ByteFlow: MediaRecorderContext::GetContext
01-23 17:56:43.062 23862 23935 E ByteFlow: GLCameraRender::OnDrawFrame [w, h]=[640, 480], format=4
01-23 17:56:43.062 23862 23935 E ByteFlow: GLCameraRender::UpdateExtTexture
01-23 17:56:43.063 23862 23935 E ByteFlow: GLCameraRender::UpdateMVPMatrix rotate 90,4.71,0.00000,0.00000,1.00000,1.00000,
01-23 17:56:43.063 23862 23935 E ByteFlow: GLCameraRender::GetRenderFrameFromFBO m_RenderFrameCallback=0x6cc8deef04
01-23 17:56:43.066 23862 23935 E ByteFlow: MediaRecorderContext::OnGLRenderFrame ctx=0x6d949951f0, pImage=0x6d25e43a90
01-23 17:56:43.077   684   684 V robin   : handlePageFlip
01-23 17:56:43.077   684   684 V robin   : performSetActiveConfig
01-23 17:56:43.079   684   684 V robin   : postComposition
01-23 17:56:43.126 23862 23936 D AVRecorderActivity: onPreviewFrame() called with: data = [[B@87676fd], width = [640], height = [480]
01-23 17:56:43.126 23862 23936 D CameraRender: onPreviewFrame() called with: data = [[B@87676fd], width = [640], height = [480]
01-23 17:56:43.126 23862 23936 E ByteFlow: MediaRecorderContext::GetContext
01-23 17:56:43.127 23862 23936 E ByteFlow: MediaRecorderContext::UpdateFrame format=4, width=640, height=480, pData=0x6d2257e040
01-23 17:56:43.127 23862 23936 E ByteFlow: GLCameraRender::RenderVideoFrame pImage=0x6d25d395e0
01-23 17:56:43.127 23862 23936 E ByteFlow: NativeImageUtil::CopyNativeImage src[w,h,format]=[640, 480, 4], dst[w,h,format]=[640, 480, 4]
01-23 17:56:43.127 23862 23936 E ByteFlow: NativeImageUtil::CopyNativeImage src[line0,line1,line2]=[640, 320, 320], dst[line0,line1,line2]=[640, 320, 320]
01-23 17:56:43.127 23862 23935 D CameraRender: onDrawFrame() called with: gl = [com.google.android.gles_jni.GLImpl@e9afb1]
01-23 17:56:43.127 23862 23935 E ByteFlow: MediaRecorderContext::GetContext
01-23 17:56:43.128 23862 23935 E ByteFlow: GLCameraRender::OnDrawFrame [w, h]=[640, 480], format=4
01-23 17:56:43.128 23862 23935 E ByteFlow: GLCameraRender::UpdateExtTexture
01-23 17:56:43.128 23862 23935 E ByteFlow: GLCameraRender::UpdateMVPMatrix rotate 90,4.71,0.00000,0.00000,1.00000,1.00000,
01-23 17:56:43.129 23862 23935 E ByteFlow: GLCameraRender::GetRenderFrameFromFBO m_RenderFrameCallback=0x6cc8deef04
01-23 17:56:43.132 23862 23935 E ByteFlow: MediaRecorderContext::OnGLRenderFrame ctx=0x6d949951f0, pImage=0x6d25e43a90
01-23 17:56:43.144   684   684 V robin   : handlePageFlip
01-23 17:56:43.145   684   684 V robin   : performSetActiveConfig
01-23 17:56:43.148   684   684 V robin   : postComposition
01-23 17:56:43.182 23862 23936 D AVRecorderActivity: onPreviewFrame() called with: data = [[B@75feff2], width = [640], height = [480]
01-23 17:56:43.182 23862 23936 D CameraRender: onPreviewFrame() called with: data = [[B@75feff2], width = [640], height = [480]
01-23 17:56:43.182 23862 23936 E ByteFlow: MediaRecorderContext::GetContext
01-23 17:56:43.182 23862 23936 E ByteFlow: MediaRecorderContext::UpdateFrame format=4, width=640, height=480, pData=0x6d2257e040
01-23 17:56:43.182 23862 23936 E ByteFlow: GLCameraRender::RenderVideoFrame pImage=0x6d25d395e0
01-23 17:56:43.182 23862 23936 E ByteFlow: NativeImageUtil::CopyNativeImage src[w,h,format]=[640, 480, 4], dst[w,h,format]=[640, 480, 4]
01-23 17:56:43.182 23862 23936 E ByteFlow: NativeImageUtil::CopyNativeImage src[line0,line1,line2]=[640, 320, 320], dst[line0,line1,line2]=[640, 320, 320]
01-23 17:56:43.183 23862 23935 D CameraRender: onDrawFrame() called with: gl = [com.google.android.gles_jni.GLImpl@e9afb1]
01-23 17:56:43.183 23862 23935 E ByteFlow: MediaRecorderContext::GetContext
01-23 17:56:43.183 23862 23935 E ByteFlow: GLCameraRender::OnDrawFrame [w, h]=[640, 480], format=4
01-23 17:56:43.183 23862 23935 E ByteFlow: GLCameraRender::UpdateExtTexture
01-23 17:56:43.184 23862 23935 E ByteFlow: GLCameraRender::UpdateMVPMatrix rotate 90,4.71,0.00000,0.00000,1.00000,1.00000,
01-23 17:56:43.184 23862 23935 E ByteFlow: GLCameraRender::GetRenderFrameFromFBO m_RenderFrameCallback=0x6cc8deef04
01-23 17:56:43.187 23862 23935 E ByteFlow: MediaRecorderContext::OnGLRenderFrame ctx=0x6d949951f0, pImage=0x6d25e43a90
01-23 17:56:43.193   684   684 V robin   : handlePageFlip
01-23 17:56:43.194   684   684 V robin   : performSetActiveConfig
01-23 17:56:43.196   684   684 V robin   : postComposition
01-23 17:56:43.242 23862 23936 D AVRecorderActivity: onPreviewFrame() called with: data = [[B@6211643], width = [640], height = [480]
01-23 17:56:43.242 23862 23936 D CameraRender: onPreviewFrame() called with: data = [[B@6211643], width = [640], height = [480]
01-23 17:56:43.242 23862 23936 E ByteFlow: MediaRecorderContext::GetContext
01-23 17:56:43.242 23862 23936 E ByteFlow: MediaRecorderContext::UpdateFrame format=4, width=640, height=480, pData=0x6d2257e040
01-23 17:56:43.242 23862 23936 E ByteFlow: GLCameraRender::RenderVideoFrame pImage=0x6d25d395e0
01-23 17:56:43.242 23862 23936 E ByteFlow: NativeImageUtil::CopyNativeImage src[w,h,format]=[640, 480, 4], dst[w,h,format]=[640, 480, 4]
01-23 17:56:43.242 23862 23936 E ByteFlow: NativeImageUtil::CopyNativeImage src[line0,line1,line2]=[640, 320, 320], dst[line0,line1,line2]=[640, 320, 320]
01-23 17:56:43.243 23862 23935 D CameraRender: onDrawFrame() called with: gl = [com.google.android.gles_jni.GLImpl@e9afb1]
01-23 17:56:43.243 23862 23935 E ByteFlow: MediaRecorderContext::GetContext
01-23 17:56:43.244 23862 23935 E ByteFlow: GLCameraRender::OnDrawFrame [w, h]=[640, 480], format=4
01-23 17:56:43.244 23862 23935 E ByteFlow: GLCameraRender::UpdateExtTexture
01-23 17:56:43.244 23862 23935 E ByteFlow: GLCameraRender::UpdateMVPMatrix rotate 90,4.71,0.00000,0.00000,1.00000,1.00000,
01-23 17:56:43.245 23862 23935 E ByteFlow: GLCameraRender::GetRenderFrameFromFBO m_RenderFrameCallback=0x6cc8deef04
01-23 17:56:43.248 23862 23935 E ByteFlow: MediaRecorderContext::OnGLRenderFrame ctx=0x6d949951f0, pImage=0x6d25e43a90
01-23 17:56:43.260   684   684 V robin   : handlePageFlip
01-23 17:56:43.261   684   684 V robin   : performSetActiveConfig
01-23 17:56:43.263   684   684 V robin   : postComposition
01-23 17:56:43.296 23862 23936 D AVRecorderActivity: onPreviewFrame() called with: data = [[B@bb114c0], width = [640], height = [480]
01-23 17:56:43.296 23862 23936 D CameraRender: onPreviewFrame() called with: data = [[B@bb114c0], width = [640], height = [480]
01-23 17:56:43.296 23862 23936 E ByteFlow: MediaRecorderContext::GetContext
01-23 17:56:43.296 23862 23936 E ByteFlow: MediaRecorderContext::UpdateFrame format=4, width=640, height=480, pData=0x6d2257e040
01-23 17:56:43.296 23862 23936 E ByteFlow: GLCameraRender::RenderVideoFrame pImage=0x6d25d395e0
01-23 17:56:43.296 23862 23936 E ByteFlow: NativeImageUtil::CopyNativeImage src[w,h,format]=[640, 480, 4], dst[w,h,format]=[640, 480, 4]
01-23 17:56:43.296 23862 23936 E ByteFlow: NativeImageUtil::CopyNativeImage src[line0,line1,line2]=[640, 320, 320], dst[line0,line1,line2]=[640, 320, 320]
01-23 17:56:43.297 23862 23935 D CameraRender: onDrawFrame() called with: gl = [com.google.android.gles_jni.GLImpl@e9afb1]
01-23 17:56:43.297 23862 23935 E ByteFlow: MediaRecorderContext::GetContext
01-23 17:56:43.297 23862 23935 E ByteFlow: GLCameraRender::OnDrawFrame [w, h]=[640, 480], format=4
01-23 17:56:43.297 23862 23935 E ByteFlow: GLCameraRender::UpdateExtTexture
01-23 17:56:43.298 23862 23935 E ByteFlow: GLCameraRender::UpdateMVPMatrix rotate 90,4.71,0.00000,0.00000,1.00000,1.00000,
01-23 17:56:43.298 23862 23935 E ByteFlow: GLCameraRender::GetRenderFrameFromFBO m_RenderFrameCallback=0x6cc8deef04
01-23 17:56:43.301 23862 23935 E ByteFlow: MediaRecorderContext::OnGLRenderFrame ctx=0x6d949951f0, pImage=0x6d25e43a90
01-23 17:56:43.310   684   684 V robin   : handlePageFlip
01-23 17:56:43.311   684   684 V robin   : performSetActiveConfig
01-23 17:56:43.313   684   684 V robin   : postComposition
01-23 17:56:43.354 23862 23936 D AVRecorderActivity: onPreviewFrame() called with: data = [[B@b3885f9], width = [640], height = [480]
01-23 17:56:43.354 23862 23936 D CameraRender: onPreviewFrame() called with: data = [[B@b3885f9], width = [640], height = [480]
01-23 17:56:43.355 23862 23936 E ByteFlow: MediaRecorderContext::GetContext
01-23 17:56:42.973 23960 23960 I __afe_port_start: port_id:0x4003
01-23 17:56:43.355 23862 23936 E ByteFlow: MediaRecorderContext::UpdateFrame format=4, width=640, height=480, pData=0x6d2257e040
01-23 17:56:43.355 23862 23936 E ByteFlow: GLCameraRender::RenderVideoFrame pImage=0x6d25d395e0
01-23 17:56:43.355 23862 23936 E ByteFlow: NativeImageUtil::CopyNativeImage src[w,h,format]=[640, 480, 4], dst[w,h,format]=[640, 480, 4]
01-23 17:56:43.355 23862 23936 E ByteFlow: NativeImageUtil::CopyNativeImage src[line0,line1,line2]=[640, 320, 320], dst[line0,line1,line2]=[640, 320, 320]
01-23 17:56:43.355 23862 23935 D CameraRender: onDrawFrame() called with: gl = [com.google.android.gles_jni.GLImpl@e9afb1]
01-23 17:56:43.355 23862 23935 E ByteFlow: MediaRecorderContext::GetContext
01-23 17:56:43.356 23862 23935 E ByteFlow: GLCameraRender::OnDrawFrame [w, h]=[640, 480], format=4
01-23 17:56:43.356 23862 23935 E ByteFlow: GLCameraRender::UpdateExtTexture
01-23 17:56:43.356 23862 23935 E ByteFlow: GLCameraRender::UpdateMVPMatrix rotate 90,4.71,0.00000,0.00000,1.00000,1.00000,
01-23 17:56:43.357 23862 23935 E ByteFlow: GLCameraRender::GetRenderFrameFromFBO m_RenderFrameCallback=0x6cc8deef04
01-23 17:56:43.359 23862 23935 E ByteFlow: MediaRecorderContext::OnGLRenderFrame ctx=0x6d949951f0, pImage=0x6d25e43a90
01-23 17:56:43.361   684   684 V robin   : handlePageFlip
01-23 17:56:43.361   684   684 V robin   : performSetActiveConfig
01-23 17:56:43.363   684   684 V robin   : postComposition
01-23 17:56:43.421 23862 23936 D AVRecorderActivity: onPreviewFrame() called with: data = [[B@779193e], width = [640], height = [480]
01-23 17:56:43.421 23862 23936 D CameraRender: onPreviewFrame() called with: data = [[B@779193e], width = [640], height = [480]
01-23 17:56:43.422 23862 23936 E ByteFlow: MediaRecorderContext::GetContext
01-23 17:56:43.422 23862 23936 E ByteFlow: MediaRecorderContext::UpdateFrame format=4, width=640, height=480, pData=0x6d2257e040
01-23 17:56:43.422 23862 23936 E ByteFlow: GLCameraRender::RenderVideoFrame pImage=0x6d25d395e0
01-23 17:56:43.422 23862 23936 E ByteFlow: NativeImageUtil::CopyNativeImage src[w,h,format]=[640, 480, 4], dst[w,h,format]=[640, 480, 4]
01-23 17:56:43.422 23862 23936 E ByteFlow: NativeImageUtil::CopyNativeImage src[line0,line1,line2]=[640, 320, 320], dst[line0,line1,line2]=[640, 320, 320]
01-23 17:56:43.422 23862 23935 D CameraRender: onDrawFrame() called with: gl = [com.google.android.gles_jni.GLImpl@e9afb1]
01-23 17:56:43.422 23862 23935 E ByteFlow: MediaRecorderContext::GetContext
01-23 17:56:43.423 23862 23935 E ByteFlow: GLCameraRender::OnDrawFrame [w, h]=[640, 480], format=4
01-23 17:56:43.423 23862 23935 E ByteFlow: GLCameraRender::UpdateExtTexture
01-23 17:56:43.423 23862 23935 E ByteFlow: GLCameraRender::UpdateMVPMatrix rotate 90,4.71,0.00000,0.00000,1.00000,1.00000,
01-23 17:56:43.424 23862 23935 E ByteFlow: GLCameraRender::GetRenderFrameFromFBO m_RenderFrameCallback=0x6cc8deef04
01-23 17:56:43.426 23862 23935 E ByteFlow: MediaRecorderContext::OnGLRenderFrame ctx=0x6d949951f0, pImage=0x6d25e43a90
01-23 17:56:43.444   684   684 V robin   : handlePageFlip
01-23 17:56:43.445   684   684 V robin   : performSetActiveConfig
01-23 17:56:43.447   684   684 V robin   : postComposition
01-23 17:56:43.475 23862 23936 D AVRecorderActivity: onPreviewFrame() called with: data = [[B@834d39f], width = [640], height = [480]
01-23 17:56:43.476 23862 23936 D CameraRender: onPreviewFrame() called with: data = [[B@834d39f], width = [640], height = [480]
01-23 17:56:43.476 23862 23936 E ByteFlow: MediaRecorderContext::GetContext
01-23 17:56:43.476 23862 23936 E ByteFlow: MediaRecorderContext::UpdateFrame format=4, width=640, height=480, pData=0x6d2257e040
01-23 17:56:43.476 23862 23936 E ByteFlow: GLCameraRender::RenderVideoFrame pImage=0x6d25d395e0
01-23 17:56:43.476 23862 23936 E ByteFlow: NativeImageUtil::CopyNativeImage src[w,h,format]=[640, 480, 4], dst[w,h,format]=[640, 480, 4]
01-23 17:56:43.476 23862 23936 E ByteFlow: NativeImageUtil::CopyNativeImage src[line0,line1,line2]=[640, 320, 320], dst[line0,line1,line2]=[640, 320, 320]
01-23 17:56:43.476 23862 23935 D CameraRender: onDrawFrame() called with: gl = [com.google.android.gles_jni.GLImpl@e9afb1]
01-23 17:56:43.476 23862 23935 E ByteFlow: MediaRecorderContext::GetContext
01-23 17:56:43.477 23862 23935 E ByteFlow: GLCameraRender::OnDrawFrame [w, h]=[640, 480], format=4
01-23 17:56:43.477 23862 23935 E ByteFlow: GLCameraRender::UpdateExtTexture
01-23 17:56:43.477 23862 23935 E ByteFlow: GLCameraRender::UpdateMVPMatrix rotate 90,4.71,0.00000,0.00000,1.00000,1.00000,
01-23 17:56:43.478 23862 23935 E ByteFlow: GLCameraRender::GetRenderFrameFromFBO m_RenderFrameCallback=0x6cc8deef04
01-23 17:56:43.479  1516 26084 E GraphicBuffer: [GraphicBuffer:75] robin 
01-23 17:56:43.480  1516 26084 E GraphicBufferMapper: [getTransportSize:115] robin 
01-23 17:56:43.480  1516 26084 E Gralloc2: [getTransportSize:206] robin 
01-23 17:56:43.480 23862 23935 E ByteFlow: MediaRecorderContext::OnGLRenderFrame ctx=0x6d949951f0, pImage=0x6d25e43a90
01-23 17:56:43.494   684   684 V robin   : handlePageFlip
01-23 17:56:43.495   684   684 V robin   : performSetActiveConfig
01-23 17:56:43.498   684   684 V robin   : postComposition
01-23 17:56:43.512  1516 26084 E GraphicBuffer: [GraphicBuffer:75] robin 
01-23 17:56:43.512  1516 26084 E GraphicBufferMapper: [getTransportSize:115] robin 
01-23 17:56:43.512  1516 26084 E Gralloc2: [getTransportSize:206] robin 
01-23 17:56:43.527 23862 23936 D AVRecorderActivity: onPreviewFrame() called with: data = [[B@2f2bcec], width = [640], height = [480]
01-23 17:56:43.527 23862 23936 D CameraRender: onPreviewFrame() called with: data = [[B@2f2bcec], width = [640], height = [480]
01-23 17:56:43.527 23862 23936 E ByteFlow: MediaRecorderContext::GetContext
01-23 17:56:43.527 23862 23936 E ByteFlow: MediaRecorderContext::UpdateFrame format=4, width=640, height=480, pData=0x6d2257e040
01-23 17:56:43.527 23862 23936 E ByteFlow: GLCameraRender::RenderVideoFrame pImage=0x6d25d395e0
01-23 17:56:43.527 23862 23936 E ByteFlow: NativeImageUtil::CopyNativeImage src[w,h,format]=[640, 480, 4], dst[w,h,format]=[640, 480, 4]
01-23 17:56:43.528 23862 23936 E ByteFlow: NativeImageUtil::CopyNativeImage src[line0,line1,line2]=[640, 320, 320], dst[line0,line1,line2]=[640, 320, 320]
01-23 17:56:43.528   684   684 V robin   : handlePageFlip
01-23 17:56:43.528 23862 23935 D CameraRender: onDrawFrame() called with: gl = [com.google.android.gles_jni.GLImpl@e9afb1]
01-23 17:56:43.528 23862 23935 E ByteFlow: MediaRecorderContext::GetContext
01-23 17:56:43.528   684   684 V robin   : performSetActiveConfig
01-23 17:56:43.528 23862 23935 E ByteFlow: GLCameraRender::OnDrawFrame [w, h]=[640, 480], format=4
01-23 17:56:43.529 23862 23935 E ByteFlow: GLCameraRender::UpdateExtTexture
01-23 17:56:43.529 23862 23935 E ByteFlow: GLCameraRender::UpdateMVPMatrix rotate 90,4.71,0.00000,0.00000,1.00000,1.00000,
01-23 17:56:43.529 23862 23935 E ByteFlow: GLCameraRender::GetRenderFrameFromFBO m_RenderFrameCallback=0x6cc8deef04
01-23 17:56:43.530   684   684 V robin   : postComposition
01-23 17:56:43.531 23862 23935 E ByteFlow: MediaRecorderContext::OnGLRenderFrame ctx=0x6d949951f0, pImage=0x6d25e43a90
01-23 17:56:43.533  1516  2196 W WindowManager:   Force finishing activity com.byteflow.learnffmpeg/.AVRecorderActivity
01-23 17:56:43.533   684   737 E GraphicBuffer: [get:44] robin 
01-23 17:56:43.533  1516 26084 D OpenGLRenderer: endAllActiveAnimators on 0x6e34a0e750 (RippleDrawable) with handle 0x6d54a84530
01-23 17:56:43.534   684   737 E GraphicBuffer: [get:44] robin 
01-23 17:56:43.534   684   714 V robin   : duplicate layer name: changing Surface(name=dcb1288 StatusBar)/@0x9dfb658 - animation-leash to Surface(name=dcb1288 StatusBar)/@0x9dfb658 - animation-leash#1
01-23 17:56:43.535   684   714 E GraphicBuffer: [GraphicBuffer:75] robin 
01-23 17:56:43.537  1516  2196 W WindowManager:   Force finishing activity com.byteflow.learnffmpeg/.MainActivity
01-23 17:56:43.535   684   714 I chatty  : uid=1000(system) Binder:684_2 identical 4 lines
01-23 17:56:43.536   684   714 E GraphicBuffer: [GraphicBuffer:75] robin 
01-23 17:56:43.544   684   684 V robin   : handlePageFlip
01-23 17:56:43.545   684   714 E GraphicBuffer: [GraphicBuffer:75] robin 
01-23 17:56:43.545   684  2535 E GraphicBuffer: [GraphicBuffer:75] robin 
01-23 17:56:43.545   684  2535 I chatty  : uid=1000(system) Binder:684_5 identical 8 lines
01-23 17:56:43.545   684  2535 E GraphicBuffer: [GraphicBuffer:75] robin 
01-23 17:56:43.545   684   684 V robin   : performSetActiveConfig
01-23 17:56:43.546   684  2535 E GraphicBuffer: [GraphicBuffer:75] robin 
01-23 17:56:43.547  1516  2196 I ActivityManager: Killing 23862:com.byteflow.learnffmpeg/u0a44 (adj 0): crash
01-23 17:56:43.546   684  2535 I chatty  : uid=1000(system) Binder:684_5 identical 5 lines
01-23 17:56:43.546   684  2535 E GraphicBuffer: [GraphicBuffer:75] robin 
01-23 17:56:43.549   684   684 V robin   : postComposition
01-23 17:56:43.552   684  2535 E GraphicBuffer: [GraphicBuffer:75] robin 
01-23 17:56:43.552   684  2535 I chatty  : uid=1000(system) Binder:684_5 identical 9 lines
01-23 17:56:43.552   684  2535 E GraphicBuffer: [GraphicBuffer:75] robin 
01-23 17:56:43.558   684   714 E GraphicBuffer: [GraphicBuffer:75] robin 
01-23 17:56:43.558   684  2364 E GraphicBuffer: [GraphicBuffer:75] robin 
01-23 17:56:43.559   684  2364 I chatty  : uid=1000(system) Binder:684_4 identical 10 lines
01-23 17:56:43.561   684  2364 E GraphicBuffer: [GraphicBuffer:75] robin 
01-23 17:56:43.562   684   684 V robin   : handlePageFlip
01-23 17:56:43.562   684   684 V robin   : performSetActiveConfig
01-23 17:56:43.563   684  2364 E GraphicBuffer: [GraphicBuffer:75] robin 
01-23 17:56:43.563   684  2364 I chatty  : uid=1000(system) Binder:684_4 identical 5 lines
01-23 17:56:43.563   684  2364 E GraphicBuffer: [GraphicBuffer:75] robin 
01-23 17:56:43.563   684   714 E GraphicBuffer: [GraphicBuffer:75] robin 
01-23 17:56:43.563   684   714 E GraphicBuffer: [GraphicBuffer:75] robin 
01-23 17:56:43.564   684   684 V robin   : postComposition
01-23 17:56:43.565   684  2364 E GraphicBuffer: [GraphicBuffer:75] robin 
01-23 17:56:43.567   684  2364 V robin   : duplicate layer name: changing Surface(name=3f64e4b NavigationBar0)/@0xddfa3b1 - animation-leash to Surface(name=3f64e4b NavigationBar0)/@0xddfa3b1 - animation-leash#1
01-23 17:56:43.571   684  2535 E GraphicBuffer: [GraphicBuffer:75] robin 
01-23 17:56:43.571   684  2535 E GraphicBuffer: [GraphicBuffer:89] robin 
01-23 17:56:43.571   684  2535 E GraphicBuffer: [get:44] robin 
01-23 17:56:43.571   684  2364 E GraphicBuffer: [GraphicBuffer:75] robin 
01-23 17:56:43.571   684  2364 I chatty  : uid=1000(system) Binder:684_4 identical 10 lines
01-23 17:56:43.571   684  2364 E GraphicBuffer: [GraphicBuffer:75] robin 
01-23 17:56:43.571   684  2535 E GraphicBuffer: [initWithSize:191] robin 
01-23 17:56:43.571   684  2535 E GraphicBufferMapper: [getTransportSize:115] robin 
01-23 17:56:43.571   684  2535 E Gralloc2: [getTransportSize:206] robin 
01-23 17:56:43.572   684  2535 E GraphicBuffer: [GraphicBuffer:75] robin 
01-23 17:56:43.572   684  2535 E GraphicBuffer: [GraphicBuffer:89] robin 
01-23 17:56:43.572   684  2535 E GraphicBuffer: [get:44] robin 
01-23 17:56:43.572   684  2535 E GraphicBuffer: [initWithSize:191] robin 
01-23 17:56:43.572   684  2535 E GraphicBufferMapper: [getTransportSize:115] robin 
01-23 17:56:43.572   684  2535 E Gralloc2: [getTransportSize:206] robin 
01-23 17:56:43.572   684  2535 E GraphicBuffer: [GraphicBuffer:75] robin 
01-23 17:56:43.572   684  2535 E GraphicBuffer: [GraphicBuffer:89] robin 
01-23 17:56:43.572   684  2535 E GraphicBuffer: [get:44] robin 
01-23 17:56:43.573   684  2535 E GraphicBuffer: [initWithSize:191] robin 
01-23 17:56:43.573   684  2535 E GraphicBufferMapper: [getTransportSize:115] robin 
01-23 17:56:43.573   684  2535 E Gralloc2: [getTransportSize:206] robin 
01-23 17:56:43.575  1125 32084 E Camera3-OutputStream: getBufferLockedCommon: Stream 0: Can't dequeue next output buffer: Broken pipe (-32)
01-23 17:56:43.576   916 23970 W CHIUSECASE: RequestStreamBufferFromFwk: request failed due to error: 4
01-23 17:56:43.576   916 23970 W CHIUSECASE: RequestStreamBufferFromFwk: buffer_ret[0] error: 3
01-23 17:56:43.576   916 23970 I CHIUSECASE: Refill: StreamBufferCache for stream 0x7b14b65618 marked as abandoned.
01-23 17:56:43.577  2368  2856 E GraphicBuffer: [GraphicBuffer:75] robin 
01-23 17:56:43.577  2368  2856 E GraphicBufferMapper: [getTransportSize:115] robin 
01-23 17:56:43.577  2368  2856 E Gralloc2: [getTransportSize:206] robin 
01-23 17:56:43.197 32084 32084 E binder_alloc: 23862: binder_alloc_buf, no vma
01-23 17:56:43.197 32084 32084 I binder  : 1125:32084 transaction failed 29189/-3, size 112-0 line 3317
01-23 17:56:43.578   684   684 V robin   : handlePageFlip
01-23 17:56:43.578   684   684 V robin   : performSetActiveConfig
01-23 17:56:43.579   684  1447 E GraphicBuffer: [GraphicBuffer:75] robin 
01-23 17:56:43.580   684  1447 I chatty  : uid=1000(system) Binder:684_3 identical 6 lines
01-23 17:56:43.580   684  1447 E GraphicBuffer: [GraphicBuffer:75] robin 
01-23 17:56:43.580   684   713 E GraphicBuffer: [GraphicBuffer:75] robin 
01-23 17:56:43.580   684   713 E GraphicBuffer: [GraphicBuffer:75] robin 
01-23 17:56:43.582   684   684 V robin   : postComposition
01-23 17:56:43.582   684   714 E GraphicBuffer: [GraphicBuffer:75] robin 
01-23 17:56:43.582   684   737 E GraphicBuffer: [get:44] robin 
01-23 17:56:43.582   684  2535 E GraphicBuffer: [GraphicBuffer:75] robin 
01-23 17:56:43.582   684   737 E GraphicBuffer: [get:44] robin 
01-23 17:56:43.583   684   713 E GraphicBuffer: [GraphicBuffer:75] robin 
01-23 17:56:43.202 23201 23201 I binder  : undelivered TRANSACTION_COMPLETE
01-23 17:56:43.202 23201 23201 I binder  : undelivered transaction 1034807, process died.
01-23 17:56:43.202 23201 23201 I binder  : undelivered transaction 1034844, process died.
01-23 17:56:43.203 23201 23201 I binder  : undelivered transaction 1034865, process died.
01-23 17:56:43.205 23201 23201 I binder  : undelivered transaction 1034809, process died.
01-23 17:56:43.205 23201 23201 I binder  : undelivered transaction 1034822, process died.
01-23 17:56:43.583   684   713 I chatty  : uid=1000(system) Binder:684_1 identical 4 lines
01-23 17:56:43.583   684   713 E GraphicBuffer: [GraphicBuffer:75] robin 
01-23 17:56:43.586   898   898 I Zygote  : Process 23862 exited due to signal 9 (Killed)
01-23 17:56:43.587   684   714 E GraphicBuffer: [GraphicBuffer:75] robin 
01-23 17:56:43.588  1516 12396 I WindowManager: WIN DEATH: Window{573bbfb u0 com.byteflow.learnffmpeg/com.byteflow.learnffmpeg.MainActivity}
01-23 17:56:43.587   684   714 I chatty  : uid=1000(system) Binder:684_2 identical 9 lines
01-23 17:56:43.587   684   714 E GraphicBuffer: [GraphicBuffer:75] robin 
01-23 17:56:43.588  1516 12396 W InputDispatcher: Attempted to unregister already unregistered input channel '573bbfb com.byteflow.learnffmpeg/com.byteflow.learnffmpeg.MainActivity (server)'
01-23 17:56:43.589  1516  1707 I libprocessgroup: Successfully killed process cgroup uid 10044 pid 23862 in 37ms
01-23 17:56:43.590   684   714 E GraphicBuffer: [GraphicBuffer:75] robin 
01-23 17:56:43.593  1516  1959 I WindowManager: WIN DEATH: Window{f62935a u0 com.byteflow.learnffmpeg/com.byteflow.learnffmpeg.AVRecorderActivity}
01-23 17:56:43.590   684   714 I chatty  : uid=1000(system) Binder:684_2 identical 5 lines
01-23 17:56:43.590   684   714 E GraphicBuffer: [GraphicBuffer:75] robin 
01-23 17:56:43.593  1516  1959 W InputDispatcher: Attempted to unregister already unregistered input channel 'f62935a com.byteflow.learnffmpeg/com.byteflow.learnffmpeg.AVRecorderActivity (server)'
01-23 17:56:43.594   684   713 E GraphicBuffer: [GraphicBuffer:75] robin 
01-23 17:56:43.594   684   713 E GraphicBuffer: [GraphicBuffer:75] robin 
01-23 17:56:43.595   684  1447 E GraphicBuffer: [GraphicBuffer:75] robin 
01-23 17:56:43.595   684   684 V robin   : handlePageFlip
01-23 17:56:43.595   684   684 V robin   : performSetActiveConfig
01-23 17:56:43.596   684  1447 E GraphicBuffer: [GraphicBuffer:75] robin 
01-23 17:56:43.597  1516 13947 I WindowManager: WIN DEATH: Window{e89d58e u0 com.byteflow.learnffmpeg/com.byteflow.learnffmpeg.MainActivity}
01-23 17:56:43.596   684  1447 I chatty  : uid=1000(system) Binder:684_3 identical 6 lines
01-23 17:56:43.596   684  1447 E GraphicBuffer: [GraphicBuffer:75] robin 
01-23 17:56:43.597  1516 13947 W InputDispatcher: Attempted to unregister already unregistered input channel 'e89d58e com.byteflow.learnffmpeg/com.byteflow.learnffmpeg.MainActivity (server)'
01-23 17:56:43.599   684   684 V robin   : postComposition
01-23 17:56:43.599   684  1447 E GraphicBuffer: [GraphicBuffer:75] robin 
01-23 17:56:43.599   684  1447 I chatty  : uid=1000(system) Binder:684_3 identical 3 lines
01-23 17:56:43.599   684  1447 E GraphicBuffer: [GraphicBuffer:75] robin 
01-23 17:56:43.599   684   714 E GraphicBuffer: [GraphicBuffer:75] robin 
01-23 17:56:43.601   684  1447 E GraphicBuffer: [GraphicBuffer:75] robin 
01-23 17:56:43.603   684  1447 I chatty  : uid=1000(system) Binder:684_3 identical 9 lines
01-23 17:56:43.603   684  1447 E GraphicBuffer: [GraphicBuffer:75] robin 
01-23 17:56:43.606   684  2535 V robin   : duplicate layer name: changing Surface(name=dd52d47 InputMethod)/@0x7a84f12 - animation-leash to Surface(name=dd52d47 InputMethod)/@0x7a84f12 - animation-leash#1
01-23 17:56:43.607  1516  1672 W ActivityManager: setHasOverlayUi called on unknown pid: 23862
01-23 17:56:43.611   684  1447 E GraphicBuffer: [GraphicBuffer:75] robin 
01-23 17:56:43.611   684  1447 E GraphicBuffer: [GraphicBuffer:75] robin 
01-23 17:56:43.611   684   714 E GraphicBuffer: [GraphicBuffer:75] robin 
01-23 17:56:43.611   684   714 I chatty  : uid=1000(system) Binder:684_2 identical 8 lines
01-23 17:56:43.611   684   714 E GraphicBuffer: [GraphicBuffer:75] robin 
01-23 17:56:43.612   684   684 E GraphicBuffer: [get:44] robin 
01-23 17:56:43.613   684   684 V robin   : handlePageFlip
01-23 17:56:43.613   684   684 V robin   : performSetActiveConfig
01-23 17:56:43.614   684  2535 E GraphicBuffer: [GraphicBuffer:75] robin 
01-23 17:56:43.616   684   684 V robin   : postComposition
01-23 17:56:43.616   684   684 E GraphicBuffer: [get:44] robin 
01-23 17:56:43.617   684   684 E GraphicBuffer: [get:44] robin 
01-23 17:56:43.628   684  2535 E GraphicBuffer: [GraphicBuffer:75] robin 
01-23 17:56:43.628   684   684 V robin   : handlePageFlip
01-23 17:56:43.628   684  2535 E GraphicBuffer: [GraphicBuffer:75] robin 
01-23 17:56:43.628   684   684 V robin   : performSetActiveConfig
01-23 17:56:43.631   684   684 V robin   : postComposition
01-23 17:56:43.636   916  1544 I CHIUSECASE: RequestStreamBuffers: dummy buffer returned for stream 0x7b14b65618
01-23 17:56:43.636   916 23970 I CHIUSECASE: Refill: StreamBufferCache for stream 0x7b14b65618 has been abandoned. Can not refill cache any more.
01-23 17:56:43.650   684   684 V robin   : handlePageFlip
01-23 17:56:43.650   684  2535 E GraphicBuffer: [GraphicBuffer:75] robin 
01-23 17:56:43.650   684   684 V robin   : performSetActiveConfig
01-23 17:56:43.650   684  2535 E GraphicBuffer: [GraphicBuffer:75] robin 
01-23 17:56:43.653   684   684 V robin   : postComposition
01-23 17:56:43.667   684   684 V robin   : handlePageFlip
01-23 17:56:43.667   684  1447 E GraphicBuffer: [GraphicBuffer:75] robin 
01-23 17:56:43.667   684  1447 E GraphicBuffer: [GraphicBuffer:75] robin 
01-23 17:56:43.667   684   684 V robin   : performSetActiveConfig
01-23 17:56:43.670   684   684 V robin   : postComposition
01-23 17:56:43.683   684   684 V robin   : handlePageFlip
01-23 17:56:43.683   684  1447 E GraphicBuffer: [GraphicBuffer:75] robin 
01-23 17:56:43.684   684  1447 E GraphicBuffer: [GraphicBuffer:75] robin 
01-23 17:56:43.684   684   684 V robin   : performSetActiveConfig
01-23 17:56:43.686   684   684 V robin   : postComposition
01-23 17:56:43.690   916 23970 I CHIUSECASE: Refill: StreamBufferCache for stream 0x7b14b65618 has been abandoned. Can not refill cache any more.
01-23 17:56:43.690   916  1548 I CHIUSECASE: RequestStreamBuffers: dummy buffer returned for stream 0x7b14b65618
01-23 17:56:43.700   684   684 V robin   : handlePageFlip
01-23 17:56:43.700   684  1447 E GraphicBuffer: [GraphicBuffer:75] robin 
01-23 17:56:43.700   684  1447 E GraphicBuffer: [GraphicBuffer:75] robin 
01-23 17:56:43.700   684   684 V robin   : performSetActiveConfig
01-23 17:56:43.703   684   684 V robin   : postComposition
01-23 17:56:43.717   684   684 V robin   : handlePageFlip
01-23 17:56:43.717   684  1447 E GraphicBuffer: [GraphicBuffer:75] robin 
01-23 17:56:43.717   684  2535 E GraphicBuffer: [GraphicBuffer:75] robin 
01-23 17:56:43.717   684  2535 I chatty  : uid=1000(system) Binder:684_5 identical 1 line
01-23 17:56:43.717   684  2535 E GraphicBuffer: [GraphicBuffer:75] robin 
01-23 17:56:43.717   684   684 V robin   : performSetActiveConfig
01-23 17:56:43.718   684  2535 E GraphicBuffer: [GraphicBuffer:75] robin 
01-23 17:56:43.718   684  2535 E GraphicBuffer: [GraphicBuffer:75] robin 
01-23 17:56:43.719   684  1447 E GraphicBuffer: [GraphicBuffer:75] robin 
01-23 17:56:43.721   684  1447 I chatty  : uid=1000(system) Binder:684_3 identical 5 lines
01-23 17:56:43.721   684  1447 E GraphicBuffer: [GraphicBuffer:75] robin 
01-23 17:56:43.722   684   684 V robin   : postComposition
01-23 17:56:43.734   684   684 E GraphicBuffer: [get:44] robin 
01-23 17:56:43.734   684  2535 E GraphicBuffer: [GraphicBuffer:75] robin 
01-23 17:56:43.734   684  2535 I chatty  : uid=1000(system) Binder:684_5 identical 4 lines
01-23 17:56:43.734   684  2535 E GraphicBuffer: [GraphicBuffer:75] robin 
01-23 17:56:43.734   684   684 V robin   : handlePageFlip
01-23 17:56:43.735   684   684 V robin   : performSetActiveConfig
01-23 17:56:43.738   684   684 V robin   : postComposition
01-23 17:56:43.749   916  1548 I CHIUSECASE: RequestStreamBuffers: dummy buffer returned for stream 0x7b14b65618
01-23 17:56:43.749   916 23970 I CHIUSECASE: Refill: StreamBufferCache for stream 0x7b14b65618 has been abandoned. Can not refill cache any more.
01-23 17:56:43.750   684   684 V robin   : handlePageFlip
01-23 17:56:43.750   684   684 V robin   : performSetActiveConfig
01-23 17:56:43.753   684   684 V robin   : postComposition
01-23 17:56:43.807   916  1547 I CHIUSECASE: RequestStreamBuffers: dummy buffer returned for stream 0x7b14b65618
01-23 17:56:43.807   916 23970 I CHIUSECASE: Refill: StreamBufferCache for stream 0x7b14b65618 has been abandoned. Can not refill cache any more.
01-23 17:56:43.867   916 23970 I CHIUSECASE: Refill: StreamBufferCache for stream 0x7b14b65618 has been abandoned. Can not refill cache any more.
01-23 17:56:43.867   916  1548 I CHIUSECASE: RequestStreamBuffers: dummy buffer returned for stream 0x7b14b65618
01-23 17:56:43.879   916  1550 I CHIUSECASE: UpdateResultAndInflightRequests: all inflight requests have been processed. Notify stream buffer cache manager to flush.
01-23 17:56:43.880  1125  1913 I Camera3-Device: disconnectImpl: E
01-23 17:56:43.880  1125  1913 I CameraLatencyHistogram: ProcessCaptureRequest latency histogram (121) samples:
01-23 17:56:43.880  1125  1913 I CameraLatencyHistogram:        40     80    120    160    200    240    280    320    360    inf (max ms)
01-23 17:56:43.880  1125  1913 I CameraLatencyHistogram:      10.74   88.43   0.00   0.83   0.00   0.00   0.00   0.00   0.00   0.00 (%)
01-23 17:56:43.881   916 32069 D CHIUSECASE: ExtensionModule::ExtendClose
01-23 17:56:43.881   916 32069 D CameraThermalHAL: Stopping Thermal HAL Polling thread
01-23 17:56:43.881   916 23937 D CameraThermalHAL: Thermal HAL thread exiting ...
01-23 17:56:43.881   916 32069 D CHIUSECASE: ExtensionModule::TeardownOverrideSession Enter
01-23 17:56:43.882   916 32069 D CHIUSECASE: Usecase::DestroyObject 0x7c74c1a8e0
01-23 17:56:43.882   916 32069 D CamX    : [DEBUG][CORE   ] camxsession.cpp:353 Destroy() Destroying session 0x7a147e3040
01-23 17:56:43.882   916 32069 D CamX    : [DEBUG][CORE   ] camxsession.cpp:302 Flush() flush is happening for session 0x7a147e3040; we will wait till all results are available
01-23 17:56:43.882   916 32069 D CamX    : [DEBUG][CORE   ] camxsession.cpp:338 Flush() Flush is done
01-23 17:56:43.507 32069 32069 I CPU5    : update max cpu_capacity 1024
01-23 17:56:43.508 32069 32069 I CAM_INFO: CAM-ISP: cam_vfe_bus_process_cmd: 2856 Mask off bus error irq handler
01-23 17:56:43.508 32069 32069 I CAM_INFO: CAM-ISP: cam_vfe_bus_process_cmd: 2856 Mask off bus error irq handler
01-23 17:56:43.516 32069 32069 I CAM_INFO: CAM-SENSOR: cam_sensor_driver_cmd: 983 CAM_STOP_DEV Success, sensor_id:0x0,sensor_slave_addr:0x34
01-23 17:56:43.896   916 32069 D CamX    : [DEBUG][CORE   ] camxsession.cpp:537 Destroy() Done destroying the session
01-23 17:56:43.896   916 32069 D CamX    : [DEBUG][CORE   ] camxsession.cpp:88 ~Session() Session::~Session 0x7a147e3040
01-23 17:56:43.896   933   933 I sensors-hal: batch_physical_sensor:285, android.sensor.gyroscope/41, period=5000000, max_latency=0
01-23 17:56:43.897   933   933 I sensors-hal: batch_physical_sensor:296, android.sensor.gyroscope/41, period=5000000, max_latency=0 request completed
01-23 17:56:43.899   933  1024 D VSC     : @ 497628.367: [Gravity Sensor] Stop accel
01-23 17:56:43.900   684  2535 E GraphicBuffer: [GraphicBuffer:75] robin 
01-23 17:56:43.900   684  2535 I chatty  : uid=1000(system) Binder:684_5 identical 4 lines
01-23 17:56:43.900   684  2535 E GraphicBuffer: [GraphicBuffer:75] robin 
01-23 17:56:43.901   933   933 I sensors-hal: batch_physical_sensor:285, com.google.sensor.camera_vsync/11051, period=5000000, max_latency=0
01-23 17:56:43.901   933   933 I sensors-hal: batch_physical_sensor:296, com.google.sensor.camera_vsync/11051, period=5000000, max_latency=0 request completed
01-23 17:56:43.901   933  1024 D VSC     : @ 497628.368: [Gravity Sensor] Stop gyro
01-23 17:56:43.901   916 32069 I GoogSensorSync: ~GoogSensorSync 72 Total failure/sync for camera 0: 0/121
01-23 17:56:43.534     0     0 I event_handler: reclaimed all bufs
01-23 17:56:43.917   684   684 V robin   : handlePageFlip
01-23 17:56:43.917   684   684 V robin   : performSetActiveConfig
01-23 17:56:43.537 23960 23960 I afe_close: port_id = 0x4003
01-23 17:56:43.919   684   684 V robin   : postComposition
01-23 17:56:43.920   933  1024 D ASH     : @ 497628.388: SensorType 195 resampler quality 2
01-23 17:56:43.926   916 23960 I native  : flicker_wrapper.cc:108 FlickerDestroy
01-23 17:56:43.927   916 23960 I native  : timer_utils.cc:191 Thread ID: 3221
01-23 17:56:43.927   916 23960 I native  : FlickerDetect Initialize total: 0.039000 ms, count: 1, average: 0.039000 ms
01-23 17:56:43.927   916 23960 I native  : FlickerDetect RunFFT total: 0.599000 ms, count: 8, average: 0.074875 ms
01-23 17:56:43.927   916 23960 I native  : FlickerDetect ComputePeaks total: 0.240000 ms, count: 8, average: 0.030000 ms
01-23 17:56:43.927   916 23960 I native  : 
01-23 17:56:43.927   916 23960 I native  : Thread ID: 1384
01-23 17:56:43.927   916 23960 I native  : FlickerDetect Initialize total: 0.042000 ms, count: 1, average: 0.042000 ms
01-23 17:56:43.927   916 23960 I native  : FlickerDetect RunFFT total: 0.098000 ms, count: 1, average: 0.098000 ms
01-23 17:56:43.927   916 23960 I native  : FlickerDetect ComputePeaks total: 0.043000 ms, count: 1, average: 0.043000 ms
01-23 17:56:43.927   916 23960 I native  : 
01-23 17:56:43.927   916 23960 I native  : Thread ID: 32300
01-23 17:56:43.927   916 23960 I native  : FlickerDetect Initialize total: 0.039000 ms, count: 1, average: 0.039000 ms
01-23 17:56:43.927   916 23960 I native  : FlickerDetect RunFFT total: 0.143000 ms, count: 3, average: 0.047667 ms
01-23 17:56:43.927   916 23960 I native  : FlickerDetect ComputePeaks total: 0.052000 ms, count: 3, average: 0.017333 ms
01-23 17:56:43.927   916 23960 I native  : 
01-23 17:56:43.927   916 23960 I native  : Thread ID: 3008
01-23 17:56:43.927   916 23960 I native  : FlickerDetect Initialize total: 0.041000 ms, count: 1, average: 0.041000 ms
01-23 17:56:43.927   916 23960 I native  : FlickerDetect RunFFT total: 0.047000 ms, count: 1, average: 0.047000 ms
01-23 17:56:43.927   916 23960 I native  : FlickerDetect ComputePeaks total: 0.017000 ms, count: 1, average: 0.017000 ms
01-23 17:56:43.927   916 23960 I native  : 
01-23 17:56:43.927   916 23960 I native  : Thread ID: 15424
01-23 17:56:43.927   916 23960 I native  : FlickerDetect Initialize total: 0.040000 ms, count: 1, average: 0.040000 ms
01-23 17:56:43.927   916 23960 I native  : FlickerDetect RunFFT total: 0.057000 ms, count: 1, average: 0.057000 ms
01-23 17:56:43.927   916 23960 I native  : FlickerDetect ComputePeaks total: 0.018000 ms, count: 1, average: 0.018000 ms
01-23 17:56:43.927   916 23960 I native  : 
01-23 17:56:43.927   916 23960 I native  : Thread ID: 23257
01-23 17:56:43.927   916 23960 I native  : FlickerDetect Initialize total: 0.040000 ms, count: 1, average: 0.040000 ms
01-23 17:56:43.927   916 23960 I native  : FlickerDetect RunFFT total: 0.102000 ms, count: 2, average: 0.051000 ms
01-23 17:56:43.927   916 23960 I native  : FlickerDetect ComputePeaks total: 0.036000 ms, count: 2, average: 0.018000 ms
01-23 17:56:43.927   916 23960 I native  : 
01-23 17:56:43.927   916 23960 I native  : Thread ID: 32062
01-23 17:56:43.927   916 23960 I native  : FlickerDetect Initialize total: 0.050000 ms, count: 1, average: 0.050000 ms
01-23 17:56:43.927   916 23960 I native  : FlickerDetect RunFFT total: 0.156000 ms, count: 3, average: 0.052000 ms
01-23 17:56:43.927   916 23960 I native  : FlickerDetect ComputePeaks total: 0.055000 ms, count: 3, average: 0.018333 ms
01-23 17:56:43.927   916 23960 I native  : 
01-23 17:56:43.927   916 23960 I native  : Thread ID: 21255
01-23 17:56:43.927   916 23960 I native  : FlickerDetect Initialize total: 0.040000 ms, count: 1, average: 0.040000 ms
01-23 17:56:43.927   916 23960 I native  : FlickerDetect RunFFT total: 0.052000 ms, count: 1, average: 0.052000 ms
01-23 17:56:43.927   916 23960 I native  : FlickerDetect ComputePeaks total: 0.018000 ms, count: 1, average: 0.018000 ms
01-23 17:56:43.927   916 23960 I native  : 
01-23 17:56:43.927   916 23960 I native  : Thread ID: 4003
01-23 17:56:43.927   916 23960 I native  : FlickerDetect Initialize total: 0.040000 ms, count: 1, average: 0.040000 ms
01-23 17:56:43.927   916 23960 I native  : FlickerDetect RunFFT total: 2.890000 ms, count: 33, average: 0.087576 ms
01-23 17:56:43.927   916 23960 I native  : FlickerDetect ComputePeaks total: 1.005000 ms, count: 33, average: 0.030455 ms
01-23 17:56:43.927   916 23960 I native  : 
01-23 17:56:43.927   916 23960 I native  : Thread ID: 12812
01-23 17:56:43.927   916 23960 I native  : FlickerDetect Initialize total: 0.040000 ms, count: 1, average: 0.040000 ms
01-23 17:56:43.927   916 23960 I native  : FlickerDetect RunFFT total: 0.039000 ms, count: 1, average: 0.039000 ms
01-23 17:56:43.927   916 23960 I native  : FlickerDetect ComputePeaks total: 0.018000 ms, count: 1, average: 0.018000 ms
01-23 17:56:43.927   916 23960 I native  : 
01-23 17:56:43.927   916 23960 I native  : Thread ID: 18209
01-23 17:56:43.927   916 23960 I native  : FlickerDetect Initialize total: 0.039000 ms, count: 1, average: 0.039000 ms
01-23 17:56:43.927   916 23960 I native  : FlickerDetect RunFFT total: 0.040000 ms, count: 1, average: 0.040000 ms
01-23 17:56:43.927   916 23960 I native  : FlickerDetect ComputePeaks total: 0.018000 ms, count: 1, average: 0.018000 ms
01-23 17:56:43.927   916 23960 I native  : 
01-23 17:56:43.927   916 23960 I native  : Thread ID: 1556
01-23 17:56:43.927   916 23960 I native  : FlickerDetect Initialize total: 0.040000 ms, count: 1, average: 0.040000 ms
01-23 17:56:43.927   916 23960 I native  : FlickerDetect RunFFT total: 0.183000 ms, count: 3, average: 0.061000 ms
01-23 17:56:43.927   916 23960 I native  : FlickerDetect ComputePeaks total: 0.066000 ms, count: 3, average: 0.022000 ms
01-23 17:56:43.927   916 23960 I native  : 
01-23 17:56:43.927   916 23960 I native  : Thread ID: 23960
01-23 17:56:43.927   916 23960 I native  : FlickerDetect Initialize total: 0.054000 ms, count: 1, average: 0.054000 ms
01-23 17:56:43.927   916 23960 I native  : FlickerDetect RunFFT total: 0.096000 ms, count: 2, average: 0.048000 ms
01-23 17:56:43.927   916 23960 I native  : FlickerDetect ComputePeaks total: 0.039000 ms, count: 2, average: 0.019500 ms
01-23 17:56:43.927   916 23960 I native  : 
01-23 17:56:43.927   916 23960 I native  : Thread ID: 16967
01-23 17:56:43.927   916 23960 I native  : FlickerDetect Initialize total: 0.040000 ms, count: 1, average: 0.040000 ms
01-23 17:56:43.927   916 23960 I native  : FlickerDetect RunFFT total: 0.062000 ms, count: 1, average: 0.062000 ms
01-23 17:56:43.927   916 23960 I native  : FlickerDetect ComputePeaks total: 0.020000 ms, count: 1, average: 0.020000 ms
01-23 17:56:43.927   916 23960 I native  : 
01-23 17:56:43.927   916 23960 I native  : Thread ID: 2105
01-23 17:56:43.927   916 23960 I native  : FlickerDetect Initialize total: 0.040000 ms, count: 1, average: 0.040000 ms
01-23 17:56:43.927   916 23960 I native  : FlickerDetect RunFFT total: 0.053000 ms, count: 1, average: 0.053000 ms
01-23 17:56:43.927   916 23960 I native  : FlickerDetect ComputePeaks total: 0.019000 ms, count: 1, average: 0.019000 ms
01-23 17:56:43.927   916 23960 I native  : 
01-23 17:56:43.927   916 23960 I native  : Thread ID: 14180
01-23 17:56:43.927   916 23960 I native  : FlickerDetect Initialize total: 0.041000 ms, count: 1, average: 0.041000 ms
01-23 17:56:43.927   916 23960 I native  : FlickerDetect RunFFT total: 0.042000 ms, count: 1, average: 0.042000 ms
01-23 17:56:43.927   916 23960 I native  : FlickerDetect ComputePeaks total: 0.017000 ms, count: 1, average: 0.017000 ms
01-23 17:56:43.927   916 23960 I native  : 
01-23 17:56:43.927   916 23960 I native  : Thread ID: 23705
01-23 17:56:43.927   916 23960 I native  : FlickerDetect Initialize total: 0.041000 ms, count: 1, average: 0.041000 ms
01-23 17:56:43.927   916 23960 I native  : FlickerDetect RunFFT total: 0.065000 ms, count:
01-23 17:56:43.927   916 23960 I native  : flicker_wrapper.cc:111 flicker_obj deleted.
01-23 17:56:43.549 32069 32069 I CAM_INFO: CAM-SENSOR: msm_cam_sensor_handle_reg_gpio: 1392 Input Parameters are not proper
01-23 17:56:43.549 32069 32069 I CAM_INFO: CAM-SENSOR: cam_sensor_util_request_gpio_table: 754 No GPIO data
01-23 17:56:43.549 32069 32069 I CAM_INFO: CAM-SENSOR: clearRearVCMInitDownload: 758 [LTC] clear isRearVCMInitDownload
01-23 17:56:43.549 32069 32069 I CAM_INFO: CAM-OIS: cam_ois_stop_shift_reader: 602 Successfully stopped OIS shift reader.
01-23 17:56:43.549 32069 32069 I CAM_INFO: CAM-SENSOR: msm_cam_sensor_handle_reg_gpio: 1392 Input Parameters are not proper
01-23 17:56:43.549 32069 32069 I CAM_INFO: CAM-SENSOR: cam_sensor_util_request_gpio_table: 754 No GPIO data
01-23 17:56:43.932   916 32069 I android.hardware.camera.provider@2.4-service_64: [GOOG_STATS] Calling PDLibDestroy in QC library
01-23 17:56:43.554 32069 32069 I CAM_INFO: CAM-SENSOR: cam_sensor_driver_cmd: 911 CAM_RELEASE_DEV Success, sensor_id:0x0,sensor_slave_addr:0x34
01-23 17:56:43.935   916 32069 I goog_warping: Destroy
01-23 17:56:43.936   933   933 I sensors-hal: activate_physical_sensor:220, android.sensor.gyroscope/41 en=0
01-23 17:56:43.937   933   933 I sensors-hal: activate_physical_sensor:233, android.sensor.gyroscope/41 en=0 completed
01-23 17:56:43.937   916 23947 I GoogleFDNode: EnsembleStateLoop: [FD] Closing Ensemble in Google FD Node.
01-23 17:56:44.054   916 32069 D CamX    : [DEBUG][CORE   ] camxsession.cpp:353 Destroy() Destroying session 0x7a0dde7040
01-23 17:56:44.054   916 32069 D CamX    : [DEBUG][CORE   ] camxsession.cpp:302 Flush() flush is happening for session 0x7a0dde7040; we will wait till all results are available
01-23 17:56:44.054   916 32069 D CamX    : [DEBUG][CORE   ] camxsession.cpp:338 Flush() Flush is done
01-23 17:56:44.054   916 23973 I GOOGLE_CHINODE_HDRPLUS: MonitorEaselThermalState: Closing Easel monitor thread.
01-23 17:56:44.056   916 32069 D CamX    : [DEBUG][CORE   ] camxsession.cpp:537 Destroy() Done destroying the session
